TB3E8 000:001.238   SEGGER J-Link V9.14a Log File
TB3E8 000:001.342   DLL Compiled: Jan 28 2026 17:11:52
TB3E8 000:001.347   Logging started @ 2026-05-10 14:25
TB3E8 000:001.352   Process: C:\Users\jerry\.eclipse\com.renesas.platform_1690616020\DebugComp\RA\e2-server-gdb.exe
TB3E8 000:001.363 - 1.358ms 
TB3E8 000:001.375 JLINK_GetDLLVersion()
TB3E8 000:001.380 - 0.005ms returns 91401
TB3E8 000:003.529 JLINK_OpenEx(...)
TB3E8 000:019.129   Firmware: J-Link OB-RA4M2-Full compiled Mar 26 2026 10:31:50
TB3E8 000:028.077   Firmware: J-Link OB-RA4M2-Full compiled Mar 26 2026 10:31:50
TB3E8 000:052.932   Hardware: V1.00
TB3E8 000:052.961   S/N: 24060501
TB3E8 000:052.969   OEM: SEGGER
TB3E8 000:052.976   Feature(s): GDB, FlashDL, FlashBP, JFlash, RDI
TB3E8 000:061.966   Bootloader: 2021 May 14
TB3E8 000:067.956   USB speed mode: Full speed (12 MBit/s)
TB3E8 000:071.118   TELNET listener socket opened on port 19021
TB3E8 000:071.264   WEBSRV WEBSRV_Init(): Starting webserver thread(s)
TB3E8 000:071.482   WEBSRV Webserver running on local port 19080
TB3E8 000:071.597   Looking for J-Link GUI Server exe at: C:\Users\jerry\.eclipse\com.renesas.platform_1690616020\DebugComp\RA\ARM\Segger_v9.14.1\JLinkGUIServer.exe
TB3E8 000:071.674   Looking for J-Link GUI Server exe at: d:\Program Files\SEGGER\JLink_V940\JLinkGUIServer.exe
TB3E8 000:071.688   Forking J-Link GUI Server: d:\Program Files\SEGGER\JLink_V940\JLinkGUIServer.exe
TB3E8 000:108.172   J-Link GUI Server info: "J-Link GUI server V9.40 "
TB3E8 000:126.177 - 122.643ms returns "O.K."
TB3E8 000:126.306 JLINK_TIF_Select(JLINKARM_TIF_SWD)
TB3E8 000:137.888 - 11.581ms returns 0x00
TB3E8 000:137.912 JLINK_ClrRESET()
TB3E8 000:143.989 - 6.075ms 
TB3E8 000:194.458 JLINK_SetSpeed(1500)
TB3E8 000:196.894 - 2.445ms 
TB3E8 000:196.910 JLINK_CORESIGHT_Configure(PerformTIFInit=0)
TB3E8 000:200.165 - 3.257ms returns 0
TB3E8 000:200.186 JLINK_CORESIGHT_ReadAPDPReg(DP reg 0x00)
TB3E8 000:203.211   Value=0x6BA02477
TB3E8 000:203.226 - 3.041ms returns 0
TB3E8 000:203.283 JLINK_CORESIGHT_WriteAPDPReg(DP reg 0x00, 0x0000001F)
TB3E8 000:206.023 - 2.739ms returns 0
TB3E8 000:206.032 JLINK_CORESIGHT_ReadAPDPReg(DP reg 0x00)
TB3E8 000:209.024   Value=0x6BA02477
TB3E8 000:209.040 - 3.007ms returns 0
TB3E8 000:209.048 JLINK_CORESIGHT_WriteAPDPReg(DP reg 0x02, 0x00000000)
TB3E8 000:212.012 - 2.964ms returns 0
TB3E8 000:212.024 JLINK_CORESIGHT_WriteAPDPReg(DP reg 0x01, 0x50000000)
TB3E8 000:215.014 - 2.990ms returns 0
TB3E8 000:215.028 JLINK_CORESIGHT_ReadAPDPReg(DP reg 0x01)
TB3E8 000:218.031   Value=0xF0000040
TB3E8 000:218.044 - 3.015ms returns 0
TB3E8 000:218.051 JLINK_CORESIGHT_WriteAPDPReg(DP reg 0x00, 0x0000001F)
TB3E8 000:221.017 - 2.965ms returns 0
TB3E8 000:221.029 JLINK_CORESIGHT_ReadAPDPReg(DP reg 0x00)
TB3E8 000:224.039   Value=0x6BA02477
TB3E8 000:224.054 - 3.025ms returns 0
TB3E8 000:224.062 JLINK_CORESIGHT_WriteAPDPReg(DP reg 0x01, 0x54000000)
TB3E8 000:227.019 - 2.956ms returns 0
TB3E8 000:227.033 JLINK_CORESIGHT_WriteAPDPReg(DP reg 0x01, 0x50000F00)
TB3E8 000:230.023 - 2.989ms returns 0
TB3E8 000:230.043 JLINK_CORESIGHT_WriteAPDPReg(DP reg 0x02, 0x01000000)
TB3E8 000:233.059 - 3.015ms returns 0
TB3E8 000:233.080 JLINK_CORESIGHT_WriteAPDPReg(AP reg 0x00, 0x80000002)
TB3E8 000:236.055 - 2.975ms returns 0
TB3E8 000:236.072 JLINK_CORESIGHT_WriteAPDPReg(AP reg 0x01, 0x80011100)
TB3E8 000:239.017 - 2.945ms returns 0
TB3E8 000:239.041 JLINK_CORESIGHT_WriteAPDPReg(AP reg 0x03, 0x000000A5)
TB3E8 000:242.020 - 2.979ms returns 0
TB3E8 000:242.041 JLINK_CORESIGHT_WriteAPDPReg(AP reg 0x00, 0x80000002)
TB3E8 000:245.016 - 2.975ms returns 0
TB3E8 000:245.035 JLINK_CORESIGHT_WriteAPDPReg(AP reg 0x01, 0x80011100)
TB3E8 000:248.025 - 2.990ms returns 0
TB3E8 000:248.044 JLINK_CORESIGHT_ReadAPDPReg(AP reg 0x03)
TB3E8 000:251.067   Value=0x000000A5
TB3E8 000:251.077 - 3.033ms returns 0
TB3E8 000:251.089 JLINK_ClrTMS()
TB3E8 000:253.891 - 2.801ms 
TB3E8 000:259.347 JLINK_SetTCK()
TB3E8 000:261.902 - 2.554ms returns 0
TB3E8 000:267.458 JLINK_SetRESET()
TB3E8 000:269.892 - 2.434ms 
TB3E8 000:470.445 JLINK_CORESIGHT_WriteAPDPReg(AP reg 0x00, 0x80000002)
TB3E8 000:473.097 - 2.651ms returns 0
TB3E8 000:473.125 JLINK_CORESIGHT_WriteAPDPReg(AP reg 0x01, 0x80011100)
TB3E8 000:476.068 - 2.942ms returns 0
TB3E8 000:476.098 JLINK_CORESIGHT_ReadAPDPReg(AP reg 0x03)
TB3E8 000:479.092   Value=0x00000000
TB3E8 000:479.105 - 3.007ms returns 0
TB3E8 000:479.114 JLINK_CORESIGHT_WriteAPDPReg(AP reg 0x00, 0x80000002)
TB3E8 000:482.027 - 2.912ms returns 0
TB3E8 000:482.045 JLINK_CORESIGHT_WriteAPDPReg(AP reg 0x01, 0x80011140)
TB3E8 000:485.028 - 2.983ms returns 0
TB3E8 000:485.044 JLINK_CORESIGHT_ReadAPDPReg(AP reg 0x03)
TB3E8 000:488.100   Value=0x00000002
TB3E8 000:488.114 - 3.070ms returns 0
TB3E8 000:488.130 JLINK_CORESIGHT_WriteAPDPReg(AP reg 0x00, 0x80000002)
TB3E8 000:491.054 - 2.924ms returns 0
TB3E8 000:491.083 JLINK_CORESIGHT_WriteAPDPReg(AP reg 0x01, 0x80011120)
TB3E8 000:494.045 - 2.962ms returns 0
TB3E8 000:494.066 JLINK_CORESIGHT_WriteAPDPReg(AP reg 0x03, 0x00000055)
TB3E8 000:497.025 - 2.959ms returns 0
TB3E8 000:497.040 JLINK_CORESIGHT_WriteAPDPReg(AP reg 0x00, 0x80000002)
TB3E8 000:500.038 - 2.998ms returns 0
TB3E8 000:500.057 JLINK_CORESIGHT_WriteAPDPReg(AP reg 0x01, 0x80011140)
TB3E8 000:503.047 - 2.989ms returns 0
TB3E8 000:503.067 JLINK_CORESIGHT_ReadAPDPReg(AP reg 0x03)
TB3E8 000:506.185   Value=0x00000002
TB3E8 000:506.210 - 3.142ms returns 0
TB3E8 000:506.232 JLINK_CORESIGHT_ReadAPDPReg(AP reg 0x03)
TB3E8 000:509.094   Value=0x00000002
TB3E8 000:509.110 - 2.879ms returns 0
TB3E8 000:509.126 JLINK_CORESIGHT_ReadAPDPReg(AP reg 0x03)
TB3E8 000:512.118   Value=0x00000000
TB3E8 000:512.134 - 3.008ms returns 0
TB3E8 000:512.196 JLINK_CORESIGHT_WriteAPDPReg(AP reg 0x00, 0x80000002)
TB3E8 000:515.033 - 2.837ms returns 0
TB3E8 000:515.043 JLINK_CORESIGHT_WriteAPDPReg(AP reg 0x01, 0x80011130)
TB3E8 000:518.066 - 3.022ms returns 0
TB3E8 000:518.080 JLINK_CORESIGHT_ReadAPDPReg(AP reg 0x03)
TB3E8 000:521.132   Value=0x000000C6
TB3E8 000:521.145 - 3.065ms returns 0
TB3E8 000:521.167 JLINK_CORESIGHT_WriteAPDPReg(AP reg 0x00, 0x80000002)
TB3E8 000:524.057 - 2.889ms returns 0
TB3E8 000:524.071 JLINK_CORESIGHT_WriteAPDPReg(AP reg 0x01, 0x80011140)
TB3E8 000:527.055 - 2.983ms returns 0
TB3E8 000:527.069 JLINK_CORESIGHT_ReadAPDPReg(AP reg 0x03)
TB3E8 000:530.105   Value=0x00000002
TB3E8 000:530.119 - 3.049ms returns 0
TB3E8 000:530.127 JLINK_CORESIGHT_WriteAPDPReg(AP reg 0x00, 0x80000002)
TB3E8 000:533.058 - 2.929ms returns 0
TB3E8 000:533.079 JLINK_CORESIGHT_WriteAPDPReg(AP reg 0x01, 0x80011120)
TB3E8 000:536.047 - 2.967ms returns 0
TB3E8 000:536.065 JLINK_CORESIGHT_WriteAPDPReg(AP reg 0x03, 0x3A010001)
TB3E8 000:539.043 - 2.977ms returns 0
TB3E8 000:539.075 JLINK_CORESIGHT_WriteAPDPReg(AP reg 0x00, 0x80000002)
TB3E8 000:542.079 - 3.004ms returns 0
TB3E8 000:542.104 JLINK_CORESIGHT_WriteAPDPReg(AP reg 0x01, 0x80011140)
TB3E8 000:545.037 - 2.932ms returns 0
TB3E8 000:545.058 JLINK_CORESIGHT_ReadAPDPReg(AP reg 0x03)
TB3E8 000:548.101   Value=0x00000002
TB3E8 000:548.115 - 3.057ms returns 0
TB3E8 000:548.130 JLINK_CORESIGHT_WriteAPDPReg(AP reg 0x00, 0x80000002)
TB3E8 000:551.037 - 2.907ms returns 0
TB3E8 000:551.058 JLINK_CORESIGHT_WriteAPDPReg(AP reg 0x01, 0x80011120)
TB3E8 000:554.034 - 2.976ms returns 0
TB3E8 000:554.047 JLINK_CORESIGHT_WriteAPDPReg(AP reg 0x03, 0x000003C5)
TB3E8 000:557.093 - 3.045ms returns 0
TB3E8 000:557.113 JLINK_CORESIGHT_WriteAPDPReg(AP reg 0x00, 0x80000002)
TB3E8 000:560.045 - 2.932ms returns 0
TB3E8 000:560.066 JLINK_CORESIGHT_WriteAPDPReg(AP reg 0x01, 0x80011140)
TB3E8 000:563.039 - 2.973ms returns 0
TB3E8 000:563.058 JLINK_CORESIGHT_ReadAPDPReg(AP reg 0x03)
TB3E8 000:566.116   Value=0x00000000
TB3E8 000:566.131 - 3.072ms returns 0
TB3E8 000:566.144 JLINK_CORESIGHT_WriteAPDPReg(AP reg 0x00, 0x80000002)
TB3E8 000:569.059 - 2.915ms returns 0
TB3E8 000:569.078 JLINK_CORESIGHT_WriteAPDPReg(AP reg 0x01, 0x80011130)
TB3E8 000:572.033 - 2.955ms returns 0
TB3E8 000:572.046 JLINK_CORESIGHT_ReadAPDPReg(AP reg 0x03)
TB3E8 000:575.146   Value=0x3A2A0081
TB3E8 000:575.163 - 3.116ms returns 0
TB3E8 000:575.177 JLINK_CORESIGHT_WriteAPDPReg(AP reg 0x00, 0x80000002)
TB3E8 000:578.052 - 2.875ms returns 0
TB3E8 000:578.072 JLINK_CORESIGHT_WriteAPDPReg(AP reg 0x01, 0x80011140)
TB3E8 000:581.059 - 2.986ms returns 0
TB3E8 000:581.089 JLINK_CORESIGHT_ReadAPDPReg(AP reg 0x03)
TB3E8 000:584.105   Value=0x00000000
TB3E8 000:584.122 - 3.033ms returns 0
TB3E8 000:584.137 JLINK_CORESIGHT_WriteAPDPReg(AP reg 0x00, 0x80000002)
TB3E8 000:587.053 - 2.916ms returns 0
TB3E8 000:587.077 JLINK_CORESIGHT_WriteAPDPReg(AP reg 0x01, 0x80011130)
TB3E8 000:590.068 - 2.991ms returns 0
TB3E8 000:590.090 JLINK_CORESIGHT_ReadAPDPReg(AP reg 0x03)
TB3E8 000:593.103   Value=0x808D5B00
TB3E8 000:593.118 - 3.027ms returns 0
TB3E8 000:593.132 JLINK_CORESIGHT_WriteAPDPReg(AP reg 0x00, 0x80000002)
TB3E8 000:596.080 - 2.947ms returns 0
TB3E8 000:596.113 JLINK_CORESIGHT_WriteAPDPReg(AP reg 0x01, 0x80011140)
TB3E8 000:599.070 - 2.956ms returns 0
TB3E8 000:599.101 JLINK_CORESIGHT_ReadAPDPReg(AP reg 0x03)
TB3E8 000:602.153   Value=0x00000000
TB3E8 000:602.187 - 3.086ms returns 0
TB3E8 000:602.212 JLINK_CORESIGHT_WriteAPDPReg(AP reg 0x00, 0x80000002)
TB3E8 000:605.133 - 2.921ms returns 0
TB3E8 000:605.162 JLINK_CORESIGHT_WriteAPDPReg(AP reg 0x01, 0x80011130)
TB3E8 000:608.063 - 2.901ms returns 0
TB3E8 000:608.086 JLINK_CORESIGHT_ReadAPDPReg(AP reg 0x03)
TB3E8 000:611.108   Value=0x0406070A
TB3E8 000:611.122 - 3.036ms returns 0
TB3E8 000:611.135 JLINK_CORESIGHT_WriteAPDPReg(AP reg 0x00, 0x80000002)
TB3E8 000:614.040 - 2.904ms returns 0
TB3E8 000:614.059 JLINK_CORESIGHT_WriteAPDPReg(AP reg 0x01, 0x80011140)
TB3E8 000:617.036 - 2.977ms returns 0
TB3E8 000:617.053 JLINK_CORESIGHT_ReadAPDPReg(AP reg 0x03)
TB3E8 000:620.115   Value=0x00000000
TB3E8 000:620.128 - 3.074ms returns 0
TB3E8 000:620.141 JLINK_CORESIGHT_WriteAPDPReg(AP reg 0x00, 0x80000002)
TB3E8 000:623.093 - 2.951ms returns 0
TB3E8 000:623.114 JLINK_CORESIGHT_WriteAPDPReg(AP reg 0x01, 0x80011130)
TB3E8 000:626.053 - 2.939ms returns 0
TB3E8 000:626.072 JLINK_CORESIGHT_ReadAPDPReg(AP reg 0x03)
TB3E8 000:629.099   Value=0x3254540B
TB3E8 000:629.113 - 3.041ms returns 0
TB3E8 000:629.127 JLINK_CORESIGHT_WriteAPDPReg(AP reg 0x00, 0x80000002)
TB3E8 000:632.043 - 2.916ms returns 0
TB3E8 000:632.056 JLINK_CORESIGHT_WriteAPDPReg(AP reg 0x01, 0x80011140)
TB3E8 000:635.041 - 2.984ms returns 0
TB3E8 000:635.058 JLINK_CORESIGHT_ReadAPDPReg(AP reg 0x03)
TB3E8 000:638.112   Value=0x00000000
TB3E8 000:638.125 - 3.067ms returns 0
TB3E8 000:638.138 JLINK_CORESIGHT_WriteAPDPReg(AP reg 0x00, 0x80000002)
TB3E8 000:641.050 - 2.911ms returns 0
TB3E8 000:641.072 JLINK_CORESIGHT_WriteAPDPReg(AP reg 0x01, 0x80011130)
TB3E8 000:644.052 - 2.980ms returns 0
TB3E8 000:644.072 JLINK_CORESIGHT_ReadAPDPReg(AP reg 0x03)
TB3E8 000:647.096   Value=0x54A5E959
TB3E8 000:647.106 - 3.034ms returns 0
TB3E8 000:647.118 JLINK_CORESIGHT_WriteAPDPReg(AP reg 0x00, 0x80000002)
TB3E8 000:650.085 - 2.967ms returns 0
TB3E8 000:650.109 JLINK_CORESIGHT_WriteAPDPReg(AP reg 0x01, 0x80011140)
TB3E8 000:653.048 - 2.939ms returns 0
TB3E8 000:653.066 JLINK_CORESIGHT_ReadAPDPReg(AP reg 0x03)
TB3E8 000:656.179   Value=0x00000000
TB3E8 000:656.197 - 3.131ms returns 0
TB3E8 000:656.243 JLINK_CORESIGHT_WriteAPDPReg(AP reg 0x00, 0x80000002)
TB3E8 000:659.064 - 2.820ms returns 0
TB3E8 000:659.087 JLINK_CORESIGHT_WriteAPDPReg(AP reg 0x01, 0x80011130)
TB3E8 000:662.056 - 2.969ms returns 0
TB3E8 000:662.077 JLINK_CORESIGHT_ReadAPDPReg(AP reg 0x03)
TB3E8 000:665.097   Value=0x34325736
TB3E8 000:665.107 - 3.030ms returns 0
TB3E8 000:665.118 JLINK_CORESIGHT_WriteAPDPReg(AP reg 0x00, 0x80000002)
TB3E8 000:668.083 - 2.965ms returns 0
TB3E8 000:668.103 JLINK_CORESIGHT_WriteAPDPReg(AP reg 0x01, 0x80011140)
TB3E8 000:671.061 - 2.958ms returns 0
TB3E8 000:671.079 JLINK_CORESIGHT_ReadAPDPReg(AP reg 0x03)
TB3E8 000:674.124   Value=0x00000000
TB3E8 000:674.138 - 3.058ms returns 0
TB3E8 000:674.151 JLINK_CORESIGHT_WriteAPDPReg(AP reg 0x00, 0x80000002)
TB3E8 000:677.051 - 2.899ms returns 0
TB3E8 000:677.074 JLINK_CORESIGHT_WriteAPDPReg(AP reg 0x01, 0x80011130)
TB3E8 000:680.074 - 3.000ms returns 0
TB3E8 000:680.098 JLINK_CORESIGHT_ReadAPDPReg(AP reg 0x03)
TB3E8 000:683.102   Value=0x660A2D30
TB3E8 000:683.115 - 3.017ms returns 0
TB3E8 000:683.128 JLINK_CORESIGHT_WriteAPDPReg(AP reg 0x00, 0x80000002)
TB3E8 000:686.067 - 2.939ms returns 0
TB3E8 000:686.097 JLINK_CORESIGHT_WriteAPDPReg(AP reg 0x01, 0x80011140)
TB3E8 000:689.065 - 2.969ms returns 0
TB3E8 000:689.085 JLINK_CORESIGHT_ReadAPDPReg(AP reg 0x03)
TB3E8 000:692.111   Value=0x00000000
TB3E8 000:692.125 - 3.039ms returns 0
TB3E8 000:692.139 JLINK_CORESIGHT_WriteAPDPReg(AP reg 0x00, 0x80000002)
TB3E8 000:695.044 - 2.905ms returns 0
TB3E8 000:695.057 JLINK_CORESIGHT_WriteAPDPReg(AP reg 0x01, 0x80011130)
TB3E8 000:698.064 - 3.007ms returns 0
TB3E8 000:698.084 JLINK_CORESIGHT_ReadAPDPReg(AP reg 0x03)
TB3E8 000:701.120   Value=0x4B37527D
TB3E8 000:701.136 - 3.052ms returns 0
TB3E8 000:701.157 JLINK_CORESIGHT_WriteAPDPReg(AP reg 0x00, 0x80000002)
TB3E8 000:704.090 - 2.933ms returns 0
TB3E8 000:704.113 JLINK_CORESIGHT_WriteAPDPReg(AP reg 0x01, 0x80011140)
TB3E8 000:707.064 - 2.950ms returns 0
TB3E8 000:707.084 JLINK_CORESIGHT_ReadAPDPReg(AP reg 0x03)
TB3E8 000:710.115   Value=0x00000000
TB3E8 000:710.132 - 3.047ms returns 0
TB3E8 000:710.149 JLINK_CORESIGHT_WriteAPDPReg(AP reg 0x00, 0x80000002)
TB3E8 000:713.048 - 2.898ms returns 0
TB3E8 000:713.065 JLINK_CORESIGHT_WriteAPDPReg(AP reg 0x01, 0x80011130)
TB3E8 000:716.057 - 2.991ms returns 0
TB3E8 000:716.076 JLINK_CORESIGHT_ReadAPDPReg(AP reg 0x03)
TB3E8 000:719.114   Value=0x31503841
TB3E8 000:719.131 - 3.055ms returns 0
TB3E8 000:719.147 JLINK_CORESIGHT_WriteAPDPReg(AP reg 0x00, 0x80000002)
TB3E8 000:722.051 - 2.904ms returns 0
TB3E8 000:722.066 JLINK_CORESIGHT_WriteAPDPReg(AP reg 0x01, 0x80011140)
TB3E8 000:725.056 - 2.989ms returns 0
TB3E8 000:725.076 JLINK_CORESIGHT_ReadAPDPReg(AP reg 0x03)
TB3E8 000:728.116   Value=0x00000000
TB3E8 000:728.129 - 3.053ms returns 0
TB3E8 000:728.143 JLINK_CORESIGHT_WriteAPDPReg(AP reg 0x00, 0x80000002)
TB3E8 000:731.049 - 2.906ms returns 0
TB3E8 000:731.064 JLINK_CORESIGHT_WriteAPDPReg(AP reg 0x01, 0x80011130)
TB3E8 000:734.062 - 2.998ms returns 0
TB3E8 000:734.085 JLINK_CORESIGHT_ReadAPDPReg(AP reg 0x03)
TB3E8 000:737.108   Value=0x434C464B
TB3E8 000:737.121 - 3.036ms returns 0
TB3E8 000:737.134 JLINK_CORESIGHT_WriteAPDPReg(AP reg 0x00, 0x80000002)
TB3E8 000:740.066 - 2.932ms returns 0
TB3E8 000:740.086 JLINK_CORESIGHT_WriteAPDPReg(AP reg 0x01, 0x80011140)
TB3E8 000:743.062 - 2.975ms returns 0
TB3E8 000:743.086 JLINK_CORESIGHT_ReadAPDPReg(AP reg 0x03)
TB3E8 000:746.104   Value=0x00000000
TB3E8 000:746.116 - 3.030ms returns 0
TB3E8 000:746.129 JLINK_CORESIGHT_WriteAPDPReg(AP reg 0x00, 0x80000002)
TB3E8 000:749.053 - 2.923ms returns 0
TB3E8 000:749.072 JLINK_CORESIGHT_WriteAPDPReg(AP reg 0x01, 0x80011130)
TB3E8 000:752.051 - 2.979ms returns 0
TB3E8 000:752.065 JLINK_CORESIGHT_ReadAPDPReg(AP reg 0x03)
TB3E8 000:755.105   Value=0x20204341
TB3E8 000:755.117 - 3.051ms returns 0
TB3E8 000:755.131 JLINK_CORESIGHT_WriteAPDPReg(AP reg 0x00, 0x80000002)
TB3E8 000:758.067 - 2.936ms returns 0
TB3E8 000:758.087 JLINK_CORESIGHT_WriteAPDPReg(AP reg 0x01, 0x80011140)
TB3E8 000:761.055 - 2.968ms returns 0
TB3E8 000:761.069 JLINK_CORESIGHT_ReadAPDPReg(AP reg 0x03)
TB3E8 000:764.112   Value=0x00000000
TB3E8 000:764.128 - 3.058ms returns 0
TB3E8 000:764.140 JLINK_CORESIGHT_WriteAPDPReg(AP reg 0x00, 0x80000002)
TB3E8 000:767.062 - 2.921ms returns 0
TB3E8 000:767.075 JLINK_CORESIGHT_WriteAPDPReg(AP reg 0x01, 0x80011130)
TB3E8 000:770.071 - 2.995ms returns 0
TB3E8 000:770.150 JLINK_CORESIGHT_ReadAPDPReg(AP reg 0x03)
TB3E8 000:773.121   Value=0x0003EA20
TB3E8 000:773.137 - 2.987ms returns 0
TB3E8 000:773.220 JLINK_CORESIGHT_WriteAPDPReg(AP reg 0x00, 0x80000002)
TB3E8 000:776.051 - 2.830ms returns 0
TB3E8 000:776.065 JLINK_CORESIGHT_WriteAPDPReg(AP reg 0x01, 0x80011140)
TB3E8 000:779.065 - 2.999ms returns 0
TB3E8 000:779.081 JLINK_CORESIGHT_ReadAPDPReg(AP reg 0x03)
TB3E8 000:782.110   Value=0x00000002
TB3E8 000:782.122 - 3.040ms returns 0
TB3E8 000:782.130 JLINK_CORESIGHT_WriteAPDPReg(AP reg 0x00, 0x80000002)
TB3E8 000:785.061 - 2.930ms returns 0
TB3E8 000:785.070 JLINK_CORESIGHT_WriteAPDPReg(AP reg 0x01, 0x80011120)
TB3E8 000:788.064 - 2.994ms returns 0
TB3E8 000:788.077 JLINK_CORESIGHT_WriteAPDPReg(AP reg 0x03, 0x39020001)
TB3E8 000:791.074 - 2.997ms returns 0
TB3E8 000:791.089 JLINK_CORESIGHT_WriteAPDPReg(AP reg 0x00, 0x80000002)
TB3E8 000:794.066 - 2.977ms returns 0
TB3E8 000:794.081 JLINK_CORESIGHT_WriteAPDPReg(AP reg 0x01, 0x80011140)
TB3E8 000:797.051 - 2.970ms returns 0
TB3E8 000:797.070 JLINK_CORESIGHT_ReadAPDPReg(AP reg 0x03)
TB3E8 000:800.122   Value=0x00000002
TB3E8 000:800.135 - 3.065ms returns 0
TB3E8 000:800.149 JLINK_CORESIGHT_WriteAPDPReg(AP reg 0x00, 0x80000002)
TB3E8 000:803.053 - 2.904ms returns 0
TB3E8 000:803.067 JLINK_CORESIGHT_WriteAPDPReg(AP reg 0x01, 0x80011120)
TB3E8 000:806.127 - 3.059ms returns 0
TB3E8 000:806.145 JLINK_CORESIGHT_WriteAPDPReg(AP reg 0x03, 0x0003B312)
TB3E8 000:809.072 - 2.927ms returns 0
TB3E8 000:809.095 JLINK_CORESIGHT_WriteAPDPReg(AP reg 0x00, 0x80000002)
TB3E8 000:812.051 - 2.957ms returns 0
TB3E8 000:812.065 JLINK_CORESIGHT_WriteAPDPReg(AP reg 0x01, 0x80011140)
TB3E8 000:815.076 - 3.011ms returns 0
TB3E8 000:815.089 JLINK_CORESIGHT_ReadAPDPReg(AP reg 0x03)
TB3E8 000:818.129   Value=0x00000000
TB3E8 000:818.142 - 3.052ms returns 0
TB3E8 000:818.155 JLINK_CORESIGHT_WriteAPDPReg(AP reg 0x00, 0x80000002)
TB3E8 000:821.069 - 2.914ms returns 0
TB3E8 000:821.082 JLINK_CORESIGHT_WriteAPDPReg(AP reg 0x01, 0x80011130)
TB3E8 000:824.073 - 2.990ms returns 0
TB3E8 000:824.093 JLINK_CORESIGHT_ReadAPDPReg(AP reg 0x03)
TB3E8 000:827.117   Value=0xB90A0081
TB3E8 000:827.128 - 3.035ms returns 0
TB3E8 000:827.140 JLINK_CORESIGHT_WriteAPDPReg(AP reg 0x00, 0x80000002)
TB3E8 000:830.055 - 2.915ms returns 0
TB3E8 000:830.124 JLINK_CORESIGHT_WriteAPDPReg(AP reg 0x01, 0x80011140)
TB3E8 000:833.055 - 2.932ms returns 0
TB3E8 000:833.065 JLINK_CORESIGHT_ReadAPDPReg(AP reg 0x03)
TB3E8 000:836.112   Value=0x00000000
TB3E8 000:836.123 - 3.058ms returns 0
TB3E8 000:836.130 JLINK_CORESIGHT_WriteAPDPReg(AP reg 0x00, 0x80000002)
TB3E8 000:839.059 - 2.928ms returns 0
TB3E8 000:839.073 JLINK_CORESIGHT_WriteAPDPReg(AP reg 0x01, 0x80011130)
TB3E8 000:842.066 - 2.992ms returns 0
TB3E8 000:842.079 JLINK_CORESIGHT_ReadAPDPReg(AP reg 0x03)
TB3E8 000:845.122   Value=0xFFFFFFC0
TB3E8 000:845.131 - 3.052ms returns 0
TB3E8 000:845.138 JLINK_CORESIGHT_WriteAPDPReg(AP reg 0x00, 0x80000002)
TB3E8 000:848.076 - 2.937ms returns 0
TB3E8 000:848.089 JLINK_CORESIGHT_WriteAPDPReg(AP reg 0x01, 0x80011140)
TB3E8 000:851.066 - 2.976ms returns 0
TB3E8 000:851.076 JLINK_CORESIGHT_ReadAPDPReg(AP reg 0x03)
TB3E8 000:854.131   Value=0x00000000
TB3E8 000:854.146 - 3.070ms returns 0
TB3E8 000:854.155 JLINK_CORESIGHT_WriteAPDPReg(AP reg 0x00, 0x80000002)
TB3E8 000:857.068 - 2.912ms returns 0
TB3E8 000:857.089 JLINK_CORESIGHT_WriteAPDPReg(AP reg 0x01, 0x80011130)
TB3E8 000:860.071 - 2.982ms returns 0
TB3E8 000:860.089 JLINK_CORESIGHT_ReadAPDPReg(AP reg 0x03)
TB3E8 000:863.109   Value=0xFFFFFFFF
TB3E8 000:863.119 - 3.029ms returns 0
TB3E8 000:863.130 JLINK_CORESIGHT_WriteAPDPReg(AP reg 0x00, 0x80000002)
TB3E8 000:866.076 - 2.945ms returns 0
TB3E8 000:866.092 JLINK_CORESIGHT_WriteAPDPReg(AP reg 0x01, 0x80011140)
TB3E8 000:869.104 - 3.011ms returns 0
TB3E8 000:869.123 JLINK_CORESIGHT_ReadAPDPReg(AP reg 0x03)
TB3E8 000:872.125   Value=0x00000000
TB3E8 000:872.140 - 3.016ms returns 0
TB3E8 000:872.155 JLINK_CORESIGHT_WriteAPDPReg(AP reg 0x00, 0x80000002)
TB3E8 000:875.097 - 2.942ms returns 0
TB3E8 000:875.125 JLINK_CORESIGHT_WriteAPDPReg(AP reg 0x01, 0x80011130)
TB3E8 000:878.087 - 2.962ms returns 0
TB3E8 000:878.110 JLINK_CORESIGHT_ReadAPDPReg(AP reg 0x03)
TB3E8 000:881.140   Value=0x000385FF
TB3E8 000:881.227 - 3.117ms returns 0
TB3E8 000:881.308 JLINK_CORESIGHT_WriteAPDPReg(AP reg 0x00, 0x80000002)
TB3E8 000:884.084 - 2.775ms returns 0
TB3E8 000:884.107 JLINK_CORESIGHT_WriteAPDPReg(AP reg 0x01, 0x80011140)
TB3E8 000:887.073 - 2.965ms returns 0
TB3E8 000:887.093 JLINK_CORESIGHT_ReadAPDPReg(AP reg 0x03)
TB3E8 000:890.152   Value=0x00000002
TB3E8 000:890.174 - 3.081ms returns 0
TB3E8 000:890.185 JLINK_CORESIGHT_WriteAPDPReg(AP reg 0x00, 0x80000002)
TB3E8 000:893.089 - 2.904ms returns 0
TB3E8 000:893.111 JLINK_CORESIGHT_WriteAPDPReg(AP reg 0x01, 0x80011120)
TB3E8 000:896.072 - 2.961ms returns 0
TB3E8 000:896.088 JLINK_CORESIGHT_WriteAPDPReg(AP reg 0x03, 0x2C010001)
TB3E8 000:899.110 - 3.021ms returns 0
TB3E8 000:899.137 JLINK_CORESIGHT_WriteAPDPReg(AP reg 0x00, 0x80000002)
TB3E8 000:902.083 - 2.945ms returns 0
TB3E8 000:902.104 JLINK_CORESIGHT_WriteAPDPReg(AP reg 0x01, 0x80011140)
TB3E8 000:905.065 - 2.960ms returns 0
TB3E8 000:905.082 JLINK_CORESIGHT_ReadAPDPReg(AP reg 0x03)
TB3E8 000:908.150   Value=0x00000002
TB3E8 000:908.167 - 3.085ms returns 0
TB3E8 000:908.189 JLINK_CORESIGHT_WriteAPDPReg(AP reg 0x00, 0x80000002)
TB3E8 000:911.077 - 2.888ms returns 0
TB3E8 000:911.102 JLINK_CORESIGHT_WriteAPDPReg(AP reg 0x01, 0x80011120)
TB3E8 000:914.098 - 2.996ms returns 0
TB3E8 000:914.120 JLINK_CORESIGHT_WriteAPDPReg(AP reg 0x03, 0x000003D3)
TB3E8 000:917.092 - 2.972ms returns 0
TB3E8 000:917.121 JLINK_CORESIGHT_WriteAPDPReg(AP reg 0x00, 0x80000002)
TB3E8 000:920.101 - 2.978ms returns 0
TB3E8 000:920.143 JLINK_CORESIGHT_WriteAPDPReg(AP reg 0x01, 0x80011140)
TB3E8 000:923.097 - 2.953ms returns 0
TB3E8 000:923.132 JLINK_CORESIGHT_ReadAPDPReg(AP reg 0x03)
TB3E8 000:926.136   Value=0x00000000
TB3E8 000:926.156 - 3.025ms returns 0
TB3E8 000:926.174 JLINK_CORESIGHT_WriteAPDPReg(AP reg 0x00, 0x80000002)
TB3E8 000:929.089 - 2.914ms returns 0
TB3E8 000:929.118 JLINK_CORESIGHT_WriteAPDPReg(AP reg 0x01, 0x80011130)
TB3E8 000:937.109 - 7.991ms returns 0
TB3E8 000:937.148 JLINK_CORESIGHT_ReadAPDPReg(AP reg 0x03)
TB3E8 000:940.166   Value=0x2C020081
TB3E8 000:940.194 - 3.045ms returns 0
TB3E8 000:940.213 JLINK_CORESIGHT_WriteAPDPReg(AP reg 0x00, 0x80000002)
TB3E8 000:943.116 - 2.903ms returns 0
TB3E8 000:943.144 JLINK_CORESIGHT_WriteAPDPReg(AP reg 0x01, 0x80011140)
TB3E8 000:946.101 - 2.955ms returns 0
TB3E8 000:946.145 JLINK_CORESIGHT_ReadAPDPReg(AP reg 0x03)
TB3E8 000:949.136   Value=0x00000000
TB3E8 000:949.153 - 3.007ms returns 0
TB3E8 000:949.168 JLINK_CORESIGHT_WriteAPDPReg(AP reg 0x00, 0x80000002)
TB3E8 000:952.069 - 2.900ms returns 0
TB3E8 000:952.085 JLINK_CORESIGHT_WriteAPDPReg(AP reg 0x01, 0x80011130)
TB3E8 000:955.094 - 3.009ms returns 0
TB3E8 000:955.118 JLINK_CORESIGHT_ReadAPDPReg(AP reg 0x03)
TB3E8 000:958.147   Value=0x0003CE04
TB3E8 000:958.172 - 3.053ms returns 0
TB3E8 000:958.248 JLINK_CORESIGHT_WriteAPDPReg(AP reg 0x00, 0x80000002)
TB3E8 000:961.098 - 2.849ms returns 0
TB3E8 000:961.123 JLINK_CORESIGHT_WriteAPDPReg(AP reg 0x01, 0x80011140)
TB3E8 000:964.084 - 2.961ms returns 0
TB3E8 000:964.099 JLINK_CORESIGHT_ReadAPDPReg(AP reg 0x03)
TB3E8 000:967.126   Value=0x00000002
TB3E8 000:967.136 - 3.037ms returns 0
TB3E8 000:967.143 JLINK_CORESIGHT_WriteAPDPReg(AP reg 0x00, 0x80000002)
TB3E8 000:970.088 - 2.944ms returns 0
TB3E8 000:970.102 JLINK_CORESIGHT_WriteAPDPReg(AP reg 0x01, 0x80011120)
TB3E8 000:973.107 - 3.005ms returns 0
TB3E8 000:973.121 JLINK_CORESIGHT_WriteAPDPReg(AP reg 0x03, 0x73010001)
TB3E8 000:976.083 - 2.961ms returns 0
TB3E8 000:976.098 JLINK_CORESIGHT_WriteAPDPReg(AP reg 0x00, 0x80000002)
TB3E8 000:979.087 - 2.988ms returns 0
TB3E8 000:979.102 JLINK_CORESIGHT_WriteAPDPReg(AP reg 0x01, 0x80011140)
TB3E8 000:982.095 - 2.992ms returns 0
TB3E8 000:982.111 JLINK_CORESIGHT_ReadAPDPReg(AP reg 0x03)
TB3E8 000:985.175   Value=0x00000002
TB3E8 000:985.189 - 3.078ms returns 0
TB3E8 000:985.204 JLINK_CORESIGHT_WriteAPDPReg(AP reg 0x00, 0x80000002)
TB3E8 000:988.136 - 2.931ms returns 0
TB3E8 000:988.155 JLINK_CORESIGHT_WriteAPDPReg(AP reg 0x01, 0x80011120)
TB3E8 000:991.097 - 2.941ms returns 0
TB3E8 000:991.120 JLINK_CORESIGHT_WriteAPDPReg(AP reg 0x03, 0x0000038C)
TB3E8 000:994.087 - 2.967ms returns 0
TB3E8 000:994.105 JLINK_CORESIGHT_WriteAPDPReg(AP reg 0x00, 0x80000002)
TB3E8 000:997.080 - 2.975ms returns 0
TB3E8 000:997.099 JLINK_CORESIGHT_WriteAPDPReg(AP reg 0x01, 0x80011140)
TB3E8 001:000.088 - 2.988ms returns 0
TB3E8 001:000.108 JLINK_CORESIGHT_ReadAPDPReg(AP reg 0x03)
TB3E8 001:003.129   Value=0x00000000
TB3E8 001:003.142 - 3.033ms returns 0
TB3E8 001:003.155 JLINK_CORESIGHT_WriteAPDPReg(AP reg 0x00, 0x80000002)
TB3E8 001:006.160 - 3.003ms returns 0
TB3E8 001:006.212 JLINK_CORESIGHT_WriteAPDPReg(AP reg 0x01, 0x80011130)
TB3E8 001:009.114 - 2.902ms returns 0
TB3E8 001:009.148 JLINK_CORESIGHT_ReadAPDPReg(AP reg 0x03)
TB3E8 001:012.133   Value=0x73020081
TB3E8 001:012.147 - 2.999ms returns 0
TB3E8 001:012.160 JLINK_CORESIGHT_WriteAPDPReg(AP reg 0x00, 0x80000002)
TB3E8 001:015.070 - 2.910ms returns 0
TB3E8 001:015.085 JLINK_CORESIGHT_WriteAPDPReg(AP reg 0x01, 0x80011140)
TB3E8 001:018.094 - 3.009ms returns 0
TB3E8 001:018.115 JLINK_CORESIGHT_ReadAPDPReg(AP reg 0x03)
TB3E8 001:021.134   Value=0x00000000
TB3E8 001:021.145 - 3.031ms returns 0
TB3E8 001:021.157 JLINK_CORESIGHT_WriteAPDPReg(AP reg 0x00, 0x80000002)
TB3E8 001:024.080 - 2.922ms returns 0
TB3E8 001:024.101 JLINK_CORESIGHT_WriteAPDPReg(AP reg 0x01, 0x80011130)
TB3E8 001:027.087 - 2.985ms returns 0
TB3E8 001:027.109 JLINK_CORESIGHT_ReadAPDPReg(AP reg 0x03)
TB3E8 001:030.136   Value=0x00038902
TB3E8 001:030.150 - 3.041ms returns 0
TB3E8 001:030.208 JLINK_CORESIGHT_WriteAPDPReg(AP reg 0x00, 0x80000002)
TB3E8 001:033.092 - 2.883ms returns 0
TB3E8 001:033.103 JLINK_CORESIGHT_WriteAPDPReg(AP reg 0x01, 0x80011140)
TB3E8 001:036.073 - 2.970ms returns 0
TB3E8 001:036.086 JLINK_CORESIGHT_ReadAPDPReg(AP reg 0x03)
TB3E8 001:039.132   Value=0x00000002
TB3E8 001:039.146 - 3.060ms returns 0
TB3E8 001:039.155 JLINK_CORESIGHT_WriteAPDPReg(AP reg 0x00, 0x80000002)
TB3E8 001:042.087 - 2.931ms returns 0
TB3E8 001:042.101 JLINK_CORESIGHT_WriteAPDPReg(AP reg 0x01, 0x80011120)
TB3E8 001:045.072 - 2.970ms returns 0
TB3E8 001:045.082 JLINK_CORESIGHT_WriteAPDPReg(AP reg 0x03, 0x75010001)
TB3E8 001:048.096 - 3.013ms returns 0
TB3E8 001:048.109 JLINK_CORESIGHT_WriteAPDPReg(AP reg 0x00, 0x80000002)
TB3E8 001:051.073 - 2.963ms returns 0
TB3E8 001:051.082 JLINK_CORESIGHT_WriteAPDPReg(AP reg 0x01, 0x80011140)
TB3E8 001:054.081 - 2.998ms returns 0
TB3E8 001:054.096 JLINK_CORESIGHT_ReadAPDPReg(AP reg 0x03)
TB3E8 001:057.146   Value=0x00000002
TB3E8 001:057.159 - 3.063ms returns 0
TB3E8 001:057.177 JLINK_CORESIGHT_WriteAPDPReg(AP reg 0x00, 0x80000002)
TB3E8 001:060.090 - 2.912ms returns 0
TB3E8 001:060.111 JLINK_CORESIGHT_WriteAPDPReg(AP reg 0x01, 0x80011120)
TB3E8 001:063.091 - 2.979ms returns 0
TB3E8 001:063.110 JLINK_CORESIGHT_WriteAPDPReg(AP reg 0x03, 0x0000038A)
TB3E8 001:066.073 - 2.963ms returns 0
TB3E8 001:066.087 JLINK_CORESIGHT_WriteAPDPReg(AP reg 0x00, 0x80000002)
TB3E8 001:069.091 - 3.003ms returns 0
TB3E8 001:069.111 JLINK_CORESIGHT_WriteAPDPReg(AP reg 0x01, 0x80011140)
TB3E8 001:072.074 - 2.963ms returns 0
TB3E8 001:072.087 JLINK_CORESIGHT_ReadAPDPReg(AP reg 0x03)
TB3E8 001:075.147   Value=0x00000000
TB3E8 001:075.161 - 3.073ms returns 0
TB3E8 001:075.174 JLINK_CORESIGHT_WriteAPDPReg(AP reg 0x00, 0x80000002)
TB3E8 001:078.087 - 2.913ms returns 0
TB3E8 001:078.106 JLINK_CORESIGHT_WriteAPDPReg(AP reg 0x01, 0x80011130)
TB3E8 001:081.108 - 3.002ms returns 0
TB3E8 001:081.124 JLINK_CORESIGHT_ReadAPDPReg(AP reg 0x03)
TB3E8 001:084.135   Value=0x75020081
TB3E8 001:084.149 - 3.025ms returns 0
TB3E8 001:084.162 JLINK_CORESIGHT_WriteAPDPReg(AP reg 0x00, 0x80000002)
TB3E8 001:087.079 - 2.916ms returns 0
TB3E8 001:087.093 JLINK_CORESIGHT_WriteAPDPReg(AP reg 0x01, 0x80011140)
TB3E8 001:090.099 - 3.006ms returns 0
TB3E8 001:090.119 JLINK_CORESIGHT_ReadAPDPReg(AP reg 0x03)
TB3E8 001:093.157   Value=0x00000000
TB3E8 001:093.167 - 3.047ms returns 0
TB3E8 001:093.183 JLINK_CORESIGHT_WriteAPDPReg(AP reg 0x00, 0x80000002)
TB3E8 001:096.072 - 2.889ms returns 0
TB3E8 001:096.086 JLINK_CORESIGHT_WriteAPDPReg(AP reg 0x01, 0x80011130)
TB3E8 001:099.083 - 2.996ms returns 0
TB3E8 001:099.102 JLINK_CORESIGHT_ReadAPDPReg(AP reg 0x03)
TB3E8 001:102.132   Value=0x00038702
TB3E8 001:102.142 - 3.040ms returns 0
TB3E8 001:102.203 JLINK_CORESIGHT_WriteAPDPReg(AP reg 0x00, 0x80000002)
TB3E8 001:105.077 - 2.874ms returns 0
TB3E8 001:105.088 JLINK_CORESIGHT_WriteAPDPReg(AP reg 0x01, 0x80011140)
TB3E8 001:108.091 - 3.003ms returns 0
TB3E8 001:108.105 JLINK_CORESIGHT_ReadAPDPReg(AP reg 0x03)
TB3E8 001:111.136   Value=0x00000002
TB3E8 001:111.146 - 3.041ms returns 0
TB3E8 001:111.154 JLINK_CORESIGHT_WriteAPDPReg(AP reg 0x00, 0x80000002)
TB3E8 001:114.095 - 2.940ms returns 0
TB3E8 001:114.109 JLINK_CORESIGHT_WriteAPDPReg(AP reg 0x01, 0x80011120)
TB3E8 001:117.079 - 2.970ms returns 0
TB3E8 001:117.089 JLINK_CORESIGHT_WriteAPDPReg(AP reg 0x03, 0x4F010001)
TB3E8 001:120.096 - 3.006ms returns 0
TB3E8 001:120.111 JLINK_CORESIGHT_WriteAPDPReg(AP reg 0x00, 0x80000002)
TB3E8 001:123.101 - 2.990ms returns 0
TB3E8 001:123.115 JLINK_CORESIGHT_WriteAPDPReg(AP reg 0x01, 0x80011140)
TB3E8 001:126.102 - 2.987ms returns 0
TB3E8 001:126.113 JLINK_CORESIGHT_ReadAPDPReg(AP reg 0x03)
TB3E8 001:129.142   Value=0x00000002
TB3E8 001:129.156 - 3.043ms returns 0
TB3E8 001:129.171 JLINK_CORESIGHT_WriteAPDPReg(AP reg 0x00, 0x80000002)
TB3E8 001:132.092 - 2.920ms returns 0
TB3E8 001:132.116 JLINK_CORESIGHT_WriteAPDPReg(AP reg 0x01, 0x80011120)
TB3E8 001:135.085 - 2.969ms returns 0
TB3E8 001:135.099 JLINK_CORESIGHT_WriteAPDPReg(AP reg 0x03, 0x000003B0)
TB3E8 001:138.096 - 2.996ms returns 0
TB3E8 001:138.115 JLINK_CORESIGHT_WriteAPDPReg(AP reg 0x00, 0x80000002)
TB3E8 001:141.098 - 2.982ms returns 0
TB3E8 001:141.122 JLINK_CORESIGHT_WriteAPDPReg(AP reg 0x01, 0x80011140)
TB3E8 001:144.113 - 2.991ms returns 0
TB3E8 001:144.132 JLINK_CORESIGHT_ReadAPDPReg(AP reg 0x03)
TB3E8 001:147.140   Value=0x00000000
TB3E8 001:147.153 - 3.020ms returns 0
TB3E8 001:147.166 JLINK_CORESIGHT_WriteAPDPReg(AP reg 0x00, 0x80000002)
TB3E8 001:150.096 - 2.930ms returns 0
TB3E8 001:150.118 JLINK_CORESIGHT_WriteAPDPReg(AP reg 0x01, 0x80011130)
TB3E8 001:153.082 - 2.964ms returns 0
TB3E8 001:153.096 JLINK_CORESIGHT_ReadAPDPReg(AP reg 0x03)
TB3E8 001:156.170   Value=0x4F0B0081
TB3E8 001:156.182 - 3.085ms returns 0
TB3E8 001:156.196 JLINK_CORESIGHT_WriteAPDPReg(AP reg 0x00, 0x80000002)
TB3E8 001:159.086 - 2.890ms returns 0
TB3E8 001:159.104 JLINK_CORESIGHT_WriteAPDPReg(AP reg 0x01, 0x80011140)
TB3E8 001:162.098 - 2.993ms returns 0
TB3E8 001:162.112 JLINK_CORESIGHT_ReadAPDPReg(AP reg 0x03)
TB3E8 001:165.141   Value=0x00000000
TB3E8 001:165.151 - 3.039ms returns 0
TB3E8 001:165.163 JLINK_CORESIGHT_WriteAPDPReg(AP reg 0x00, 0x80000002)
TB3E8 001:168.104 - 2.940ms returns 0
TB3E8 001:168.122 JLINK_CORESIGHT_WriteAPDPReg(AP reg 0x01, 0x80011130)
TB3E8 001:171.082 - 2.959ms returns 0
TB3E8 001:171.096 JLINK_CORESIGHT_ReadAPDPReg(AP reg 0x03)
TB3E8 001:174.156   Value=0x40000000
TB3E8 001:174.171 - 3.074ms returns 0
TB3E8 001:174.184 JLINK_CORESIGHT_WriteAPDPReg(AP reg 0x00, 0x80000002)
TB3E8 001:177.094 - 2.910ms returns 0
TB3E8 001:177.114 JLINK_CORESIGHT_WriteAPDPReg(AP reg 0x01, 0x80011140)
TB3E8 001:180.098 - 2.983ms returns 0
TB3E8 001:180.121 JLINK_CORESIGHT_ReadAPDPReg(AP reg 0x03)
TB3E8 001:183.138   Value=0x00000000
TB3E8 001:183.150 - 3.029ms returns 0
TB3E8 001:183.163 JLINK_CORESIGHT_WriteAPDPReg(AP reg 0x00, 0x80000002)
TB3E8 001:186.081 - 2.918ms returns 0
TB3E8 001:186.095 JLINK_CORESIGHT_WriteAPDPReg(AP reg 0x01, 0x80011130)
TB3E8 001:189.099 - 3.003ms returns 0
TB3E8 001:189.138 JLINK_CORESIGHT_ReadAPDPReg(AP reg 0x03)
TB3E8 001:192.181   Value=0x00000000
TB3E8 001:192.202 - 3.064ms returns 0
TB3E8 001:192.220 JLINK_CORESIGHT_WriteAPDPReg(AP reg 0x00, 0x80000002)
TB3E8 001:195.093 - 2.872ms returns 0
TB3E8 001:195.116 JLINK_CORESIGHT_WriteAPDPReg(AP reg 0x01, 0x80011140)
TB3E8 001:198.105 - 2.988ms returns 0
TB3E8 001:198.127 JLINK_CORESIGHT_ReadAPDPReg(AP reg 0x03)
TB3E8 001:201.145   Value=0x00000000
TB3E8 001:201.155 - 3.028ms returns 0
TB3E8 001:201.168 JLINK_CORESIGHT_WriteAPDPReg(AP reg 0x00, 0x80000002)
TB3E8 001:204.090 - 2.922ms returns 0
TB3E8 001:204.105 JLINK_CORESIGHT_WriteAPDPReg(AP reg 0x01, 0x80011130)
TB3E8 001:207.104 - 2.998ms returns 0
TB3E8 001:207.125 JLINK_CORESIGHT_ReadAPDPReg(AP reg 0x03)
TB3E8 001:210.162   Value=0x03660000
TB3E8 001:210.176 - 3.051ms returns 0
TB3E8 001:213.193 JLINK_CORESIGHT_ReadAPDPReg(DP reg 0x01)
TB3E8 001:216.101   Value=0xF0000F40
TB3E8 001:216.114 - 2.921ms returns 0
TB3E8 001:216.121 JLINK_CORESIGHT_WriteAPDPReg(DP reg 0x01, 0xA0000F40)
TB3E8 001:219.095 - 2.974ms returns 0
TB3E8 001:219.109 JLINK_CORESIGHT_ReadAPDPReg(DP reg 0x01)
TB3E8 001:222.107   Value=0x00000F40
TB3E8 001:222.121 - 3.011ms returns 0
TB3E8 001:222.129 JLINK_ClrRESET()
TB3E8 001:228.033 - 5.903ms 
TB3E8 001:329.243 JLINK_Close()
TB3E8 001:335.414 - 6.170ms
TB3E8 001:335.458   
TB3E8 001:335.464   Closed
