Archive member included to satisfy reference by file (symbol)

D:/Program Files/GCC/arm-gnu-toolchain-13.3.rel1-mingw-w64-i686-arm-none-eabi/bin/../lib/gcc/arm-none-eabi/13.3.1/thumb/v8-m.main+dp/hard\libgcc.a(_aeabi_ldivmod.o)
                              ./ra/fsp/src/r_sci_b_uart/r_sci_b_uart.o (__aeabi_ldivmod)
D:/Program Files/GCC/arm-gnu-toolchain-13.3.rel1-mingw-w64-i686-arm-none-eabi/bin/../lib/gcc/arm-none-eabi/13.3.1/thumb/v8-m.main+dp/hard\libgcc.a(_udivmoddi4.o)
                              D:/Program Files/GCC/arm-gnu-toolchain-13.3.rel1-mingw-w64-i686-arm-none-eabi/bin/../lib/gcc/arm-none-eabi/13.3.1/thumb/v8-m.main+dp/hard\libgcc.a(_aeabi_ldivmod.o) (__udivmoddi4)
D:/Program Files/GCC/arm-gnu-toolchain-13.3.rel1-mingw-w64-i686-arm-none-eabi/bin/../lib/gcc/arm-none-eabi/13.3.1/thumb/v8-m.main+dp/hard\libgcc.a(_dvmd_tls.o)
                              D:/Program Files/GCC/arm-gnu-toolchain-13.3.rel1-mingw-w64-i686-arm-none-eabi/bin/../lib/gcc/arm-none-eabi/13.3.1/thumb/v8-m.main+dp/hard\libgcc.a(_aeabi_ldivmod.o) (__aeabi_ldiv0)
D:/Program Files/GCC/arm-gnu-toolchain-13.3.rel1-mingw-w64-i686-arm-none-eabi/bin/../lib/gcc/arm-none-eabi/13.3.1/thumb/v8-m.main+dp/hard\libg_nano.a(libc_a-exit.o)
                              D:/Program Files/GCC/arm-gnu-toolchain-13.3.rel1-mingw-w64-i686-arm-none-eabi/bin/../lib/gcc/arm-none-eabi/13.3.1/thumb/v8-m.main+dp/hard/crt0.o (exit)
D:/Program Files/GCC/arm-gnu-toolchain-13.3.rel1-mingw-w64-i686-arm-none-eabi/bin/../lib/gcc/arm-none-eabi/13.3.1/thumb/v8-m.main+dp/hard\libg_nano.a(libc_a-nano-vfprintf_float.o)
                              (_printf_float)
D:/Program Files/GCC/arm-gnu-toolchain-13.3.rel1-mingw-w64-i686-arm-none-eabi/bin/../lib/gcc/arm-none-eabi/13.3.1/thumb/v8-m.main+dp/hard\libg_nano.a(libc_a-nano-vfprintf_i.o)
                              D:/Program Files/GCC/arm-gnu-toolchain-13.3.rel1-mingw-w64-i686-arm-none-eabi/bin/../lib/gcc/arm-none-eabi/13.3.1/thumb/v8-m.main+dp/hard\libg_nano.a(libc_a-nano-vfprintf_float.o) (_printf_common)
D:/Program Files/GCC/arm-gnu-toolchain-13.3.rel1-mingw-w64-i686-arm-none-eabi/bin/../lib/gcc/arm-none-eabi/13.3.1/thumb/v8-m.main+dp/hard\libg_nano.a(libc_a-findfp.o)
                              D:/Program Files/GCC/arm-gnu-toolchain-13.3.rel1-mingw-w64-i686-arm-none-eabi/bin/../lib/gcc/arm-none-eabi/13.3.1/thumb/v8-m.main+dp/hard\libg_nano.a(libc_a-exit.o) (__stdio_exit_handler)
D:/Program Files/GCC/arm-gnu-toolchain-13.3.rel1-mingw-w64-i686-arm-none-eabi/bin/../lib/gcc/arm-none-eabi/13.3.1/thumb/v8-m.main+dp/hard\libg_nano.a(libc_a-fwalk.o)
                              D:/Program Files/GCC/arm-gnu-toolchain-13.3.rel1-mingw-w64-i686-arm-none-eabi/bin/../lib/gcc/arm-none-eabi/13.3.1/thumb/v8-m.main+dp/hard\libg_nano.a(libc_a-findfp.o) (_fwalk_sglue)
D:/Program Files/GCC/arm-gnu-toolchain-13.3.rel1-mingw-w64-i686-arm-none-eabi/bin/../lib/gcc/arm-none-eabi/13.3.1/thumb/v8-m.main+dp/hard\libg_nano.a(libc_a-printf.o)
                              ./src/coremark/core_main.o (printf)
D:/Program Files/GCC/arm-gnu-toolchain-13.3.rel1-mingw-w64-i686-arm-none-eabi/bin/../lib/gcc/arm-none-eabi/13.3.1/thumb/v8-m.main+dp/hard\libg_nano.a(libc_a-putchar.o)
                              ./src/coremark/core_main.o (putchar)
D:/Program Files/GCC/arm-gnu-toolchain-13.3.rel1-mingw-w64-i686-arm-none-eabi/bin/../lib/gcc/arm-none-eabi/13.3.1/thumb/v8-m.main+dp/hard\libg_nano.a(libc_a-puts.o)
                              ./src/coremark/core_main.o (puts)
D:/Program Files/GCC/arm-gnu-toolchain-13.3.rel1-mingw-w64-i686-arm-none-eabi/bin/../lib/gcc/arm-none-eabi/13.3.1/thumb/v8-m.main+dp/hard\libg_nano.a(libc_a-stdio.o)
                              D:/Program Files/GCC/arm-gnu-toolchain-13.3.rel1-mingw-w64-i686-arm-none-eabi/bin/../lib/gcc/arm-none-eabi/13.3.1/thumb/v8-m.main+dp/hard\libg_nano.a(libc_a-findfp.o) (__sread)
D:/Program Files/GCC/arm-gnu-toolchain-13.3.rel1-mingw-w64-i686-arm-none-eabi/bin/../lib/gcc/arm-none-eabi/13.3.1/thumb/v8-m.main+dp/hard\libg_nano.a(libc_a-wbuf.o)
                              D:/Program Files/GCC/arm-gnu-toolchain-13.3.rel1-mingw-w64-i686-arm-none-eabi/bin/../lib/gcc/arm-none-eabi/13.3.1/thumb/v8-m.main+dp/hard\libg_nano.a(libc_a-puts.o) (__swbuf_r)
D:/Program Files/GCC/arm-gnu-toolchain-13.3.rel1-mingw-w64-i686-arm-none-eabi/bin/../lib/gcc/arm-none-eabi/13.3.1/thumb/v8-m.main+dp/hard\libg_nano.a(libc_a-wsetup.o)
                              D:/Program Files/GCC/arm-gnu-toolchain-13.3.rel1-mingw-w64-i686-arm-none-eabi/bin/../lib/gcc/arm-none-eabi/13.3.1/thumb/v8-m.main+dp/hard\libg_nano.a(libc_a-puts.o) (__swsetup_r)
D:/Program Files/GCC/arm-gnu-toolchain-13.3.rel1-mingw-w64-i686-arm-none-eabi/bin/../lib/gcc/arm-none-eabi/13.3.1/thumb/v8-m.main+dp/hard\libg_nano.a(libc_a-memset.o)
                              D:/Program Files/GCC/arm-gnu-toolchain-13.3.rel1-mingw-w64-i686-arm-none-eabi/bin/../lib/gcc/arm-none-eabi/13.3.1/thumb/v8-m.main+dp/hard/crt0.o (memset)
[...]
Memory Configuration

Name             Origin             Length             Attributes
RAM              0x22000000         0x000e0000         xrw
FLASH            0x02000000         0x001f8000         xr
DATA_FLASH       0x27000000         0x00003000         xr
SDRAM            0x68000000         0x08000000         xrw
OSPI0_CS0        0x80000000         0x10000000         xrw
OSPI0_CS1        0x90000000         0x10000000         xr
OPTION_SETTING_OFS0 0x0300a100         0x00000004         r
OPTION_SETTING_OFS2 0x0300a104         0x00000004         r
OPTION_SETTING_DUALSEL 0x0300a110         0x00000004         r
OPTION_SETTING_OFS1 0x1300a180         0x00000004         r
OPTION_SETTING_BANKSEL 0x1300a190         0x00000004         r
OPTION_SETTING_BPS 0x1300a1c0         0x00000010         r
OPTION_SETTING_PBPS 0x1300a1e0         0x00000010         r
OPTION_SETTING_OFS1_SEC 0x0300a200         0x00000004         r
OPTION_SETTING_BANKSEL_SEC 0x0300a210         0x00000004         r
OPTION_SETTING_BPS_SEC 0x0300a240         0x00000010         r
OPTION_SETTING_PBPS_SEC 0x0300a260         0x00000010         r
OPTION_SETTING_OFS1_SEL 0x0300a280         0x00000004         r
OPTION_SETTING_BANKSEL_SEL 0x0300a290         0x00000004         r
OPTION_SETTING_BPS_SEL 0x0300a2c0         0x00000010         r
OPTION_SETTING_DATA_FLASH_FSBLCTRL0 0x27030080         0x00000004         r
OPTION_SETTING_DATA_FLASH_FSBLCTRL1 0x27030084         0x00000004         r
OPTION_SETTING_DATA_FLASH_FSBLCTRL2 0x27030088         0x00000004         r
OPTION_SETTING_DATA_FLASH_SACC0 0x2703008c         0x00000004         r
OPTION_SETTING_DATA_FLASH_SACC1 0x27030090         0x00000004         r
OPTION_SETTING_DATA_FLASH_SAMR 0x27030094         0x00000004         r
ITCM             0x00000000         0x00010000         xrw
DTCM             0x20000000         0x00010000         xrw
*default*        0x00000000         0xffffffff

Linker script and memory map

LOAD D:/Program Files/GCC/arm-gnu-toolchain-13.3.rel1-mingw-w64-i686-arm-none-eabi/bin/../lib/gcc/arm-none-eabi/13.3.1/thumb/v8-m.main+dp/hard/crtfastmath.o
LOAD D:/Program Files/GCC/arm-gnu-toolchain-13.3.rel1-mingw-w64-i686-arm-none-eabi/bin/../lib/gcc/arm-none-eabi/13.3.1/thumb/v8-m.main+dp/hard/crti.o
LOAD D:/Program Files/GCC/arm-gnu-toolchain-13.3.rel1-mingw-w64-i686-arm-none-eabi/bin/../lib/gcc/arm-none-eabi/13.3.1/thumb/v8-m.main+dp/hard/crtbegin.o
LOAD D:/Program Files/GCC/arm-gnu-toolchain-13.3.rel1-mingw-w64-i686-arm-none-eabi/bin/../lib/gcc/arm-none-eabi/13.3.1/thumb/v8-m.main+dp/hard/crt0.o
START GROUP
LOAD ./src/log/syscall.o
LOAD ./src/coremark/core_list_join.o
LOAD ./src/coremark/core_main.o
LOAD ./src/coremark/core_matrix.o
LOAD ./src/coremark/core_portme.o
LOAD ./src/coremark/core_state.o
LOAD ./src/coremark/core_util.o
LOAD ./src/hal_entry.o
LOAD ./src/hal_warmstart.o
LOAD ./ra_gen/common_data.o
LOAD ./ra_gen/hal_data.o
LOAD ./ra_gen/main.o
LOAD ./ra_gen/pin_data.o
LOAD ./ra_gen/vector_data.o
LOAD ./ra/fsp/src/r_sci_b_uart/r_sci_b_uart.o
LOAD ./ra/fsp/src/r_ioport/r_ioport.o
LOAD ./ra/fsp/src/bsp/mcu/ra8d1/bsp_linker.o
LOAD ./ra/fsp/src/bsp/mcu/all/bsp_clocks.o
LOAD ./ra/fsp/src/bsp/mcu/all/bsp_common.o
LOAD ./ra/fsp/src/bsp/mcu/all/bsp_delay.o
LOAD ./ra/fsp/src/bsp/mcu/all/bsp_group_irq.o
LOAD ./ra/fsp/src/bsp/mcu/all/bsp_guard.o
LOAD ./ra/fsp/src/bsp/mcu/all/bsp_io.o
LOAD ./ra/fsp/src/bsp/mcu/all/bsp_ipc.o
LOAD ./ra/fsp/src/bsp/mcu/all/bsp_irq.o
LOAD ./ra/fsp/src/bsp/mcu/all/bsp_macl.o
LOAD ./ra/fsp/src/bsp/mcu/all/bsp_ospi_b.o
LOAD ./ra/fsp/src/bsp/mcu/all/bsp_register_protection.o
LOAD ./ra/fsp/src/bsp/mcu/all/bsp_sbrk.o
LOAD ./ra/fsp/src/bsp/mcu/all/bsp_sdram.o
LOAD ./ra/fsp/src/bsp/mcu/all/bsp_security.o
LOAD ./ra/fsp/src/bsp/cmsis/Device/RENESAS/Source/startup.o
LOAD ./ra/fsp/src/bsp/cmsis/Device/RENESAS/Source/system.o
LOAD ./ra/board/ra8d1_ek/board_init.o
LOAD ./ra/board/ra8d1_ek/board_leds.o
END GROUP
START GROUP
LOAD D:/Program Files/GCC/arm-gnu-toolchain-13.3.rel1-mingw-w64-i686-arm-none-eabi/bin/../lib/gcc/arm-none-eabi/13.3.1/thumb/v8-m.main+dp/hard\libgcc.a
LOAD D:/Program Files/GCC/arm-gnu-toolchain-13.3.rel1-mingw-w64-i686-arm-none-eabi/bin/../lib/gcc/arm-none-eabi/13.3.1/thumb/v8-m.main+dp/hard\libg_nano.a
LOAD D:/Program Files/GCC/arm-gnu-toolchain-13.3.rel1-mingw-w64-i686-arm-none-eabi/bin/../lib/gcc/arm-none-eabi/13.3.1/thumb/v8-m.main+dp/hard\libc_nano.a
END GROUP
START GROUP
LOAD D:/Program Files/GCC/arm-gnu-toolchain-13.3.rel1-mingw-w64-i686-arm-none-eabi/bin/../lib/gcc/arm-none-eabi/13.3.1/thumb/v8-m.main+dp/hard\libgcc.a
LOAD D:/Program Files/GCC/arm-gnu-toolchain-13.3.rel1-mingw-w64-i686-arm-none-eabi/bin/../lib/gcc/arm-none-eabi/13.3.1/thumb/v8-m.main+dp/hard\libc_nano.a
LOAD D:/Program Files/GCC/arm-gnu-toolchain-13.3.rel1-mingw-w64-i686-arm-none-eabi/bin/../lib/gcc/arm-none-eabi/13.3.1/thumb/v8-m.main+dp/hard\libnosys.a
END GROUP
START GROUP
LOAD D:/Program Files/GCC/arm-gnu-toolchain-13.3.rel1-mingw-w64-i686-arm-none-eabi/bin/../lib/gcc/arm-none-eabi/13.3.1/thumb/v8-m.main+dp/hard\libgcc.a
LOAD D:/Program Files/GCC/arm-gnu-toolchain-13.3.rel1-mingw-w64-i686-arm-none-eabi/bin/../lib/gcc/arm-none-eabi/13.3.1/thumb/v8-m.main+dp/hard\libc_nano.a
LOAD D:/Program Files/GCC/arm-gnu-toolchain-13.3.rel1-mingw-w64-i686-arm-none-eabi/bin/../lib/gcc/arm-none-eabi/13.3.1/thumb/v8-m.main+dp/hard\libnosys.a
END GROUP
LOAD D:/Program Files/GCC/arm-gnu-toolchain-13.3.rel1-mingw-w64-i686-arm-none-eabi/bin/../lib/gcc/arm-none-eabi/13.3.1/thumb/v8-m.main+dp/hard/crtend.o
LOAD D:/Program Files/GCC/arm-gnu-toolchain-13.3.rel1-mingw-w64-i686-arm-none-eabi/bin/../lib/gcc/arm-none-eabi/13.3.1/thumb/v8-m.main+dp/hard/crtn.o
                0x22000000                        RAM_START = 0x22000000
                0x000e0000                        RAM_LENGTH = 0xe0000
                0x02000000                        FLASH_START = 0x2000000
                0x001f8000                        FLASH_LENGTH = 0x1f8000
                0x27000000                        DATA_FLASH_START = 0x27000000
                0x00003000                        DATA_FLASH_LENGTH = 0x3000
                0x68000000                        SDRAM_START = 0x68000000
                0x08000000                        SDRAM_LENGTH = 0x8000000
                0x80000000                        OSPI0_CS0_START = 0x80000000
                0x10000000                        OSPI0_CS0_LENGTH = 0x10000000
                0x90000000                        OSPI0_CS1_START = 0x90000000
                0x10000000                        OSPI0_CS1_LENGTH = 0x10000000
                0x0300a100                        OPTION_SETTING_OFS0_START = 0x300a100
                0x00000004                        OPTION_SETTING_OFS0_LENGTH = 0x4
                0x0300a104                        OPTION_SETTING_OFS2_START = 0x300a104
                0x00000004                        OPTION_SETTING_OFS2_LENGTH = 0x4
                0x0300a110                        OPTION_SETTING_DUALSEL_START = 0x300a110
                0x00000004                        OPTION_SETTING_DUALSEL_LENGTH = 0x4
                0x1300a180                        OPTION_SETTING_OFS1_START = 0x1300a180
                0x00000004                        OPTION_SETTING_OFS1_LENGTH = 0x4
                0x1300a190                        OPTION_SETTING_BANKSEL_START = 0x1300a190
                0x00000004                        OPTION_SETTING_BANKSEL_LENGTH = 0x4
                0x1300a1c0                        OPTION_SETTING_BPS_START = 0x1300a1c0
                0x00000010                        OPTION_SETTING_BPS_LENGTH = 0x10
                0x1300a1e0                        OPTION_SETTING_PBPS_START = 0x1300a1e0
                0x00000010                        OPTION_SETTING_PBPS_LENGTH = 0x10
                0x0300a200                        OPTION_SETTING_OFS1_SEC_START = 0x300a200
                0x00000004                        OPTION_SETTING_OFS1_SEC_LENGTH = 0x4
                0x0300a210                        OPTION_SETTING_BANKSEL_SEC_START = 0x300a210
                0x00000004                        OPTION_SETTING_BANKSEL_SEC_LENGTH = 0x4
                0x0300a240                        OPTION_SETTING_BPS_SEC_START = 0x300a240
                0x00000010                        OPTION_SETTING_BPS_SEC_LENGTH = 0x10
                0x0300a260                        OPTION_SETTING_PBPS_SEC_START = 0x300a260
                0x00000010                        OPTION_SETTING_PBPS_SEC_LENGTH = 0x10
                0x0300a280                        OPTION_SETTING_OFS1_SEL_START = 0x300a280
                0x00000004                        OPTION_SETTING_OFS1_SEL_LENGTH = 0x4
                0x0300a290                        OPTION_SETTING_BANKSEL_SEL_START = 0x300a290
                0x00000004                        OPTION_SETTING_BANKSEL_SEL_LENGTH = 0x4
                0x0300a2c0                        OPTION_SETTING_BPS_SEL_START = 0x300a2c0
                0x00000010                        OPTION_SETTING_BPS_SEL_LENGTH = 0x10
                0x27030080                        OPTION_SETTING_DATA_FLASH_FSBLCTRL0_START = 0x27030080
                0x00000004                        OPTION_SETTING_DATA_FLASH_FSBLCTRL0_LENGTH = 0x4
                0x27030084                        OPTION_SETTING_DATA_FLASH_FSBLCTRL1_START = 0x27030084
                0x00000004                        OPTION_SETTING_DATA_FLASH_FSBLCTRL1_LENGTH = 0x4
                0x27030088                        OPTION_SETTING_DATA_FLASH_FSBLCTRL2_START = 0x27030088
                0x00000004                        OPTION_SETTING_DATA_FLASH_FSBLCTRL2_LENGTH = 0x4
                0x2703008c                        OPTION_SETTING_DATA_FLASH_SACC0_START = 0x2703008c
                0x00000004                        OPTION_SETTING_DATA_FLASH_SACC0_LENGTH = 0x4
                0x27030090                        OPTION_SETTING_DATA_FLASH_SACC1_START = 0x27030090
                0x00000004                        OPTION_SETTING_DATA_FLASH_SACC1_LENGTH = 0x4
                0x27030094                        OPTION_SETTING_DATA_FLASH_SAMR_START = 0x27030094
                0x00000004                        OPTION_SETTING_DATA_FLASH_SAMR_LENGTH = 0x4
                0x00000000                        ITCM_START = 0x0
                0x00010000                        ITCM_LENGTH = 0x10000
                0x20000000                        DTCM_START = 0x20000000
                0x00010000                        DTCM_LENGTH = 0x10000
START GROUP
LOAD D:/Program Files/GCC/arm-gnu-toolchain-13.3.rel1-mingw-w64-i686-arm-none-eabi/bin/../lib/gcc/arm-none-eabi/13.3.1/thumb/v8-m.main+dp/hard\libgcc.a
LOAD D:/Program Files/GCC/arm-gnu-toolchain-13.3.rel1-mingw-w64-i686-arm-none-eabi/bin/../lib/gcc/arm-none-eabi/13.3.1/thumb/v8-m.main+dp/hard\libc.a
LOAD D:/Program Files/GCC/arm-gnu-toolchain-13.3.rel1-mingw-w64-i686-arm-none-eabi/bin/../lib/gcc/arm-none-eabi/13.3.1/thumb/v8-m.main+dp/hard\libm.a
END GROUP

.ospi0_cs1.startof
                0x90000000        0x0
                0x90000000                        __ddsc_OSPI0_CS1_START = .

.sdram.startof  0x68000000        0x0
                0x68000000                        __ddsc_SDRAM_START = .

__sdram_from_ospi0_cs1$$
                0x68000000        0x0 load address 0x90000000
                0x68000000                        __sdram_from_ospi0_cs1$$Base = .
                0x90000000                        __sdram_from_ospi0_cs1$$Load = LOADADDR (__sdram_from_ospi0_cs1$$)
 *(.sdram_from_ospi0_cs1)
 *(.sdram_code_from_ospi0_cs1)
                0x68000000                        __sdram_from_ospi0_cs1$$Limit = .

.ospi0_cs0.startof
                0x80000000        0x0
                0x80000000                        __ddsc_OSPI0_CS0_START = .

__ospi0_cs0_from_ospi0_cs1$$
                0x80000000        0x0 load address 0x90000000
                0x80000000                        __ospi0_cs0_from_ospi0_cs1$$Base = .
                0x90000000                        __ospi0_cs0_from_ospi0_cs1$$Load = LOADADDR (__ospi0_cs0_from_ospi0_cs1$$)
 *(.ospi0_cs0_from_ospi0_cs1)
 *(.ospi0_cs0_code_from_ospi0_cs1)
                0x80000000                        __ospi0_cs0_from_ospi0_cs1$$Limit = .

.itcm.startof   0x00000000        0x0
                0x00000000                        __ddsc_ITCM_START = .

__itcm_from_ospi0_cs1$$
                0x00000000        0x0 load address 0x90000000
                0x00000000                        __itcm_from_ospi0_cs1$$Base = .
                0x90000000                        __itcm_from_ospi0_cs1$$Load = LOADADDR (__itcm_from_ospi0_cs1$$)
 *(.itcm_from_ospi0_cs1)
 *(.itcm_code_from_ospi0_cs1)
                0x00000000                        __itcm_from_ospi0_cs1$$Limit = .

.dtcm.startof   0x20000000        0x0
                0x20000000                        __ddsc_DTCM_START = .

__dtcm_from_ospi0_cs1$$
                0x20000000        0x0 load address 0x90000000
                0x20000000                        __dtcm_from_ospi0_cs1$$Base = .
                0x90000000                        __dtcm_from_ospi0_cs1$$Load = LOADADDR (__dtcm_from_ospi0_cs1$$)
 *(.dtcm_from_ospi0_cs1)
 *(.dtcm_code_from_ospi0_cs1)
                0x20000000                        __dtcm_from_ospi0_cs1$$Limit = .

.ram.startof    0x22000000        0x0
                0x22000000                        __ddsc_RAM_START = .

__ram_dtc_vector$$
                0x22000000        0x0
                0x22000000                        __ram_dtc_vector$$Base = .
 *(.fsp_dtc_vector_table)
                0x22000000                        __ram_dtc_vector$$Limit = .

__ram_from_ospi0_cs1$$
                0x22000000        0x0 load address 0x90000000
                0x22000000                        __ram_from_ospi0_cs1$$Base = .
                0x90000000                        __ram_from_ospi0_cs1$$Load = LOADADDR (__ram_from_ospi0_cs1$$)
 *(.ram_from_ospi0_cs1)
 *(.ram_code_from_ospi0_cs1)
                0x22000000                        __ram_from_ospi0_cs1$$Limit = .

__ospi0_cs1_readonly$$
                0x90000000        0x0
                0x90000000                        __ospi0_cs1_readonly$$Base = .
 *(.ospi0_cs1)
 *(.ospi0_cs1_code)
                0x90000000                        __ospi0_cs1_readonly$$Limit = .

__ospi0_cs1_noinit$$
                0x90000000        0x0
                0x90000000                        __ospi0_cs1_noinit$$Base = .
 *(.ospi0_cs1_noinit)
                0x90000000                        __ospi0_cs1_noinit$$Limit = .

.ospi0_cs1.endof
                0x90000000        0x0
                0x90000000                        __ddsc_OSPI0_CS1_END = .

.data_flash.startof
                0x27000000        0x0
                0x27000000                        __ddsc_DATA_FLASH_START = .

__sdram_from_data_flash$$
                0x68000000        0x0 load address 0x27000000
                0x68000000                        __sdram_from_data_flash$$Base = .
                0x27000000                        __sdram_from_data_flash$$Load = LOADADDR (__sdram_from_data_flash$$)
 *(.sdram_from_data_flash)
 *(.sdram_code_from_data_flash)
                0x68000000                        __sdram_from_data_flash$$Limit = .

__ospi0_cs0_from_data_flash$$
                0x80000000        0x0 load address 0x27000000
                0x80000000                        __ospi0_cs0_from_data_flash$$Base = .
                0x27000000                        __ospi0_cs0_from_data_flash$$Load = LOADADDR (__ospi0_cs0_from_data_flash$$)
 *(.ospi0_cs0_from_data_flash)
 *(.ospi0_cs0_code_from_data_flash)
                0x80000000                        __ospi0_cs0_from_data_flash$$Limit = .

__itcm_from_data_flash$$
                0x00000000        0x0 load address 0x27000000
                0x00000000                        __itcm_from_data_flash$$Base = .
                0x27000000                        __itcm_from_data_flash$$Load = LOADADDR (__itcm_from_data_flash$$)
 *(.itcm_from_data_flash)
 *(.itcm_code_from_data_flash)
                0x00000000                        __itcm_from_data_flash$$Limit = .

__dtcm_from_data_flash$$
                0x20000000        0x0 load address 0x27000000
                0x20000000                        __dtcm_from_data_flash$$Base = .
                0x27000000                        __dtcm_from_data_flash$$Load = LOADADDR (__dtcm_from_data_flash$$)
 *(.dtcm_from_data_flash)
 *(.dtcm_code_from_data_flash)
                0x20000000                        __dtcm_from_data_flash$$Limit = .

__ram_from_data_flash$$
                0x22000000        0x0 load address 0x27000000
                0x22000000                        __ram_from_data_flash$$Base = .
                0x27000000                        __ram_from_data_flash$$Load = LOADADDR (__ram_from_data_flash$$)
 *(.ram_from_data_flash)
 *(.ram_code_from_data_flash)
                0x22000000                        __ram_from_data_flash$$Limit = .

__data_flash_readonly$$
                0x27000000        0x0
                0x27000000                        __data_flash_readonly$$Base = .
 *(.data_flash)
 *(.data_flash_code)
                0x27000000                        __data_flash_readonly$$Limit = .

__data_flash_noinit$$
                0x27000000        0x0
                0x27000000                        __data_flash_noinit$$Base = .
 *(.data_flash_noinit)
                0x27000000                        __data_flash_noinit$$Limit = .

.data_flash.endof
                0x27000000        0x0
                0x27000000                        __ddsc_DATA_FLASH_END = .

.flash.startof  0x02000000        0x0
                0x02000000                        __ddsc_FLASH_START = .

__flash_vectors$$
                0x02000000       0x50
                0x02000000                        __flash_vectors$$Base = .
                0x02000000                        _VECTORS = .
 *(.fixed_vectors)
 .fixed_vectors
                0x02000000       0x40 ./ra/fsp/src/bsp/cmsis/Device/RENESAS/Source/startup.o
                0x02000000                __Vectors
 *(.application_vectors)
 .application_vectors
                0x02000040       0x10 ./ra_gen/vector_data.o
                0x02000040                g_vector_table
                0x02000050                        __flash_vectors$$Limit = .

__flash_noinit$$
                0x02000050        0x0
                0x02000050                        __flash_noinit$$Base = .
 *(.flash_noinit)
                0x02000050                        __flash_noinit$$Limit = .

__sdram_from_flash$$
                0x68000000        0x0 load address 0x02000050
                0x68000000                        __sdram_from_flash$$Base = .
                0x02000050                        __sdram_from_flash$$Load = LOADADDR (__sdram_from_flash$$)
 *(.sdram_from_flash)
 *(.sdram_code_from_flash)
                0x68000000                        __sdram_from_flash$$Limit = .

__sdram_noinit_nocache$$
                0x68000000        0x0 load address 0x02000060
                0x68000000                        __sdram_noinit_nocache$$Base = .
 *(.sdram_noinit_nocache)
                0x68000000                        __sdram_noinit_nocache$$Limit = .

__sdram_zero_nocache$$
                0x68000000        0x0 load address 0x02000050
                0x68000000                        __sdram_zero_nocache$$Base = .
 *(.sdram_nocache)
                0x68000000                        . = ALIGN (0x20)
                0x68000000                        __sdram_zero_nocache$$Limit = .

__sdram_noinit$$
                0x68000000        0x0 load address 0x02000050
                0x68000000                        __sdram_noinit$$Base = .
 *(.sdram_noinit)
                0x68000000                        __sdram_noinit$$Limit = .

__sdram_zero$$  0x68000000        0x0 load address 0x02000050
                0x68000000                        __sdram_zero$$Base = .
 *(.sdram)
                0x68000000                        __sdram_zero$$Limit = .

.sdram.endof    0x68000000        0x0
                0x68000000                        __ddsc_SDRAM_END = .

__ospi0_cs0_from_flash$$
                0x80000000        0x0 load address 0x02000050
                0x80000000                        __ospi0_cs0_from_flash$$Base = .
                0x02000050                        __ospi0_cs0_from_flash$$Load = LOADADDR (__ospi0_cs0_from_flash$$)
 *(.ospi0_cs0_from_flash)
 *(.ospi0_cs0_code_from_flash)
                0x80000000                        __ospi0_cs0_from_flash$$Limit = .

__ospi0_cs0_noinit_nocache$$
                0x80000000        0x0 load address 0x02000060
                0x80000000                        __ospi0_cs0_noinit_nocache$$Base = .
 *(.ospi0_cs0_noinit_nocache)
                0x80000000                        __ospi0_cs0_noinit_nocache$$Limit = .

__ospi0_cs0_zero_nocache$$
                0x80000000        0x0 load address 0x02000050
                0x80000000                        __ospi0_cs0_zero_nocache$$Base = .
 *(.ospi0_cs0_nocache)
                0x80000000                        . = ALIGN (0x20)
                0x80000000                        __ospi0_cs0_zero_nocache$$Limit = .

__ospi0_cs0_noinit$$
                0x80000000        0x0 load address 0x02000050
                0x80000000                        __ospi0_cs0_noinit$$Base = .
 *(.ospi0_cs0_noinit)
                0x80000000                        __ospi0_cs0_noinit$$Limit = .

__ospi0_cs0_zero$$
                0x80000000        0x0 load address 0x02000050
                0x80000000                        __ospi0_cs0_zero$$Base = .
 *(.ospi0_cs0)
                0x80000000                        __ospi0_cs0_zero$$Limit = .

.ospi0_cs0.endof
                0x80000000        0x0
                0x80000000                        __ddsc_OSPI0_CS0_END = .

__itcm_from_flash$$
                0x00000000     0x2218 load address 0x02000050
                0x00000000                        __itcm_from_flash$$Base = .
                0x02000050                        __itcm_from_flash$$Load = LOADADDR (__itcm_from_flash$$)
 *(.itcm_from_flash)
 *(.itcm_code_from_flash)
 */coremark/*.o(.text* .rodata*)
 .text.cmp_complex
                0x00000000      0x128 ./src/coremark/core_list_join.o
                0x00000000                cmp_complex
 .text.core_bench_list
                0x00000128      0x32c ./src/coremark/core_list_join.o
                0x00000128                core_bench_list
 .text.core_list_init
                0x00000454      0x1cc ./src/coremark/core_list_join.o
                0x00000454                core_list_init
 .rodata.coremain.str1.4
                0x00000620      0x4d9 ./src/coremark/core_main.o
                                0x42c (size before relaxing)
 *fill*         0x00000af9        0x3 
 .text.coremain
                0x00000afc      0x678 ./src/coremark/core_main.o
                0x00000afc                coremain
 .text.matrix_test
                0x00001174      0x5a4 ./src/coremark/core_matrix.o
                0x00001174                matrix_test
 .text.core_bench_matrix
                0x00001718       0x20 ./src/coremark/core_matrix.o
                0x00001718                core_bench_matrix
 .text.core_init_matrix
                0x00001738       0xe8 ./src/coremark/core_matrix.o
                0x00001738                core_init_matrix
 .text.start_time
                0x00001820       0x4c ./src/coremark/core_portme.o
                0x00001820                start_time
 .text.stop_time
                0x0000186c       0x14 ./src/coremark/core_portme.o
                0x0000186c                stop_time
 .text.get_time
                0x00001880        0xc ./src/coremark/core_portme.o
                0x00001880                get_time
 *fill*         0x0000188c        0x4 
 .text.time_in_secs
                0x00001890       0x20 ./src/coremark/core_portme.o
                0x00001890                time_in_secs
 .text.portable_init
                0x000018b0        0x8 ./src/coremark/core_portme.o
                0x000018b0                portable_init
 .text.portable_fini
                0x000018b8        0x8 ./src/coremark/core_portme.o
                0x000018b8                portable_fini
 .text.SysTick_Handler
                0x000018c0       0x10 ./src/coremark/core_portme.o
                0x000018c0                SysTick_Handler
 .text.core_init_state
                0x000018d0      0x130 ./src/coremark/core_state.o
                0x000018d0                core_init_state
 .text.core_state_transition
                0x00001a00      0x1b0 ./src/coremark/core_state.o
                0x00001a00                core_state_transition
 .text.core_bench_state
                0x00001bb0      0x148 ./src/coremark/core_state.o
                0x00001bb0                core_bench_state
 .rodata.str1.4
                0x00001cf8       0xad ./src/coremark/core_state.o
 .rodata.errpat
                0x00001cf8       0x10 ./src/coremark/core_state.o
 .rodata.scipat
                0x00001d08       0x10 ./src/coremark/core_state.o
 .rodata.floatpat
                0x00001d18       0x10 ./src/coremark/core_state.o
 .rodata.intpat
                0x00001d28       0x10 ./src/coremark/core_state.o
 .text.get_seed_32
                0x00001d38       0x48 ./src/coremark/core_util.o
                0x00001d38                get_seed_32
 .text.crcu16   0x00001d80      0x118 ./src/coremark/core_util.o
                0x00001d80                crcu16
 .text.crcu32   0x00001e98      0x240 ./src/coremark/core_util.o
                0x00001e98                crcu32
 .text.crc16    0x000020d8      0x11c ./src/coremark/core_util.o
                0x000020d8                crc16
 .text.check_data_types
                0x000021f4        0x4 ./src/coremark/core_util.o
                0x000021f4                check_data_types
 .text.check_data_types.__stub
                0x000021f8       0x20 linker stubs
 *coremark*.a(.text* .rodata*)
                0x00002218                        __itcm_from_flash$$Limit = .

__itcm_noinit$$
                0x00002218        0x0 load address 0x02002268
                0x00002218                        __itcm_noinit$$Base = .
 *(.itcm_noinit)
                0x00002218                        __itcm_noinit$$Limit = .

__itcm_zero$$   0x00002218        0x0 load address 0x02002268
                0x00002218                        __itcm_zero$$Base = .
 *(.itcm)
                0x00002218                        __itcm_zero$$Limit = .

.itcm.endof     0x00002400        0x0
                0x00002400                        __ddsc_ITCM_END = .

__dtcm_from_flash$$
                0x20000000        0xc load address 0x02002268
                0x20000000                        __dtcm_from_flash$$Base = .
                0x02002268                        __dtcm_from_flash$$Load = LOADADDR (__dtcm_from_flash$$)
 *(.dtcm_from_flash)
 *(.dtcm_code_from_flash)
 */coremark/*.o(.data*)
 .data.default_num_contexts
                0x20000000        0x4 ./src/coremark/core_portme.o
                0x20000000                default_num_contexts
 .data.seed4_volatile
                0x20000004        0x4 ./src/coremark/core_portme.o
                0x20000004                seed4_volatile
 .data.seed3_volatile
                0x20000008        0x4 ./src/coremark/core_portme.o
                0x20000008                seed3_volatile
 *coremark*.a(.data*)
                0x2000000c                        __dtcm_from_flash$$Limit = .

__dtcm_noinit$$
                0x2000000c      0x7d0 load address 0x02002274
                0x2000000c                        __dtcm_noinit$$Base = .
 *(.dtcm_noinit)
 .dtcm_noinit   0x2000000c      0x7d0 ./src/coremark/core_main.o
                0x2000000c                stack_memblock
                0x200007dc                        __dtcm_noinit$$Limit = .

__dtcm_zero$$   0x200007dc       0x10 load address 0x02002274
                0x200007dc                        __dtcm_zero$$Base = .
 *(.dtcm)
 */coremark/*.o(.bss*)
 .bss.seed5_volatile
                0x200007dc        0x4 ./src/coremark/core_portme.o
                0x200007dc                seed5_volatile
 .bss.seed2_volatile
                0x200007e0        0x4 ./src/coremark/core_portme.o
                0x200007e0                seed2_volatile
 .bss.seed1_volatile
                0x200007e4        0x4 ./src/coremark/core_portme.o
                0x200007e4                seed1_volatile
 .bss.Tick      0x200007e8        0x4 ./src/coremark/core_portme.o
                0x200007e8                Tick
 *coremark*.a(.bss*)
                0x200007ec                        __dtcm_zero$$Limit = .

.dtcm.endof     0x20000800        0x0
                0x20000800                        __ddsc_DTCM_END = .

__ram_from_flash$$
                0x22000000      0x1cc load address 0x02002274
                0x22000000                        __ram_from_flash$$Base = .
                0x02002274                        __ram_from_flash$$Load = LOADADDR (__ram_from_flash$$)
 EXCLUDE_FILE(*coremark*.a */coremark/*.o) *(.data*)
 .data.g_uart9_baud_setting
                0x22000000        0x4 ./ra_gen/hal_data.o
                0x22000000                g_uart9_baud_setting
 .data.__sglue  0x22000004        0xc D:/Program Files/GCC/arm-gnu-toolchain-13.3.rel1-mingw-w64-i686-arm-none-eabi/bin/../lib/gcc/arm-none-eabi/13.3.1/thumb/v8-m.main+dp/hard\libg_nano.a(libc_a-findfp.o)
                0x22000004                __sglue
 .data._impure_ptr
                0x22000010        0x4 D:/Program Files/GCC/arm-gnu-toolchain-13.3.rel1-mingw-w64-i686-arm-none-eabi/bin/../lib/gcc/arm-none-eabi/13.3.1/thumb/v8-m.main+dp/hard\libg_nano.a(libc_a-impure.o)
                0x22000010                _impure_ptr
 .data._impure_data
                0x22000014       0x4c D:/Program Files/GCC/arm-gnu-toolchain-13.3.rel1-mingw-w64-i686-arm-none-eabi/bin/../lib/gcc/arm-none-eabi/13.3.1/thumb/v8-m.main+dp/hard\libg_nano.a(libc_a-impure.o)
                0x22000014                _impure_data
 .data.__global_locale
                0x22000060      0x16c D:/Program Files/GCC/arm-gnu-toolchain-13.3.rel1-mingw-w64-i686-arm-none-eabi/bin/../lib/gcc/arm-none-eabi/13.3.1/thumb/v8-m.main+dp/hard\libg_nano.a(libc_a-locale.o)
                0x22000060                __global_locale
 *(.ram_from_flash)
 *(.ram_code_from_flash)
 *(.data*)
 *(vtable)
                0x220001cc                        __ram_from_flash$$Limit = .

__ram_noinit_nocache$$
                0x220001e0        0x0 load address 0x02002440
                0x220001e0                        __ram_noinit_nocache$$Base = .
 *(.ram_noinit_nocache)
                0x220001e0                        __ram_noinit_nocache$$Limit = .

__ram_zero_nocache$$
                0x220001cc       0x14 load address 0x02002440
                0x220001cc                        __ram_zero_nocache$$Base = .
 *(.ram_nocache)
                0x220001e0                        . = ALIGN (0x20)
 *fill*         0x220001cc       0x14 
                0x220001e0                        __ram_zero_nocache$$Limit = .

__ram_noinit$$  0x220001e0     0x802c load address 0x02002440
                0x220001e0                        __ram_noinit$$Base = .
 *(.bss.g_heap)
 .bss.g_heap    0x220001e0     0x4000 ./ra/fsp/src/bsp/cmsis/Device/RENESAS/Source/startup.o
                0x220001e0                g_heap
 *(.bss.g_main_stack)
 .bss.g_main_stack
                0x220041e0     0x4000 ./ra/fsp/src/bsp/cmsis/Device/RENESAS/Source/startup.o
                0x220041e0                g_main_stack
 *(.ram_noinit)
 .ram_noinit    0x220081e0       0x2c ./ra/fsp/src/bsp/mcu/all/bsp_clocks.o
 *(.noinit)
                0x2200820c                        __ram_noinit$$Limit = .

__ram_zero$$    0x22008210      0x210 load address 0x02002440
                0x22008210                        __ram_zero$$Base = .
 EXCLUDE_FILE(*coremark*.a */coremark/*.o) *(.bss*)
 .bss.completed.1
                0x22008210        0x1 D:/Program Files/GCC/arm-gnu-toolchain-13.3.rel1-mingw-w64-i686-arm-none-eabi/bin/../lib/gcc/arm-none-eabi/13.3.1/thumb/v8-m.main+dp/hard/crtbegin.o
 *fill*         0x22008211        0x3 
 .bss.object.0  0x22008214       0x18 D:/Program Files/GCC/arm-gnu-toolchain-13.3.rel1-mingw-w64-i686-arm-none-eabi/bin/../lib/gcc/arm-none-eabi/13.3.1/thumb/v8-m.main+dp/hard/crtbegin.o
 .bss.g_ioport_ctrl
                0x2200822c        0x8 ./ra_gen/common_data.o
                0x2200822c                g_ioport_ctrl
 .bss.g_uart9_ctrl
                0x22008234       0x34 ./ra_gen/hal_data.o
                0x22008234                g_uart9_ctrl
 .bss.g_bsp_group_irq_sources
                0x22008268       0x40 ./ra/fsp/src/bsp/mcu/all/bsp_group_irq.o
                0x22008268                g_bsp_group_irq_sources
 .bss.g_protect_pfswe_counter
                0x220082a8        0x4 ./ra/fsp/src/bsp/mcu/all/bsp_io.o
                0x220082a8                g_protect_pfswe_counter
 *fill*         0x220082ac        0x4 
 .bss.gp_renesas_isr_context
                0x220082b0       0x10 ./ra/fsp/src/bsp/mcu/all/bsp_irq.o
                0x220082b0                gp_renesas_isr_context
 .bss.g_protect_counters
                0x220082c0        0xa ./ra/fsp/src/bsp/mcu/all/bsp_register_protection.o
                0x220082c0                g_protect_counters
 *fill*         0x220082ca        0x2 
 .bss.current_block_offset.0
                0x220082cc        0x4 ./ra/fsp/src/bsp/mcu/all/bsp_sbrk.o
 .bss.SystemCoreClock
                0x220082d0        0x4 ./ra/fsp/src/bsp/cmsis/Device/RENESAS/Source/system.o
                0x220082d0                SystemCoreClock
 .bss.__sf      0x220082d4      0x138 D:/Program Files/GCC/arm-gnu-toolchain-13.3.rel1-mingw-w64-i686-arm-none-eabi/bin/../lib/gcc/arm-none-eabi/13.3.1/thumb/v8-m.main+dp/hard\libg_nano.a(libc_a-findfp.o)
                0x220082d4                __sf
 .bss.__stdio_exit_handler
                0x2200840c        0x4 D:/Program Files/GCC/arm-gnu-toolchain-13.3.rel1-mingw-w64-i686-arm-none-eabi/bin/../lib/gcc/arm-none-eabi/13.3.1/thumb/v8-m.main+dp/hard\libg_nano.a(libc_a-findfp.o)
                0x2200840c                __stdio_exit_handler
 .bss.errno     0x22008410        0x4 D:/Program Files/GCC/arm-gnu-toolchain-13.3.rel1-mingw-w64-i686-arm-none-eabi/bin/../lib/gcc/arm-none-eabi/13.3.1/thumb/v8-m.main+dp/hard\libg_nano.a(libc_a-reent.o)
                0x22008410                errno
 .bss.__lock___malloc_recursive_mutex
                0x22008414        0x1 D:/Program Files/GCC/arm-gnu-toolchain-13.3.rel1-mingw-w64-i686-arm-none-eabi/bin/../lib/gcc/arm-none-eabi/13.3.1/thumb/v8-m.main+dp/hard\libg_nano.a(libc_a-lock.o)
                0x22008414                __lock___malloc_recursive_mutex
 .bss.__lock___sfp_recursive_mutex
                0x22008415        0x1 D:/Program Files/GCC/arm-gnu-toolchain-13.3.rel1-mingw-w64-i686-arm-none-eabi/bin/../lib/gcc/arm-none-eabi/13.3.1/thumb/v8-m.main+dp/hard\libg_nano.a(libc_a-lock.o)
                0x22008415                __lock___sfp_recursive_mutex
 *fill*         0x22008416        0x2 
 .bss.__malloc_sbrk_start
                0x22008418        0x4 D:/Program Files/GCC/arm-gnu-toolchain-13.3.rel1-mingw-w64-i686-arm-none-eabi/bin/../lib/gcc/arm-none-eabi/13.3.1/thumb/v8-m.main+dp/hard\libg_nano.a(libc_a-mallocr.o)
                0x22008418                __malloc_sbrk_start
 .bss.__malloc_free_list
                0x2200841c        0x4 D:/Program Files/GCC/arm-gnu-toolchain-13.3.rel1-mingw-w64-i686-arm-none-eabi/bin/../lib/gcc/arm-none-eabi/13.3.1/thumb/v8-m.main+dp/hard\libg_nano.a(libc_a-mallocr.o)
                0x2200841c                __malloc_free_list
 *(.ram)
 *(.bss*)
                0x22008420                        __ram_zero$$Limit = .

__ram_thread_stack$$
                0x22008420        0x0 load address 0x02002440
                0x22008420                        __ram_thread_stack$$Base = .
 *(.stack?*)
                0x22008420                        __ram_thread_stack$$Limit = .

.ram.endof      0x22008600        0x0
                0x22008600                        __ddsc_RAM_END = .

.ram.flat_nsc   0x22008600        0x0
                0x22008600                        __ddsc_RAM_NSC = .

__flash_readonly$$
                0x02002440     0x4964
                0x02002440                        __flash_readonly$$Base = .
 EXCLUDE_FILE(*coremark*.a */coremark/*.o) *(.text* .rodata*)
 .text.startup.__arm_set_fast_math
                0x02002440       0x10 D:/Program Files/GCC/arm-gnu-toolchain-13.3.rel1-mingw-w64-i686-arm-none-eabi/bin/../lib/gcc/arm-none-eabi/13.3.1/thumb/v8-m.main+dp/hard/crtfastmath.o
 .text.deregister_tm_clones
                0x02002450       0x1c D:/Program Files/GCC/arm-gnu-toolchain-13.3.rel1-mingw-w64-i686-arm-none-eabi/bin/../lib/gcc/arm-none-eabi/13.3.1/thumb/v8-m.main+dp/hard/crtbegin.o
 .text.register_tm_clones
                0x0200246c       0x28 D:/Program Files/GCC/arm-gnu-toolchain-13.3.rel1-mingw-w64-i686-arm-none-eabi/bin/../lib/gcc/arm-none-eabi/13.3.1/thumb/v8-m.main+dp/hard/crtbegin.o
 .text.__do_global_dtors_aux
                0x02002494       0x28 D:/Program Files/GCC/arm-gnu-toolchain-13.3.rel1-mingw-w64-i686-arm-none-eabi/bin/../lib/gcc/arm-none-eabi/13.3.1/thumb/v8-m.main+dp/hard/crtbegin.o
 .text.frame_dummy
                0x020024bc       0x24 D:/Program Files/GCC/arm-gnu-toolchain-13.3.rel1-mingw-w64-i686-arm-none-eabi/bin/../lib/gcc/arm-none-eabi/13.3.1/thumb/v8-m.main+dp/hard/crtbegin.o
 .text._read    0x020024e0       0x1c ./src/log/syscall.o
                0x020024e0                _read
 .text._close   0x020024fc        0x8 ./src/log/syscall.o
                0x020024fc                _close
 .text._fstat   0x02002504        0xc ./src/log/syscall.o
                0x02002504                _fstat
 .text._isatty  0x02002510        0x4 ./src/log/syscall.o
                0x02002510                _isatty
 .text._lseek   0x02002514        0x4 ./src/log/syscall.o
                0x02002514                _lseek
 .text._write   0x02002518       0x34 ./src/hal_entry.o
                0x02002518                _write
 .rodata.check_mpu_configuration.str1.4
                0x0200254c      0x12d ./src/hal_entry.o
                                 0x59 (size before relaxing)
 *fill*         0x02002679        0x3 
 .text.check_mpu_configuration
                0x0200267c       0x78 ./src/hal_entry.o
                0x0200267c                check_mpu_configuration
 .rodata.hal_entry.str1.4
                0x020026f4       0xd1 ./src/hal_entry.o
 .text.hal_entry
                0x020026f4      0x178 ./src/hal_entry.o
                0x020026f4                hal_entry
 .rodata.__FUNCTION__.0
                0x0200286c        0xa ./src/hal_entry.o
 *fill*         0x02002876        0x2 
 .text.R_BSP_WarmStart
                0x02002878       0x18 ./src/hal_warmstart.o
                0x02002878                R_BSP_WarmStart
 .rodata.g_uart9_cfg
                0x02002890       0x20 ./ra_gen/hal_data.o
                0x02002890                g_uart9_cfg
 .rodata.g_uart9_cfg_extend
                0x020028b0       0x14 ./ra_gen/hal_data.o
                0x020028b0                g_uart9_cfg_extend
 .text.startup.main
                0x020028c4        0xc ./ra_gen/main.o
                0x020028c4                main
 .rodata.g_bsp_pin_cfg
                0x020028d0        0xc ./ra_gen/pin_data.o
                0x020028d0                g_bsp_pin_cfg
 .rodata.g_bsp_pin_cfg_data
                0x020028dc      0x4a0 ./ra_gen/pin_data.o
                0x020028dc                g_bsp_pin_cfg_data
 .rodata.g_interrupt_event_link_select
                0x02002d7c        0x8 ./ra_gen/vector_data.o
                0x02002d7c                g_interrupt_event_link_select
 .text.R_SCI_B_UART_Open
                0x02002d84      0x450 ./ra/fsp/src/r_sci_b_uart/r_sci_b_uart.o
                0x02002d84                R_SCI_B_UART_Open
 .text.sci_b_uart_txi_isr
                0x020031d4       0xdc ./ra/fsp/src/r_sci_b_uart/r_sci_b_uart.o
                0x020031d4                sci_b_uart_txi_isr
 .text.sci_b_uart_rxi_isr
                0x020032b0       0xe8 ./ra/fsp/src/r_sci_b_uart/r_sci_b_uart.o
                0x020032b0                sci_b_uart_rxi_isr
 .text.sci_b_uart_tei_isr
                0x02003398       0x7c ./ra/fsp/src/r_sci_b_uart/r_sci_b_uart.o
                0x02003398                sci_b_uart_tei_isr
 .text.sci_b_uart_eri_isr
                0x02003414       0xbc ./ra/fsp/src/r_sci_b_uart/r_sci_b_uart.o
                0x02003414                sci_b_uart_eri_isr
 .text.bsp_vbatt_init
                0x020034d0      0x278 ./ra/fsp/src/r_ioport/r_ioport.o
 .text.r_ioport_pins_config
                0x02003748       0xb4 ./ra/fsp/src/r_ioport/r_ioport.o
 .text.R_IOPORT_Open
                0x020037fc       0x14 ./ra/fsp/src/r_ioport/r_ioport.o
                0x020037fc                R_IOPORT_Open
 .rodata.g_init_info
                0x02003810       0x18 ./ra/fsp/src/bsp/mcu/ra8d1/bsp_linker.o
                0x02003810                g_init_info
 .rodata.nocache_list
                0x02003828       0x18 ./ra/fsp/src/bsp/mcu/ra8d1/bsp_linker.o
 .rodata.copy_list
                0x02003840       0xf0 ./ra/fsp/src/bsp/mcu/ra8d1/bsp_linker.o
 .rodata.zero_list
                0x02003930       0x60 ./ra/fsp/src/bsp/mcu/ra8d1/bsp_linker.o
 .text.SystemCoreClockUpdate
                0x02003990       0x8c ./ra/fsp/src/bsp/mcu/all/bsp_clocks.o
                0x02003990                SystemCoreClockUpdate
 .text.R_BSP_SubClockStabilizeWaitAfterReset
                0x02003a1c        0x4 ./ra/fsp/src/bsp/mcu/all/bsp_clocks.o
                0x02003a1c                R_BSP_SubClockStabilizeWaitAfterReset
 .text.bsp_clock_init
                0x02003a20      0x190 ./ra/fsp/src/bsp/mcu/all/bsp_clocks.o
                0x02003a20                bsp_clock_init
 .text.R_BSP_SourceClockHzGet
                0x02003bb0        0xc ./ra/fsp/src/bsp/mcu/all/bsp_clocks.o
                0x02003bb0                R_BSP_SourceClockHzGet
 .text.R_BSP_Init_RTC
                0x02003bbc       0xb0 ./ra/fsp/src/bsp/mcu/all/bsp_clocks.o
                0x02003bbc                R_BSP_Init_RTC
 .text.__assert_func
                0x02003c6c        0x4 ./ra/fsp/src/bsp/mcu/all/bsp_common.o
                0x02003c6c                __assert_func
 .text.bsp_prv_software_delay_loop
                0x02003c70        0xc ./ra/fsp/src/bsp/mcu/all/bsp_delay.o
                0x02003c70                bsp_prv_software_delay_loop
 .text.R_BSP_SoftwareDelay
                0x02003c7c       0x88 ./ra/fsp/src/bsp/mcu/all/bsp_delay.o
                0x02003c7c                R_BSP_SoftwareDelay
 .text.NMI_Handler
                0x02003d04       0x44 ./ra/fsp/src/bsp/mcu/all/bsp_group_irq.o
                0x02003d04                NMI_Handler
 .text.bsp_irq_cfg
                0x02003d48       0x34 ./ra/fsp/src/bsp/mcu/all/bsp_irq.o
                0x02003d48                bsp_irq_cfg
 .text.R_BSP_RegisterProtectEnable
                0x02003d7c       0x60 ./ra/fsp/src/bsp/mcu/all/bsp_register_protection.o
                0x02003d7c                R_BSP_RegisterProtectEnable
 .text.R_BSP_RegisterProtectDisable
                0x02003ddc       0x54 ./ra/fsp/src/bsp/mcu/all/bsp_register_protection.o
                0x02003ddc                R_BSP_RegisterProtectDisable
 .rodata.g_prcr_masks
                0x02003e30        0xa ./ra/fsp/src/bsp/mcu/all/bsp_register_protection.o
 *fill*         0x02003e3a        0x2 
 .text._sbrk    0x02003e3c       0x30 ./ra/fsp/src/bsp/mcu/all/bsp_sbrk.o
                0x02003e3c                _sbrk
 .text.Default_Handler
                0x02003e6c        0x4 ./ra/fsp/src/bsp/cmsis/Device/RENESAS/Source/startup.o
                0x02003e6c                DebugMon_Handler
                0x02003e6c                HardFault_Handler
                0x02003e6c                PendSV_Handler
                0x02003e6c                UsageFault_Handler
                0x02003e6c                SecureFault_Handler
                0x02003e6c                Default_Handler
                0x02003e6c                MemManage_Handler
                0x02003e6c                SVC_Handler
                0x02003e6c                BusFault_Handler
 .text.Reset_Handler
                0x02003e70        0xc ./ra/fsp/src/bsp/cmsis/Device/RENESAS/Source/startup.o
                0x02003e70                Reset_Handler
 .text.SystemRuntimeInit
                0x02003e7c       0x64 ./ra/fsp/src/bsp/cmsis/Device/RENESAS/Source/system.o
 .text.SystemInit
                0x02003ee0      0x2f8 ./ra/fsp/src/bsp/cmsis/Device/RENESAS/Source/system.o
                0x02003ee0                SystemInit
 .text.bsp_init
                0x020041d8        0x4 ./ra/board/ra8d1_ek/board_init.o
                0x020041d8                bsp_init
 .rodata.g_bsp_leds
                0x020041dc        0x8 ./ra/board/ra8d1_ek/board_leds.o
                0x020041dc                g_bsp_leds
 .rodata.g_bsp_prv_leds
                0x020041e4        0x6 ./ra/board/ra8d1_ek/board_leds.o
 .text.__cvt    0x020041ea       0xa8 D:/Program Files/GCC/arm-gnu-toolchain-13.3.rel1-mingw-w64-i686-arm-none-eabi/bin/../lib/gcc/arm-none-eabi/13.3.1/thumb/v8-m.main+dp/hard\libg_nano.a(libc_a-nano-vfprintf_float.o)
                0x020041ea                __cvt
 .text.__exponent
                0x02004292       0x72 D:/Program Files/GCC/arm-gnu-toolchain-13.3.rel1-mingw-w64-i686-arm-none-eabi/bin/../lib/gcc/arm-none-eabi/13.3.1/thumb/v8-m.main+dp/hard\libg_nano.a(libc_a-nano-vfprintf_float.o)
                0x02004292                __exponent
 .rodata._printf_float.str1.1
                0x02004304      0x137 D:/Program Files/GCC/arm-gnu-toolchain-13.3.rel1-mingw-w64-i686-arm-none-eabi/bin/../lib/gcc/arm-none-eabi/13.3.1/thumb/v8-m.main+dp/hard\libg_nano.a(libc_a-nano-vfprintf_float.o)
                                 0x12 (size before relaxing)
 *fill*         0x0200443b        0x5 
 .text._printf_float
                0x02004440      0x434 D:/Program Files/GCC/arm-gnu-toolchain-13.3.rel1-mingw-w64-i686-arm-none-eabi/bin/../lib/gcc/arm-none-eabi/13.3.1/thumb/v8-m.main+dp/hard\libg_nano.a(libc_a-nano-vfprintf_float.o)
                0x02004440                _printf_float
 .text._printf_common
                0x02004874       0xe4 D:/Program Files/GCC/arm-gnu-toolchain-13.3.rel1-mingw-w64-i686-arm-none-eabi/bin/../lib/gcc/arm-none-eabi/13.3.1/thumb/v8-m.main+dp/hard\libg_nano.a(libc_a-nano-vfprintf_i.o)
                0x02004874                _printf_common
 .rodata._printf_i.str1.1
                0x02004958       0x22 D:/Program Files/GCC/arm-gnu-toolchain-13.3.rel1-mingw-w64-i686-arm-none-eabi/bin/../lib/gcc/arm-none-eabi/13.3.1/thumb/v8-m.main+dp/hard\libg_nano.a(libc_a-nano-vfprintf_i.o)
 .text._printf_i
                0x02004958      0x23c D:/Program Files/GCC/arm-gnu-toolchain-13.3.rel1-mingw-w64-i686-arm-none-eabi/bin/../lib/gcc/arm-none-eabi/13.3.1/thumb/v8-m.main+dp/hard\libg_nano.a(libc_a-nano-vfprintf_i.o)
                0x02004958                _printf_i
 .text.std      0x02004b94       0x6c D:/Program Files/GCC/arm-gnu-toolchain-13.3.rel1-mingw-w64-i686-arm-none-eabi/bin/../lib/gcc/arm-none-eabi/13.3.1/thumb/v8-m.main+dp/hard\libg_nano.a(libc_a-findfp.o)
 .text.stdio_exit_handler
                0x02004c00       0x18 D:/Program Files/GCC/arm-gnu-toolchain-13.3.rel1-mingw-w64-i686-arm-none-eabi/bin/../lib/gcc/arm-none-eabi/13.3.1/thumb/v8-m.main+dp/hard\libg_nano.a(libc_a-findfp.o)
 .text.cleanup_stdio
                0x02004c18       0x40 D:/Program Files/GCC/arm-gnu-toolchain-13.3.rel1-mingw-w64-i686-arm-none-eabi/bin/../lib/gcc/arm-none-eabi/13.3.1/thumb/v8-m.main+dp/hard\libg_nano.a(libc_a-findfp.o)
 .text.global_stdio_init.part.0
                0x02004c58       0x3c D:/Program Files/GCC/arm-gnu-toolchain-13.3.rel1-mingw-w64-i686-arm-none-eabi/bin/../lib/gcc/arm-none-eabi/13.3.1/thumb/v8-m.main+dp/hard\libg_nano.a(libc_a-findfp.o)
 .text.__sfp_lock_acquire
                0x02004c94        0xc D:/Program Files/GCC/arm-gnu-toolchain-13.3.rel1-mingw-w64-i686-arm-none-eabi/bin/../lib/gcc/arm-none-eabi/13.3.1/thumb/v8-m.main+dp/hard\libg_nano.a(libc_a-findfp.o)
                0x02004c94                __sfp_lock_acquire
 .text.__sfp_lock_release
                0x02004ca0        0xc D:/Program Files/GCC/arm-gnu-toolchain-13.3.rel1-mingw-w64-i686-arm-none-eabi/bin/../lib/gcc/arm-none-eabi/13.3.1/thumb/v8-m.main+dp/hard\libg_nano.a(libc_a-findfp.o)
                0x02004ca0                __sfp_lock_release
 .text.__sinit  0x02004cac       0x30 D:/Program Files/GCC/arm-gnu-toolchain-13.3.rel1-mingw-w64-i686-arm-none-eabi/bin/../lib/gcc/arm-none-eabi/13.3.1/thumb/v8-m.main+dp/hard\libg_nano.a(libc_a-findfp.o)
                0x02004cac                __sinit
 .text._fwalk_sglue
                0x02004cdc       0x3c D:/Program Files/GCC/arm-gnu-toolchain-13.3.rel1-mingw-w64-i686-arm-none-eabi/bin/../lib/gcc/arm-none-eabi/13.3.1/thumb/v8-m.main+dp/hard\libg_nano.a(libc_a-fwalk.o)
                0x02004cdc                _fwalk_sglue
 .text.printf   0x02004d18       0x24 D:/Program Files/GCC/arm-gnu-toolchain-13.3.rel1-mingw-w64-i686-arm-none-eabi/bin/../lib/gcc/arm-none-eabi/13.3.1/thumb/v8-m.main+dp/hard\libg_nano.a(libc_a-printf.o)
                0x02004d18                iprintf
                0x02004d18                printf
 .text.putchar  0x02004d3c       0x10 D:/Program Files/GCC/arm-gnu-toolchain-13.3.rel1-mingw-w64-i686-arm-none-eabi/bin/../lib/gcc/arm-none-eabi/13.3.1/thumb/v8-m.main+dp/hard\libg_nano.a(libc_a-putchar.o)
                0x02004d3c                putchar
 .text._puts_r  0x02004d4c       0xaa D:/Program Files/GCC/arm-gnu-toolchain-13.3.rel1-mingw-w64-i686-arm-none-eabi/bin/../lib/gcc/arm-none-eabi/13.3.1/thumb/v8-m.main+dp/hard\libg_nano.a(libc_a-puts.o)
                0x02004d4c                _puts_r
 *fill*         0x02004df6        0x2 
 .text.puts     0x02004df8       0x10 D:/Program Files/GCC/arm-gnu-toolchain-13.3.rel1-mingw-w64-i686-arm-none-eabi/bin/../lib/gcc/arm-none-eabi/13.3.1/thumb/v8-m.main+dp/hard\libg_nano.a(libc_a-puts.o)
                0x02004df8                puts
 .text.__sread  0x02004e08       0x22 D:/Program Files/GCC/arm-gnu-toolchain-13.3.rel1-mingw-w64-i686-arm-none-eabi/bin/../lib/gcc/arm-none-eabi/13.3.1/thumb/v8-m.main+dp/hard\libg_nano.a(libc_a-stdio.o)
                0x02004e08                __sread
 .text.__swrite
                0x02004e2a       0x38 D:/Program Files/GCC/arm-gnu-toolchain-13.3.rel1-mingw-w64-i686-arm-none-eabi/bin/../lib/gcc/arm-none-eabi/13.3.1/thumb/v8-m.main+dp/hard\libg_nano.a(libc_a-stdio.o)
                0x02004e2a                __swrite
 .text.__sseek  0x02004e62       0x24 D:/Program Files/GCC/arm-gnu-toolchain-13.3.rel1-mingw-w64-i686-arm-none-eabi/bin/../lib/gcc/arm-none-eabi/13.3.1/thumb/v8-m.main+dp/hard\libg_nano.a(libc_a-stdio.o)
                0x02004e62                __sseek
 .text.__sclose
                0x02004e86        0x8 D:/Program Files/GCC/arm-gnu-toolchain-13.3.rel1-mingw-w64-i686-arm-none-eabi/bin/../lib/gcc/arm-none-eabi/13.3.1/thumb/v8-m.main+dp/hard\libg_nano.a(libc_a-stdio.o)
                0x02004e86                __sclose
 .text.__swbuf_r
                0x02004e8e       0x7c D:/Program Files/GCC/arm-gnu-toolchain-13.3.rel1-mingw-w64-i686-arm-none-eabi/bin/../lib/gcc/arm-none-eabi/13.3.1/thumb/v8-m.main+dp/hard\libg_nano.a(libc_a-wbuf.o)
                0x02004e8e                __swbuf_r
 *fill*         0x02004f0a        0x2 
 .text.__swsetup_r
                0x02004f0c       0xac D:/Program Files/GCC/arm-gnu-toolchain-13.3.rel1-mingw-w64-i686-arm-none-eabi/bin/../lib/gcc/arm-none-eabi/13.3.1/thumb/v8-m.main+dp/hard\libg_nano.a(libc_a-wsetup.o)
                0x02004f0c                __swsetup_r
 .text.memset   0x02004fb8       0x10 D:/Program Files/GCC/arm-gnu-toolchain-13.3.rel1-mingw-w64-i686-arm-none-eabi/bin/../lib/gcc/arm-none-eabi/13.3.1/thumb/v8-m.main+dp/hard\libg_nano.a(libc_a-memset.o)
                0x02004fb8                memset
 .text._localeconv_r
                0x02004fc8        0x8 D:/Program Files/GCC/arm-gnu-toolchain-13.3.rel1-mingw-w64-i686-arm-none-eabi/bin/../lib/gcc/arm-none-eabi/13.3.1/thumb/v8-m.main+dp/hard\libg_nano.a(libc_a-localeconv.o)
                0x02004fc8                _localeconv_r
 .text._close_r
                0x02004fd0       0x20 D:/Program Files/GCC/arm-gnu-toolchain-13.3.rel1-mingw-w64-i686-arm-none-eabi/bin/../lib/gcc/arm-none-eabi/13.3.1/thumb/v8-m.main+dp/hard\libg_nano.a(libc_a-closer.o)
                0x02004fd0                _close_r
 .text._lseek_r
                0x02004ff0       0x24 D:/Program Files/GCC/arm-gnu-toolchain-13.3.rel1-mingw-w64-i686-arm-none-eabi/bin/../lib/gcc/arm-none-eabi/13.3.1/thumb/v8-m.main+dp/hard\libg_nano.a(libc_a-lseekr.o)
                0x02004ff0                _lseek_r
 .text._read_r  0x02005014       0x24 D:/Program Files/GCC/arm-gnu-toolchain-13.3.rel1-mingw-w64-i686-arm-none-eabi/bin/../lib/gcc/arm-none-eabi/13.3.1/thumb/v8-m.main+dp/hard\libg_nano.a(libc_a-readr.o)
                0x02005014                _read_r
 .text._write_r
                0x02005038       0x24 D:/Program Files/GCC/arm-gnu-toolchain-13.3.rel1-mingw-w64-i686-arm-none-eabi/bin/../lib/gcc/arm-none-eabi/13.3.1/thumb/v8-m.main+dp/hard\libg_nano.a(libc_a-writer.o)
                0x02005038                _write_r
 .text.__errno  0x0200505c        0xc D:/Program Files/GCC/arm-gnu-toolchain-13.3.rel1-mingw-w64-i686-arm-none-eabi/bin/../lib/gcc/arm-none-eabi/13.3.1/thumb/v8-m.main+dp/hard\libg_nano.a(libc_a-errno.o)
                0x0200505c                __errno
 .text.__retarget_lock_init_recursive
                0x02005068        0x2 D:/Program Files/GCC/arm-gnu-toolchain-13.3.rel1-mingw-w64-i686-arm-none-eabi/bin/../lib/gcc/arm-none-eabi/13.3.1/thumb/v8-m.main+dp/hard\libg_nano.a(libc_a-lock.o)
                0x02005068                __retarget_lock_init_recursive
 .text.__retarget_lock_acquire_recursive
                0x0200506a        0x2 D:/Program Files/GCC/arm-gnu-toolchain-13.3.rel1-mingw-w64-i686-arm-none-eabi/bin/../lib/gcc/arm-none-eabi/13.3.1/thumb/v8-m.main+dp/hard\libg_nano.a(libc_a-lock.o)
                0x0200506a                __retarget_lock_acquire_recursive
 .text.__retarget_lock_release_recursive
                0x0200506c        0x2 D:/Program Files/GCC/arm-gnu-toolchain-13.3.rel1-mingw-w64-i686-arm-none-eabi/bin/../lib/gcc/arm-none-eabi/13.3.1/thumb/v8-m.main+dp/hard\libg_nano.a(libc_a-lock.o)
                0x0200506c                __retarget_lock_release_recursive
 .text.memchr   0x0200506e       0x1c D:/Program Files/GCC/arm-gnu-toolchain-13.3.rel1-mingw-w64-i686-arm-none-eabi/bin/../lib/gcc/arm-none-eabi/13.3.1/thumb/v8-m.main+dp/hard\libg_nano.a(libc_a-memchr-stub.o)
                0x0200506e                memchr
 .text.memcpy   0x0200508a       0x1a D:/Program Files/GCC/arm-gnu-toolchain-13.3.rel1-mingw-w64-i686-arm-none-eabi/bin/../lib/gcc/arm-none-eabi/13.3.1/thumb/v8-m.main+dp/hard\libg_nano.a(libc_a-memcpy-stub.o)
                0x0200508a                memcpy
 .text          0x020050a4       0x10 D:/Program Files/GCC/arm-gnu-toolchain-13.3.rel1-mingw-w64-i686-arm-none-eabi/bin/../lib/gcc/arm-none-eabi/13.3.1/thumb/v8-m.main+dp/hard\libg_nano.a(libc_a-strlen.o)
                0x020050a4                strlen
 .text.quorem   0x020050b4      0x11a D:/Program Files/GCC/arm-gnu-toolchain-13.3.rel1-mingw-w64-i686-arm-none-eabi/bin/../lib/gcc/arm-none-eabi/13.3.1/thumb/v8-m.main+dp/hard\libg_nano.a(libc_a-dtoa.o)
 .rodata._dtoa_r.str1.1
                0x020051ce       0x90 D:/Program Files/GCC/arm-gnu-toolchain-13.3.rel1-mingw-w64-i686-arm-none-eabi/bin/../lib/gcc/arm-none-eabi/13.3.1/thumb/v8-m.main+dp/hard\libg_nano.a(libc_a-dtoa.o)
 *fill*         0x020051ce        0x2 
 .text._dtoa_r  0x020051d0      0xa9c D:/Program Files/GCC/arm-gnu-toolchain-13.3.rel1-mingw-w64-i686-arm-none-eabi/bin/../lib/gcc/arm-none-eabi/13.3.1/thumb/v8-m.main+dp/hard\libg_nano.a(libc_a-dtoa.o)
                0x020051d0                _dtoa_r
 .text._free_r  0x02005c6c       0x94 D:/Program Files/GCC/arm-gnu-toolchain-13.3.rel1-mingw-w64-i686-arm-none-eabi/bin/../lib/gcc/arm-none-eabi/13.3.1/thumb/v8-m.main+dp/hard\libg_nano.a(libc_a-freer.o)
                0x02005c6c                _free_r
 .text.malloc   0x02005d00       0x10 D:/Program Files/GCC/arm-gnu-toolchain-13.3.rel1-mingw-w64-i686-arm-none-eabi/bin/../lib/gcc/arm-none-eabi/13.3.1/thumb/v8-m.main+dp/hard\libg_nano.a(libc_a-malloc.o)
                0x02005d00                malloc
 .text.sbrk_aligned
                0x02005d10       0x44 D:/Program Files/GCC/arm-gnu-toolchain-13.3.rel1-mingw-w64-i686-arm-none-eabi/bin/../lib/gcc/arm-none-eabi/13.3.1/thumb/v8-m.main+dp/hard\libg_nano.a(libc_a-mallocr.o)
 .text._malloc_r
                0x02005d54      0x100 D:/Program Files/GCC/arm-gnu-toolchain-13.3.rel1-mingw-w64-i686-arm-none-eabi/bin/../lib/gcc/arm-none-eabi/13.3.1/thumb/v8-m.main+dp/hard\libg_nano.a(libc_a-mallocr.o)
                0x02005d54                _malloc_r
 .text.__malloc_lock
                0x02005e54        0xc D:/Program Files/GCC/arm-gnu-toolchain-13.3.rel1-mingw-w64-i686-arm-none-eabi/bin/../lib/gcc/arm-none-eabi/13.3.1/thumb/v8-m.main+dp/hard\libg_nano.a(libc_a-mlock.o)
                0x02005e54                __malloc_lock
 .text.__malloc_unlock
                0x02005e60        0xc D:/Program Files/GCC/arm-gnu-toolchain-13.3.rel1-mingw-w64-i686-arm-none-eabi/bin/../lib/gcc/arm-none-eabi/13.3.1/thumb/v8-m.main+dp/hard\libg_nano.a(libc_a-mlock.o)
                0x02005e60                __malloc_unlock
 .rodata._Balloc.str1.1
                0x02005e6c       0x71 D:/Program Files/GCC/arm-gnu-toolchain-13.3.rel1-mingw-w64-i686-arm-none-eabi/bin/../lib/gcc/arm-none-eabi/13.3.1/thumb/v8-m.main+dp/hard\libg_nano.a(libc_a-mprec.o)
 .text._Balloc  0x02005e6c       0x80 D:/Program Files/GCC/arm-gnu-toolchain-13.3.rel1-mingw-w64-i686-arm-none-eabi/bin/../lib/gcc/arm-none-eabi/13.3.1/thumb/v8-m.main+dp/hard\libg_nano.a(libc_a-mprec.o)
                0x02005e6c                _Balloc
 .text._Bfree   0x02005eec       0x44 D:/Program Files/GCC/arm-gnu-toolchain-13.3.rel1-mingw-w64-i686-arm-none-eabi/bin/../lib/gcc/arm-none-eabi/13.3.1/thumb/v8-m.main+dp/hard\libg_nano.a(libc_a-mprec.o)
                0x02005eec                _Bfree
 .rodata.__multadd.str1.1
                0x02005f30       0x11 D:/Program Files/GCC/arm-gnu-toolchain-13.3.rel1-mingw-w64-i686-arm-none-eabi/bin/../lib/gcc/arm-none-eabi/13.3.1/thumb/v8-m.main+dp/hard\libg_nano.a(libc_a-mprec.o)
 .text.__multadd
                0x02005f30       0x90 D:/Program Files/GCC/arm-gnu-toolchain-13.3.rel1-mingw-w64-i686-arm-none-eabi/bin/../lib/gcc/arm-none-eabi/13.3.1/thumb/v8-m.main+dp/hard\libg_nano.a(libc_a-mprec.o)
                0x02005f30                __multadd
 .text.__hi0bits
                0x02005fc0       0x3e D:/Program Files/GCC/arm-gnu-toolchain-13.3.rel1-mingw-w64-i686-arm-none-eabi/bin/../lib/gcc/arm-none-eabi/13.3.1/thumb/v8-m.main+dp/hard\libg_nano.a(libc_a-mprec.o)
                0x02005fc0                __hi0bits
 .text.__lo0bits
                0x02005ffe       0x5a D:/Program Files/GCC/arm-gnu-toolchain-13.3.rel1-mingw-w64-i686-arm-none-eabi/bin/../lib/gcc/arm-none-eabi/13.3.1/thumb/v8-m.main+dp/hard\libg_nano.a(libc_a-mprec.o)
                0x02005ffe                __lo0bits
 .text.__i2b    0x02006058       0x2c D:/Program Files/GCC/arm-gnu-toolchain-13.3.rel1-mingw-w64-i686-arm-none-eabi/bin/../lib/gcc/arm-none-eabi/13.3.1/thumb/v8-m.main+dp/hard\libg_nano.a(libc_a-mprec.o)
                0x02006058                __i2b
 .text.__multiply
                0x02006084      0x148 D:/Program Files/GCC/arm-gnu-toolchain-13.3.rel1-mingw-w64-i686-arm-none-eabi/bin/../lib/gcc/arm-none-eabi/13.3.1/thumb/v8-m.main+dp/hard\libg_nano.a(libc_a-mprec.o)
                0x02006084                __multiply
 .text.__pow5mult
                0x020061cc       0xb4 D:/Program Files/GCC/arm-gnu-toolchain-13.3.rel1-mingw-w64-i686-arm-none-eabi/bin/../lib/gcc/arm-none-eabi/13.3.1/thumb/v8-m.main+dp/hard\libg_nano.a(libc_a-mprec.o)
                0x020061cc                __pow5mult
 .text.__lshift
                0x02006280       0xd8 D:/Program Files/GCC/arm-gnu-toolchain-13.3.rel1-mingw-w64-i686-arm-none-eabi/bin/../lib/gcc/arm-none-eabi/13.3.1/thumb/v8-m.main+dp/hard\libg_nano.a(libc_a-mprec.o)
                0x02006280                __lshift
 .text.__mcmp   0x02006358       0x36 D:/Program Files/GCC/arm-gnu-toolchain-13.3.rel1-mingw-w64-i686-arm-none-eabi/bin/../lib/gcc/arm-none-eabi/13.3.1/thumb/v8-m.main+dp/hard\libg_nano.a(libc_a-mprec.o)
                0x02006358                __mcmp
 *fill*         0x0200638e        0x2 
 .text.__mdiff  0x02006390      0x130 D:/Program Files/GCC/arm-gnu-toolchain-13.3.rel1-mingw-w64-i686-arm-none-eabi/bin/../lib/gcc/arm-none-eabi/13.3.1/thumb/v8-m.main+dp/hard\libg_nano.a(libc_a-mprec.o)
                0x02006390                __mdiff
 .text.__d2b    0x020064c0       0xb0 D:/Program Files/GCC/arm-gnu-toolchain-13.3.rel1-mingw-w64-i686-arm-none-eabi/bin/../lib/gcc/arm-none-eabi/13.3.1/thumb/v8-m.main+dp/hard\libg_nano.a(libc_a-mprec.o)
                0x020064c0                __d2b
 .rodata.p05.0  0x02006570        0xc D:/Program Files/GCC/arm-gnu-toolchain-13.3.rel1-mingw-w64-i686-arm-none-eabi/bin/../lib/gcc/arm-none-eabi/13.3.1/thumb/v8-m.main+dp/hard\libg_nano.a(libc_a-mprec.o)
 *fill*         0x0200657c        0x4 
 .rodata.__mprec_bigtens
                0x02006580       0x28 D:/Program Files/GCC/arm-gnu-toolchain-13.3.rel1-mingw-w64-i686-arm-none-eabi/bin/../lib/gcc/arm-none-eabi/13.3.1/thumb/v8-m.main+dp/hard\libg_nano.a(libc_a-mprec.o)
                0x02006580                __mprec_bigtens
 .rodata.__mprec_tens
                0x020065a8       0xc8 D:/Program Files/GCC/arm-gnu-toolchain-13.3.rel1-mingw-w64-i686-arm-none-eabi/bin/../lib/gcc/arm-none-eabi/13.3.1/thumb/v8-m.main+dp/hard\libg_nano.a(libc_a-mprec.o)
                0x020065a8                __mprec_tens
 .text.__sfputc_r
                0x02006670       0x2e D:/Program Files/GCC/arm-gnu-toolchain-13.3.rel1-mingw-w64-i686-arm-none-eabi/bin/../lib/gcc/arm-none-eabi/13.3.1/thumb/v8-m.main+dp/hard\libg_nano.a(libc_a-nano-vfprintf.o)
 .text.__sfputs_r
                0x0200669e       0x24 D:/Program Files/GCC/arm-gnu-toolchain-13.3.rel1-mingw-w64-i686-arm-none-eabi/bin/../lib/gcc/arm-none-eabi/13.3.1/thumb/v8-m.main+dp/hard\libg_nano.a(libc_a-nano-vfprintf.o)
                0x0200669e                __sfputs_r
 .rodata._vfprintf_r.str1.1
                0x020066c2       0x11 D:/Program Files/GCC/arm-gnu-toolchain-13.3.rel1-mingw-w64-i686-arm-none-eabi/bin/../lib/gcc/arm-none-eabi/13.3.1/thumb/v8-m.main+dp/hard\libg_nano.a(libc_a-nano-vfprintf.o)
 *fill*         0x020066c2        0x2 
 .text._vfprintf_r
                0x020066c4      0x230 D:/Program Files/GCC/arm-gnu-toolchain-13.3.rel1-mingw-w64-i686-arm-none-eabi/bin/../lib/gcc/arm-none-eabi/13.3.1/thumb/v8-m.main+dp/hard\libg_nano.a(libc_a-nano-vfprintf.o)
                0x020066c4                _vfprintf_r
                0x020066c4                _vfiprintf_r
 .text.__sflush_r
                0x020068f4      0x108 D:/Program Files/GCC/arm-gnu-toolchain-13.3.rel1-mingw-w64-i686-arm-none-eabi/bin/../lib/gcc/arm-none-eabi/13.3.1/thumb/v8-m.main+dp/hard\libg_nano.a(libc_a-fflush.o)
                0x020068f4                __sflush_r
 .text._fflush_r
                0x020069fc       0x50 D:/Program Files/GCC/arm-gnu-toolchain-13.3.rel1-mingw-w64-i686-arm-none-eabi/bin/../lib/gcc/arm-none-eabi/13.3.1/thumb/v8-m.main+dp/hard\libg_nano.a(libc_a-fflush.o)
                0x020069fc                _fflush_r
 .text.__swhatbuf_r
                0x02006a4c       0x4a D:/Program Files/GCC/arm-gnu-toolchain-13.3.rel1-mingw-w64-i686-arm-none-eabi/bin/../lib/gcc/arm-none-eabi/13.3.1/thumb/v8-m.main+dp/hard\libg_nano.a(libc_a-makebuf.o)
                0x02006a4c                __swhatbuf_r
 .text.__smakebuf_r
                0x02006a96       0x78 D:/Program Files/GCC/arm-gnu-toolchain-13.3.rel1-mingw-w64-i686-arm-none-eabi/bin/../lib/gcc/arm-none-eabi/13.3.1/thumb/v8-m.main+dp/hard\libg_nano.a(libc_a-makebuf.o)
                0x02006a96                __smakebuf_r
 .text._putc_r  0x02006b0e       0x68 D:/Program Files/GCC/arm-gnu-toolchain-13.3.rel1-mingw-w64-i686-arm-none-eabi/bin/../lib/gcc/arm-none-eabi/13.3.1/thumb/v8-m.main+dp/hard\libg_nano.a(libc_a-putc.o)
                0x02006b0e                _putc_r
 .rodata._setlocale_r.str1.1
                0x02006b76        0x9 D:/Program Files/GCC/arm-gnu-toolchain-13.3.rel1-mingw-w64-i686-arm-none-eabi/bin/../lib/gcc/arm-none-eabi/13.3.1/thumb/v8-m.main+dp/hard\libg_nano.a(libc_a-locale.o)
 .rodata.str1.1
                0x02006b76        0x2 D:/Program Files/GCC/arm-gnu-toolchain-13.3.rel1-mingw-w64-i686-arm-none-eabi/bin/../lib/gcc/arm-none-eabi/13.3.1/thumb/v8-m.main+dp/hard\libg_nano.a(libc_a-locale.o)
 *fill*         0x02006b76        0x2 
 .text._fstat_r
                0x02006b78       0x24 D:/Program Files/GCC/arm-gnu-toolchain-13.3.rel1-mingw-w64-i686-arm-none-eabi/bin/../lib/gcc/arm-none-eabi/13.3.1/thumb/v8-m.main+dp/hard\libg_nano.a(libc_a-fstatr.o)
                0x02006b78                _fstat_r
 .text._isatty_r
                0x02006b9c       0x20 D:/Program Files/GCC/arm-gnu-toolchain-13.3.rel1-mingw-w64-i686-arm-none-eabi/bin/../lib/gcc/arm-none-eabi/13.3.1/thumb/v8-m.main+dp/hard\libg_nano.a(libc_a-isattyr.o)
                0x02006b9c                _isatty_r
 .text._sbrk_r  0x02006bbc       0x20 D:/Program Files/GCC/arm-gnu-toolchain-13.3.rel1-mingw-w64-i686-arm-none-eabi/bin/../lib/gcc/arm-none-eabi/13.3.1/thumb/v8-m.main+dp/hard\libg_nano.a(libc_a-sbrkr.o)
                0x02006bbc                _sbrk_r
 .text._calloc_r
                0x02006bdc       0x28 D:/Program Files/GCC/arm-gnu-toolchain-13.3.rel1-mingw-w64-i686-arm-none-eabi/bin/../lib/gcc/arm-none-eabi/13.3.1/thumb/v8-m.main+dp/hard\libg_nano.a(libc_a-callocr.o)
                0x02006bdc                _calloc_r
 .text.__ascii_mbtowc
                0x02006c04       0x24 D:/Program Files/GCC/arm-gnu-toolchain-13.3.rel1-mingw-w64-i686-arm-none-eabi/bin/../lib/gcc/arm-none-eabi/13.3.1/thumb/v8-m.main+dp/hard\libg_nano.a(libc_a-mbtowc_r.o)
                0x02006c04                __ascii_mbtowc
 .text.__ascii_wctomb
                0x02006c28       0x1a D:/Program Files/GCC/arm-gnu-toolchain-13.3.rel1-mingw-w64-i686-arm-none-eabi/bin/../lib/gcc/arm-none-eabi/13.3.1/thumb/v8-m.main+dp/hard\libg_nano.a(libc_a-wctomb_r.o)
                0x02006c28                __ascii_wctomb
 *fill*         0x02006c42        0x6 
 .text.__ascii_wctomb.__stub
                0x02006c48        0x8 linker stubs
 .rodata._ctype_
                0x02006c50      0x101 D:/Program Files/GCC/arm-gnu-toolchain-13.3.rel1-mingw-w64-i686-arm-none-eabi/bin/../lib/gcc/arm-none-eabi/13.3.1/thumb/v8-m.main+dp/hard\libg_nano.a(libc_a-ctype_.o)
                0x02006c50                _ctype_
 *(.flash)
 *(.flash_code)
 *(.text*)
 *(.rodata*)
 *(.mcuboot_sce9_key)
 *(.version)
 *fill*         0x02006d51        0x3 
 .version       0x02006d54       0x50 ./ra/fsp/src/bsp/mcu/all/bsp_common.o
                0x02006da4                        __flash_readonly$$Limit = .

.glue_7         0x02006da4        0x0
 .glue_7        0x02006da4        0x0 linker stubs

.glue_7t        0x02006da4        0x0
 .glue_7t       0x02006da4        0x0 linker stubs

.vfp11_veneer   0x02006da4        0x0
 .vfp11_veneer  0x02006da4        0x0 linker stubs

.v4_bx          0x02006da4        0x0
 .v4_bx         0x02006da4        0x0 linker stubs

.iplt           0x02006da4        0x0
 .iplt          0x02006da4        0x0 D:/Program Files/GCC/arm-gnu-toolchain-13.3.rel1-mingw-w64-i686-arm-none-eabi/bin/../lib/gcc/arm-none-eabi/13.3.1/thumb/v8-m.main+dp/hard/crtfastmath.o

.init           0x02006da4        0x4
 .init          0x02006da4        0x4 D:/Program Files/GCC/arm-gnu-toolchain-13.3.rel1-mingw-w64-i686-arm-none-eabi/bin/../lib/gcc/arm-none-eabi/13.3.1/thumb/v8-m.main+dp/hard/crti.o
                0x02006da4                _init

.fini           0x02006da8        0x4
 .fini          0x02006da8        0x4 D:/Program Files/GCC/arm-gnu-toolchain-13.3.rel1-mingw-w64-i686-arm-none-eabi/bin/../lib/gcc/arm-none-eabi/13.3.1/thumb/v8-m.main+dp/hard/crti.o
                0x02006da8                _fini

__flash_ctor$$
 *crtbegin.o(.ctors)
 *crtbegin?.o(.ctors)
 EXCLUDE_FILE(*crtend.o *crtend?.o) *(.ctors)
 *(SORT_BY_NAME(.ctors.*))
 *(.ctors)
 *crtbegin.o(.dtors)
 *crtbegin?.o(.dtors)
 EXCLUDE_FILE(*crtend.o *crtend?.o) *(.dtors)
 *(SORT_BY_NAME(.dtors.*))
 *(.dtors)

__flash_preinit_array$$
                0x02006dac        0x0
                0x02006dac                        __preinit_array_start = .
 *(.preinit_array)
                0x02006dac                        __preinit_array_end = .

__flash_.got$$
 *(.got.plt)
 *(.got)

__flash_init_array$$
                0x02006dac        0x8
                0x02006dac                        __init_array_start = .
 *(SORT_BY_NAME(.init_array.*))
 *(.init_array)
 .init_array    0x02006dac        0x4 D:/Program Files/GCC/arm-gnu-toolchain-13.3.rel1-mingw-w64-i686-arm-none-eabi/bin/../lib/gcc/arm-none-eabi/13.3.1/thumb/v8-m.main+dp/hard/crtfastmath.o
 .init_array    0x02006db0        0x4 D:/Program Files/GCC/arm-gnu-toolchain-13.3.rel1-mingw-w64-i686-arm-none-eabi/bin/../lib/gcc/arm-none-eabi/13.3.1/thumb/v8-m.main+dp/hard/crtbegin.o
                0x02006db4                        __init_array_end = .

__flash_fini_array$$
                0x02006db4        0x4
                0x02006db4                        __fini_array_start = .
 *(SORT_BY_NAME(.fini_array.*))
 *(.fini_array)
 .fini_array    0x02006db4        0x4 D:/Program Files/GCC/arm-gnu-toolchain-13.3.rel1-mingw-w64-i686-arm-none-eabi/bin/../lib/gcc/arm-none-eabi/13.3.1/thumb/v8-m.main+dp/hard/crtbegin.o
                0x02006db8                        __fini_array_end = .

.igot.plt       0x02006db8        0x0
 .igot.plt      0x02006db8        0x0 D:/Program Files/GCC/arm-gnu-toolchain-13.3.rel1-mingw-w64-i686-arm-none-eabi/bin/../lib/gcc/arm-none-eabi/13.3.1/thumb/v8-m.main+dp/hard/crtfastmath.o

.tm_clone_table
                0x22008420        0x0 load address 0x02006db8
 .tm_clone_table
                0x22008420        0x0 D:/Program Files/GCC/arm-gnu-toolchain-13.3.rel1-mingw-w64-i686-arm-none-eabi/bin/../lib/gcc/arm-none-eabi/13.3.1/thumb/v8-m.main+dp/hard/crtbegin.o
 .tm_clone_table
                0x22008420        0x0 D:/Program Files/GCC/arm-gnu-toolchain-13.3.rel1-mingw-w64-i686-arm-none-eabi/bin/../lib/gcc/arm-none-eabi/13.3.1/thumb/v8-m.main+dp/hard/crtend.o

__flash_arm.extab$$
 *(.ARM.extab*)
 *(.gnu.linkonce.armextab.*)

__flash_arm.exidx$$
                0x02006db8        0x8
                0x02006db8                        __exidx_start = .
 *(.ARM.exidx*)
 .ARM.exidx     0x02006db8        0x8 D:/Program Files/GCC/arm-gnu-toolchain-13.3.rel1-mingw-w64-i686-arm-none-eabi/bin/../lib/gcc/arm-none-eabi/13.3.1/thumb/v8-m.main+dp/hard\libg_nano.a(libc_a-strlen.o)
 *(.gnu.linkonce.armexidx.*)
                0x02006dc0                        __exidx_end = .

.flash.endof    0x02006e00        0x0
                0x02006e00                        __ddsc_FLASH_END = .

.flash.flat_nsc
                0x02006e00        0x0
                0x02006e00                        __ddsc_FLASH_NSC = .

.option_setting_ofs0.startof
                0x0300a100        0x0
                0x0300a100                        __ddsc_OPTION_SETTING_OFS0_START = .

__option_setting_ofs0_reg$$
                0x0300a100        0x4
                0x0300a100                        __option_setting_ofs0_reg$$Base = .
 *(.option_setting_ofs0)
 .option_setting_ofs0
                0x0300a100        0x4 ./ra/fsp/src/bsp/mcu/ra8d1/bsp_linker.o
                0x0300a104                        __option_setting_ofs0_reg$$Limit = .

.option_setting_ofs0.endof
                0x0300a104        0x0
                0x0300a104                        __ddsc_OPTION_SETTING_OFS0_END = .

.option_setting_ofs2.startof
                0x0300a104        0x0
                0x0300a104                        __ddsc_OPTION_SETTING_OFS2_START = .

__option_setting_ofs2_reg$$
                0x0300a104        0x4
                0x0300a104                        __option_setting_ofs2_reg$$Base = .
 *(.option_setting_ofs2)
 .option_setting_ofs2
                0x0300a104        0x4 ./ra/fsp/src/bsp/mcu/ra8d1/bsp_linker.o
                0x0300a108                        __option_setting_ofs2_reg$$Limit = .

.option_setting_ofs2.endof
                0x0300a108        0x0
                0x0300a108                        __ddsc_OPTION_SETTING_OFS2_END = .

.option_setting_dualsel.startof
                0x0300a110        0x0
                0x0300a110                        __ddsc_OPTION_SETTING_DUALSEL_START = .

__option_setting_dualsel_reg$$
                0x0300a110        0x0
                0x0300a110                        __option_setting_dualsel_reg$$Base = .
 *(.option_setting_dualsel)
                0x0300a110                        __option_setting_dualsel_reg$$Limit = .

.option_setting_dualsel.endof
                0x0300a110        0x0
                0x0300a110                        __ddsc_OPTION_SETTING_DUALSEL_END = .

.option_setting_ofs1.startof
                0x1300a180        0x0
                0x1300a180                        __ddsc_OPTION_SETTING_OFS1_START = .

__option_setting_ofs1_reg$$
                0x1300a180        0x0
                0x1300a180                        __option_setting_ofs1_reg$$Base = .
 *(.option_setting_ofs1)
                0x1300a180                        __option_setting_ofs1_reg$$Limit = .

.option_setting_ofs1.endof
                0x1300a180        0x0
                0x1300a180                        __ddsc_OPTION_SETTING_OFS1_END = .

.option_setting_banksel.startof
                0x1300a190        0x0
                0x1300a190                        __ddsc_OPTION_SETTING_BANKSEL_START = .

__option_setting_banksel_reg$$
                0x1300a190        0x0
                0x1300a190                        __option_setting_banksel_reg$$Base = .
 *(.option_setting_banksel)
                0x1300a190                        __option_setting_banksel_reg$$Limit = .

.option_setting_banksel.endof
                0x1300a190        0x0
                0x1300a190                        __ddsc_OPTION_SETTING_BANKSEL_END = .

.option_setting_bps.startof
                0x1300a1c0        0x0
                0x1300a1c0                        __ddsc_OPTION_SETTING_BPS_START = .

__option_setting_bps_reg$$
                0x1300a1c0        0x0
                0x1300a1c0                        __option_setting_bps_reg$$Base = .
 *(.option_setting_bps)
                0x1300a1c0                        __option_setting_bps_reg$$Limit = .

.option_setting_bps.endof
                0x1300a1c0        0x0
                0x1300a1c0                        __ddsc_OPTION_SETTING_BPS_END = .

.option_setting_pbps.startof
                0x1300a1e0        0x0
                0x1300a1e0                        __ddsc_OPTION_SETTING_PBPS_START = .

__option_setting_pbps_reg$$
                0x1300a1e0        0x0
                0x1300a1e0                        __option_setting_pbps_reg$$Base = .
 *(.option_setting_pbps)
                0x1300a1e0                        __option_setting_pbps_reg$$Limit = .

.option_setting_pbps.endof
                0x1300a1e0        0x0
                0x1300a1e0                        __ddsc_OPTION_SETTING_PBPS_END = .

.option_setting_ofs1_sec.startof
                0x0300a200        0x0
                0x0300a200                        __ddsc_OPTION_SETTING_OFS1_SEC_START = .

__option_setting_ofs1_sec_reg$$
                0x0300a200        0x4
                0x0300a200                        __option_setting_ofs1_sec_reg$$Base = .
 *(.option_setting_ofs1_sec)
 .option_setting_ofs1_sec
                0x0300a200        0x4 ./ra/fsp/src/bsp/mcu/ra8d1/bsp_linker.o
                0x0300a204                        __option_setting_ofs1_sec_reg$$Limit = .

.option_setting_ofs1_sec.endof
                0x0300a204        0x0
                0x0300a204                        __ddsc_OPTION_SETTING_OFS1_SEC_END = .

.option_setting_banksel_sec.startof
                0x0300a210        0x0
                0x0300a210                        __ddsc_OPTION_SETTING_BANKSEL_SEC_START = .

__option_setting_banksel_sec_reg$$
                0x0300a210        0x0
                0x0300a210                        __option_setting_banksel_sec_reg$$Base = .
 *(.option_setting_banksel_sec)
                0x0300a210                        __option_setting_banksel_sec_reg$$Limit = .

.option_setting_banksel_sec.endof
                0x0300a210        0x0
                0x0300a210                        __ddsc_OPTION_SETTING_BANKSEL_SEC_END = .

.option_setting_bps_sec.startof
                0x0300a240        0x0
                0x0300a240                        __ddsc_OPTION_SETTING_BPS_SEC_START = .

__option_setting_bps_sec_reg$$
                0x0300a240        0x0
                0x0300a240                        __option_setting_bps_sec_reg$$Base = .
 *(.option_setting_bps_sec)
                0x0300a240                        __option_setting_bps_sec_reg$$Limit = .

.option_setting_bps_sec.endof
                0x0300a240        0x0
                0x0300a240                        __ddsc_OPTION_SETTING_BPS_SEC_END = .

.option_setting_pbps_sec.startof
                0x0300a260        0x0
                0x0300a260                        __ddsc_OPTION_SETTING_PBPS_SEC_START = .

__option_setting_pbps_sec_reg$$
                0x0300a260        0x0
                0x0300a260                        __option_setting_pbps_sec_reg$$Base = .
 *(.option_setting_pbps_sec)
                0x0300a260                        __option_setting_pbps_sec_reg$$Limit = .

.option_setting_pbps_sec.endof
                0x0300a260        0x0
                0x0300a260                        __ddsc_OPTION_SETTING_PBPS_SEC_END = .

.option_setting_ofs1_sel.startof
                0x0300a280        0x0
                0x0300a280                        __ddsc_OPTION_SETTING_OFS1_SEL_START = .

__option_setting_ofs1_sel_reg$$
                0x0300a280        0x4
                0x0300a280                        __option_setting_ofs1_sel_reg$$Base = .
 *(.option_setting_ofs1_sel)
 .option_setting_ofs1_sel
                0x0300a280        0x4 ./ra/fsp/src/bsp/mcu/ra8d1/bsp_linker.o
                0x0300a284                        __option_setting_ofs1_sel_reg$$Limit = .

.eh_frame       0x0300a284        0x0
 .eh_frame      0x0300a284        0x0 D:/Program Files/GCC/arm-gnu-toolchain-13.3.rel1-mingw-w64-i686-arm-none-eabi/bin/../lib/gcc/arm-none-eabi/13.3.1/thumb/v8-m.main+dp/hard/crtbegin.o

.rel.dyn        0x0300a284        0x0
 .rel.iplt      0x0300a284        0x0 D:/Program Files/GCC/arm-gnu-toolchain-13.3.rel1-mingw-w64-i686-arm-none-eabi/bin/../lib/gcc/arm-none-eabi/13.3.1/thumb/v8-m.main+dp/hard/crtfastmath.o

.option_setting_ofs1_sel.endof
                0x0300a284        0x0
                0x0300a284                        __ddsc_OPTION_SETTING_OFS1_SEL_END = .

.option_setting_banksel_sel.startof
                0x0300a290        0x0
                0x0300a290                        __ddsc_OPTION_SETTING_BANKSEL_SEL_START = .

__option_setting_banksel_sel_reg$$
                0x0300a290        0x0
                0x0300a290                        __option_setting_banksel_sel_reg$$Base = .
 *(.option_setting_banksel_sel)
                0x0300a290                        __option_setting_banksel_sel_reg$$Limit = .

.option_setting_banksel_sel.endof
                0x0300a290        0x0
                0x0300a290                        __ddsc_OPTION_SETTING_BANKSEL_SEL_END = .

.option_setting_bps_sel.startof
                0x0300a2c0        0x0
                0x0300a2c0                        __ddsc_OPTION_SETTING_BPS_SEL_START = .

__option_setting_bps_sel_reg$$
                0x0300a2c0        0x0
                0x0300a2c0                        __option_setting_bps_sel_reg$$Base = .
 *(.option_setting_bps_sel)
                0x0300a2c0                        __option_setting_bps_sel_reg$$Limit = .

.option_setting_bps_sel.endof
                0x0300a2c0        0x0
                0x0300a2c0                        __ddsc_OPTION_SETTING_BPS_SEL_END = .

.option_setting_data_flash_fsblctrl0.startof
                0x27030080        0x0
                0x27030080                        __ddsc_OPTION_SETTING_DATA_FLASH_FSBLCTRL0_START = .

__option_setting_data_flash_fsblctrl0_reg$$
                0x27030080        0x0
                0x27030080                        __option_setting_data_flash_fsblctrl0_reg$$Base = .
 *(.option_setting_data_flash_fsblctrl0)
                0x27030080                        __option_setting_data_flash_fsblctrl0_reg$$Limit = .

.option_setting_data_flash_fsblctrl0.endof
                0x27030080        0x0
                0x27030080                        __ddsc_OPTION_SETTING_DATA_FLASH_FSBLCTRL0_END = .

.option_setting_data_flash_fsblctrl1.startof
                0x27030084        0x0
                0x27030084                        __ddsc_OPTION_SETTING_DATA_FLASH_FSBLCTRL1_START = .

__option_setting_data_flash_fsblctrl1_reg$$
                0x27030084        0x0
                0x27030084                        __option_setting_data_flash_fsblctrl1_reg$$Base = .
 *(.option_setting_data_flash_fsblctrl1)
                0x27030084                        __option_setting_data_flash_fsblctrl1_reg$$Limit = .

.option_setting_data_flash_fsblctrl1.endof
                0x27030084        0x0
                0x27030084                        __ddsc_OPTION_SETTING_DATA_FLASH_FSBLCTRL1_END = .

.option_setting_data_flash_fsblctrl2.startof
                0x27030088        0x0
                0x27030088                        __ddsc_OPTION_SETTING_DATA_FLASH_FSBLCTRL2_START = .

__option_setting_data_flash_fsblctrl2_reg$$
                0x27030088        0x0
                0x27030088                        __option_setting_data_flash_fsblctrl2_reg$$Base = .
 *(.option_setting_data_flash_fsblctrl2)
                0x27030088                        __option_setting_data_flash_fsblctrl2_reg$$Limit = .

.option_setting_data_flash_fsblctrl2.endof
                0x27030088        0x0
                0x27030088                        __ddsc_OPTION_SETTING_DATA_FLASH_FSBLCTRL2_END = .

.option_setting_data_flash_sacc0.startof
                0x2703008c        0x0
                0x2703008c                        __ddsc_OPTION_SETTING_DATA_FLASH_SACC0_START = .

__option_setting_data_flash_sacc0_reg$$
                0x2703008c        0x0
                0x2703008c                        __option_setting_data_flash_sacc0_reg$$Base = .
 *(.option_setting_data_flash_sacc0)
                0x2703008c                        __option_setting_data_flash_sacc0_reg$$Limit = .

.option_setting_data_flash_sacc0.endof
                0x2703008c        0x0
                0x2703008c                        __ddsc_OPTION_SETTING_DATA_FLASH_SACC0_END = .

.option_setting_data_flash_sacc1.startof
                0x27030090        0x0
                0x27030090                        __ddsc_OPTION_SETTING_DATA_FLASH_SACC1_START = .

__option_setting_data_flash_sacc1_reg$$
                0x27030090        0x0
                0x27030090                        __option_setting_data_flash_sacc1_reg$$Base = .
 *(.option_setting_data_flash_sacc1)
                0x27030090                        __option_setting_data_flash_sacc1_reg$$Limit = .

.option_setting_data_flash_sacc1.endof
                0x27030090        0x0
                0x27030090                        __ddsc_OPTION_SETTING_DATA_FLASH_SACC1_END = .

.option_setting_data_flash_samr.startof
                0x27030094        0x0
                0x27030094                        __ddsc_OPTION_SETTING_DATA_FLASH_SAMR_START = .

__option_setting_data_flash_samr_reg$$
                0x27030094        0x0
                0x27030094                        __option_setting_data_flash_samr_reg$$Base = .
 *(.option_setting_data_flash_samr)
                0x27030094                        __option_setting_data_flash_samr_reg$$Limit = .

.option_setting_data_flash_samr.endof
                0x27030094        0x0
                0x27030094                        __ddsc_OPTION_SETTING_DATA_FLASH_SAMR_END = .
OUTPUT(ra8d1_coremark_gcc.elf elf32-littlearm)
LOAD linker stubs

.ARM.attributes
                0x00000000       0x3c
 .ARM.attributes
                0x00000000       0x36 D:/Program Files/GCC/arm-gnu-toolchain-13.3.rel1-mingw-w64-i686-arm-none-eabi/bin/../lib/gcc/arm-none-eabi/13.3.1/thumb/v8-m.main+dp/hard/crtfastmath.o
 .ARM.attributes
                0x00000036       0x24 D:/Program Files/GCC/arm-gnu-toolchain-13.3.rel1-mingw-w64-i686-arm-none-eabi/bin/../lib/gcc/arm-none-eabi/13.3.1/thumb/v8-m.main+dp/hard/crti.o
 .ARM.attributes
                0x0000005a       0x36 D:/Program Files/GCC/arm-gnu-toolchain-13.3.rel1-mingw-w64-i686-arm-none-eabi/bin/../lib/gcc/arm-none-eabi/13.3.1/thumb/v8-m.main+dp/hard/crtbegin.o
 .ARM.attributes
                0x00000090       0x3a ./src/log/syscall.o
 .ARM.attributes
                0x000000ca       0x3a ./src/coremark/core_list_join.o
 .ARM.attributes
                0x00000104       0x3a ./src/coremark/core_main.o
 .ARM.attributes
                0x0000013e       0x3a ./src/coremark/core_matrix.o
 .ARM.attributes
                0x00000178       0x3a ./src/coremark/core_portme.o
 .ARM.attributes
                0x000001b2       0x3a ./src/coremark/core_state.o
 .ARM.attributes
                0x000001ec       0x3a ./src/coremark/core_util.o
 .ARM.attributes
                0x00000226       0x3a ./src/hal_entry.o
 .ARM.attributes
                0x00000260       0x3a ./src/hal_warmstart.o
 .ARM.attributes
                0x0000029a       0x3a ./ra_gen/common_data.o
 .ARM.attributes
                0x000002d4       0x3a ./ra_gen/hal_data.o
 .ARM.attributes
                0x0000030e       0x3a ./ra_gen/main.o
 .ARM.attributes
                0x00000348       0x3a ./ra_gen/pin_data.o
 .ARM.attributes
                0x00000382       0x3a ./ra_gen/vector_data.o
 .ARM.attributes
                0x000003bc       0x3a ./ra/fsp/src/r_sci_b_uart/r_sci_b_uart.o
 .ARM.attributes
                0x000003f6       0x3a ./ra/fsp/src/r_ioport/r_ioport.o
 .ARM.attributes
                0x00000430       0x3a ./ra/fsp/src/bsp/mcu/ra8d1/bsp_linker.o
 .ARM.attributes
                0x0000046a       0x3a ./ra/fsp/src/bsp/mcu/all/bsp_clocks.o
 .ARM.attributes
                0x000004a4       0x3a ./ra/fsp/src/bsp/mcu/all/bsp_common.o
 .ARM.attributes
                0x000004de       0x3a ./ra/fsp/src/bsp/mcu/all/bsp_delay.o
 .ARM.attributes
                0x00000518       0x3a ./ra/fsp/src/bsp/mcu/all/bsp_group_irq.o
 .ARM.attributes
                0x00000552       0x3a ./ra/fsp/src/bsp/mcu/all/bsp_io.o
 .ARM.attributes
                0x0000058c       0x3a ./ra/fsp/src/bsp/mcu/all/bsp_irq.o
 .ARM.attributes
                0x000005c6       0x3a ./ra/fsp/src/bsp/mcu/all/bsp_register_protection.o
 .ARM.attributes
                0x00000600       0x3a ./ra/fsp/src/bsp/mcu/all/bsp_sbrk.o
 .ARM.attributes
                0x0000063a       0x3a ./ra/fsp/src/bsp/cmsis/Device/RENESAS/Source/startup.o
 .ARM.attributes
                0x00000674       0x3a ./ra/fsp/src/bsp/cmsis/Device/RENESAS/Source/system.o
 .ARM.attributes
                0x000006ae       0x3a ./ra/board/ra8d1_ek/board_init.o
 .ARM.attributes
                0x000006e8       0x3a ./ra/board/ra8d1_ek/board_leds.o
 .ARM.attributes
                0x00000722       0x36 D:/Program Files/GCC/arm-gnu-toolchain-13.3.rel1-mingw-w64-i686-arm-none-eabi/bin/../lib/gcc/arm-none-eabi/13.3.1/thumb/v8-m.main+dp/hard\libg_nano.a(libc_a-nano-vfprintf_float.o)
 .ARM.attributes
                0x00000758       0x36 D:/Program Files/GCC/arm-gnu-toolchain-13.3.rel1-mingw-w64-i686-arm-none-eabi/bin/../lib/gcc/arm-none-eabi/13.3.1/thumb/v8-m.main+dp/hard\libg_nano.a(libc_a-nano-vfprintf_i.o)
 .ARM.attributes
                0x0000078e       0x36 D:/Program Files/GCC/arm-gnu-toolchain-13.3.rel1-mingw-w64-i686-arm-none-eabi/bin/../lib/gcc/arm-none-eabi/13.3.1/thumb/v8-m.main+dp/hard\libg_nano.a(libc_a-findfp.o)
 .ARM.attributes
                0x000007c4       0x36 D:/Program Files/GCC/arm-gnu-toolchain-13.3.rel1-mingw-w64-i686-arm-none-eabi/bin/../lib/gcc/arm-none-eabi/13.3.1/thumb/v8-m.main+dp/hard\libg_nano.a(libc_a-fwalk.o)
 .ARM.attributes
                0x000007fa       0x36 D:/Program Files/GCC/arm-gnu-toolchain-13.3.rel1-mingw-w64-i686-arm-none-eabi/bin/../lib/gcc/arm-none-eabi/13.3.1/thumb/v8-m.main+dp/hard\libg_nano.a(libc_a-printf.o)
 .ARM.attributes
                0x00000830       0x36 D:/Program Files/GCC/arm-gnu-toolchain-13.3.rel1-mingw-w64-i686-arm-none-eabi/bin/../lib/gcc/arm-none-eabi/13.3.1/thumb/v8-m.main+dp/hard\libg_nano.a(libc_a-putchar.o)
 .ARM.attributes
                0x00000866       0x36 D:/Program Files/GCC/arm-gnu-toolchain-13.3.rel1-mingw-w64-i686-arm-none-eabi/bin/../lib/gcc/arm-none-eabi/13.3.1/thumb/v8-m.main+dp/hard\libg_nano.a(libc_a-puts.o)
 .ARM.attributes
                0x0000089c       0x36 D:/Program Files/GCC/arm-gnu-toolchain-13.3.rel1-mingw-w64-i686-arm-none-eabi/bin/../lib/gcc/arm-none-eabi/13.3.1/thumb/v8-m.main+dp/hard\libg_nano.a(libc_a-stdio.o)
 .ARM.attributes
                0x000008d2       0x36 D:/Program Files/GCC/arm-gnu-toolchain-13.3.rel1-mingw-w64-i686-arm-none-eabi/bin/../lib/gcc/arm-none-eabi/13.3.1/thumb/v8-m.main+dp/hard\libg_nano.a(libc_a-wbuf.o)
 .ARM.attributes
                0x00000908       0x36 D:/Program Files/GCC/arm-gnu-toolchain-13.3.rel1-mingw-w64-i686-arm-none-eabi/bin/../lib/gcc/arm-none-eabi/13.3.1/thumb/v8-m.main+dp/hard\libg_nano.a(libc_a-wsetup.o)
 .ARM.attributes
                0x0000093e       0x36 D:/Program Files/GCC/arm-gnu-toolchain-13.3.rel1-mingw-w64-i686-arm-none-eabi/bin/../lib/gcc/arm-none-eabi/13.3.1/thumb/v8-m.main+dp/hard\libg_nano.a(libc_a-memset.o)
 .ARM.attributes
                0x00000974       0x36 D:/Program Files/GCC/arm-gnu-toolchain-13.3.rel1-mingw-w64-i686-arm-none-eabi/bin/../lib/gcc/arm-none-eabi/13.3.1/thumb/v8-m.main+dp/hard\libg_nano.a(libc_a-localeconv.o)
 .ARM.attributes
                0x000009aa       0x36 D:/Program Files/GCC/arm-gnu-toolchain-13.3.rel1-mingw-w64-i686-arm-none-eabi/bin/../lib/gcc/arm-none-eabi/13.3.1/thumb/v8-m.main+dp/hard\libg_nano.a(libc_a-closer.o)
 .ARM.attributes
                0x000009e0       0x36 D:/Program Files/GCC/arm-gnu-toolchain-13.3.rel1-mingw-w64-i686-arm-none-eabi/bin/../lib/gcc/arm-none-eabi/13.3.1/thumb/v8-m.main+dp/hard\libg_nano.a(libc_a-reent.o)
 .ARM.attributes
                0x00000a16       0x36 D:/Program Files/GCC/arm-gnu-toolchain-13.3.rel1-mingw-w64-i686-arm-none-eabi/bin/../lib/gcc/arm-none-eabi/13.3.1/thumb/v8-m.main+dp/hard\libg_nano.a(libc_a-impure.o)
 .ARM.attributes
                0x00000a4c       0x36 D:/Program Files/GCC/arm-gnu-toolchain-13.3.rel1-mingw-w64-i686-arm-none-eabi/bin/../lib/gcc/arm-none-eabi/13.3.1/thumb/v8-m.main+dp/hard\libg_nano.a(libc_a-lseekr.o)
 .ARM.attributes
                0x00000a82       0x36 D:/Program Files/GCC/arm-gnu-toolchain-13.3.rel1-mingw-w64-i686-arm-none-eabi/bin/../lib/gcc/arm-none-eabi/13.3.1/thumb/v8-m.main+dp/hard\libg_nano.a(libc_a-readr.o)
 .ARM.attributes
                0x00000ab8       0x36 D:/Program Files/GCC/arm-gnu-toolchain-13.3.rel1-mingw-w64-i686-arm-none-eabi/bin/../lib/gcc/arm-none-eabi/13.3.1/thumb/v8-m.main+dp/hard\libg_nano.a(libc_a-writer.o)
 .ARM.attributes
                0x00000aee       0x36 D:/Program Files/GCC/arm-gnu-toolchain-13.3.rel1-mingw-w64-i686-arm-none-eabi/bin/../lib/gcc/arm-none-eabi/13.3.1/thumb/v8-m.main+dp/hard\libg_nano.a(libc_a-errno.o)
 .ARM.attributes
                0x00000b24       0x36 D:/Program Files/GCC/arm-gnu-toolchain-13.3.rel1-mingw-w64-i686-arm-none-eabi/bin/../lib/gcc/arm-none-eabi/13.3.1/thumb/v8-m.main+dp/hard\libg_nano.a(libc_a-lock.o)
 .ARM.attributes
                0x00000b5a       0x36 D:/Program Files/GCC/arm-gnu-toolchain-13.3.rel1-mingw-w64-i686-arm-none-eabi/bin/../lib/gcc/arm-none-eabi/13.3.1/thumb/v8-m.main+dp/hard\libg_nano.a(libc_a-memchr-stub.o)
 .ARM.attributes
                0x00000b90       0x36 D:/Program Files/GCC/arm-gnu-toolchain-13.3.rel1-mingw-w64-i686-arm-none-eabi/bin/../lib/gcc/arm-none-eabi/13.3.1/thumb/v8-m.main+dp/hard\libg_nano.a(libc_a-memcpy-stub.o)
 .ARM.attributes
                0x00000bc6       0x22 D:/Program Files/GCC/arm-gnu-toolchain-13.3.rel1-mingw-w64-i686-arm-none-eabi/bin/../lib/gcc/arm-none-eabi/13.3.1/thumb/v8-m.main+dp/hard\libg_nano.a(libc_a-strlen.o)
 .ARM.attributes
                0x00000be8       0x36 D:/Program Files/GCC/arm-gnu-toolchain-13.3.rel1-mingw-w64-i686-arm-none-eabi/bin/../lib/gcc/arm-none-eabi/13.3.1/thumb/v8-m.main+dp/hard\libg_nano.a(libc_a-dtoa.o)
 .ARM.attributes
                0x00000c1e       0x36 D:/Program Files/GCC/arm-gnu-toolchain-13.3.rel1-mingw-w64-i686-arm-none-eabi/bin/../lib/gcc/arm-none-eabi/13.3.1/thumb/v8-m.main+dp/hard\libg_nano.a(libc_a-freer.o)
 .ARM.attributes
                0x00000c54       0x36 D:/Program Files/GCC/arm-gnu-toolchain-13.3.rel1-mingw-w64-i686-arm-none-eabi/bin/../lib/gcc/arm-none-eabi/13.3.1/thumb/v8-m.main+dp/hard\libg_nano.a(libc_a-malloc.o)
 .ARM.attributes
                0x00000c8a       0x36 D:/Program Files/GCC/arm-gnu-toolchain-13.3.rel1-mingw-w64-i686-arm-none-eabi/bin/../lib/gcc/arm-none-eabi/13.3.1/thumb/v8-m.main+dp/hard\libg_nano.a(libc_a-mallocr.o)
 .ARM.attributes
                0x00000cc0       0x36 D:/Program Files/GCC/arm-gnu-toolchain-13.3.rel1-mingw-w64-i686-arm-none-eabi/bin/../lib/gcc/arm-none-eabi/13.3.1/thumb/v8-m.main+dp/hard\libg_nano.a(libc_a-mlock.o)
 .ARM.attributes