Archive member included to satisfy reference by file (symbol)

C:/Program Files (x86)/GCC/Arm GNU Toolchain arm-none-eabi/13.2 Rel1/bin/../lib/gcc/arm-none-eabi/13.2.1/thumb/v8-m.main+dp/hard\libgcc.a(_aeabi_ldivmod.o)
                              ./ra/fsp/src/r_sci_b_uart/r_sci_b_uart.o (__aeabi_ldivmod)
C:/Program Files (x86)/GCC/Arm GNU Toolchain arm-none-eabi/13.2 Rel1/bin/../lib/gcc/arm-none-eabi/13.2.1/thumb/v8-m.main+dp/hard\libgcc.a(_udivmoddi4.o)
                              C:/Program Files (x86)/GCC/Arm GNU Toolchain arm-none-eabi/13.2 Rel1/bin/../lib/gcc/arm-none-eabi/13.2.1/thumb/v8-m.main+dp/hard\libgcc.a(_aeabi_ldivmod.o) (__udivmoddi4)
C:/Program Files (x86)/GCC/Arm GNU Toolchain arm-none-eabi/13.2 Rel1/bin/../lib/gcc/arm-none-eabi/13.2.1/thumb/v8-m.main+dp/hard\libgcc.a(_dvmd_tls.o)
                              C:/Program Files (x86)/GCC/Arm GNU Toolchain arm-none-eabi/13.2 Rel1/bin/../lib/gcc/arm-none-eabi/13.2.1/thumb/v8-m.main+dp/hard\libgcc.a(_aeabi_ldivmod.o) (__aeabi_ldiv0)
C:/Program Files (x86)/GCC/Arm GNU Toolchain arm-none-eabi/13.2 Rel1/bin/../lib/gcc/arm-none-eabi/13.2.1/thumb/v8-m.main+dp/hard\libg_nano.a(libc_a-exit.o)
                              C:/Program Files (x86)/GCC/Arm GNU Toolchain arm-none-eabi/13.2 Rel1/bin/../lib/gcc/arm-none-eabi/13.2.1/thumb/v8-m.main+dp/hard/crt0.o (exit)
C:/Program Files (x86)/GCC/Arm GNU Toolchain arm-none-eabi/13.2 Rel1/bin/../lib/gcc/arm-none-eabi/13.2.1/thumb/v8-m.main+dp/hard\libg_nano.a(libc_a-nano-vfprintf_float.o)
                              (_printf_float)
C:/Program Files (x86)/GCC/Arm GNU Toolchain arm-none-eabi/13.2 Rel1/bin/../lib/gcc/arm-none-eabi/13.2.1/thumb/v8-m.main+dp/hard\libg_nano.a(libc_a-nano-vfprintf_i.o)
                              C:/Program Files (x86)/GCC/Arm GNU Toolchain arm-none-eabi/13.2 Rel1/bin/../lib/gcc/arm-none-eabi/13.2.1/thumb/v8-m.main+dp/hard\libg_nano.a(libc_a-nano-vfprintf_float.o) (_printf_common)
C:/Program Files (x86)/GCC/Arm GNU Toolchain arm-none-eabi/13.2 Rel1/bin/../lib/gcc/arm-none-eabi/13.2.1/thumb/v8-m.main+dp/hard\libg_nano.a(libc_a-findfp.o)
                              C:/Program Files (x86)/GCC/Arm GNU Toolchain arm-none-eabi/13.2 Rel1/bin/../lib/gcc/arm-none-eabi/13.2.1/thumb/v8-m.main+dp/hard\libg_nano.a(libc_a-exit.o) (__stdio_exit_handler)
C:/Program Files (x86)/GCC/Arm GNU Toolchain arm-none-eabi/13.2 Rel1/bin/../lib/gcc/arm-none-eabi/13.2.1/thumb/v8-m.main+dp/hard\libg_nano.a(libc_a-fwalk.o)
                              C:/Program Files (x86)/GCC/Arm GNU Toolchain arm-none-eabi/13.2 Rel1/bin/../lib/gcc/arm-none-eabi/13.2.1/thumb/v8-m.main+dp/hard\libg_nano.a(libc_a-findfp.o) (_fwalk_sglue)
C:/Program Files (x86)/GCC/Arm GNU Toolchain arm-none-eabi/13.2 Rel1/bin/../lib/gcc/arm-none-eabi/13.2.1/thumb/v8-m.main+dp/hard\libg_nano.a(libc_a-printf.o)
                              ./src/coremark/core_main.o (printf)
C:/Program Files (x86)/GCC/Arm GNU Toolchain arm-none-eabi/13.2 Rel1/bin/../lib/gcc/arm-none-eabi/13.2.1/thumb/v8-m.main+dp/hard\libg_nano.a(libc_a-putchar.o)
                              ./src/coremark/core_main.o (putchar)
C:/Program Files (x86)/GCC/Arm GNU Toolchain arm-none-eabi/13.2 Rel1/bin/../lib/gcc/arm-none-eabi/13.2.1/thumb/v8-m.main+dp/hard\libg_nano.a(libc_a-puts.o)
                              ./src/coremark/core_main.o (puts)
C:/Program Files (x86)/GCC/Arm GNU Toolchain arm-none-eabi/13.2 Rel1/bin/../lib/gcc/arm-none-eabi/13.2.1/thumb/v8-m.main+dp/hard\libg_nano.a(libc_a-stdio.o)
                              C:/Program Files (x86)/GCC/Arm GNU Toolchain arm-none-eabi/13.2 Rel1/bin/../lib/gcc/arm-none-eabi/13.2.1/thumb/v8-m.main+dp/hard\libg_nano.a(libc_a-findfp.o) (__sread)
C:/Program Files (x86)/GCC/Arm GNU Toolchain arm-none-eabi/13.2 Rel1/bin/../lib/gcc/arm-none-eabi/13.2.1/thumb/v8-m.main+dp/hard\libg_nano.a(libc_a-wbuf.o)
                              C:/Program Files (x86)/GCC/Arm GNU Toolchain arm-none-eabi/13.2 Rel1/bin/../lib/gcc/arm-none-eabi/13.2.1/thumb/v8-m.main+dp/hard\libg_nano.a(libc_a-puts.o) (__swbuf_r)
C:/Program Files (x86)/GCC/Arm GNU Toolchain arm-none-eabi/13.2 Rel1/bin/../lib/gcc/arm-none-eabi/13.2.1/thumb/v8-m.main+dp/hard\libg_nano.a(libc_a-wsetup.o)
                              C:/Program Files (x86)/GCC/Arm GNU Toolchain arm-none-eabi/13.2 Rel1/bin/../lib/gcc/arm-none-eabi/13.2.1/thumb/v8-m.main+dp/hard\libg_nano.a(libc_a-puts.o) (__swsetup_r)
C:/Program Files (x86)/GCC/Arm GNU Toolchain arm-none-eabi/13.2 Rel1/bin/../lib/gcc/arm-none-eabi/13.2.1/thumb/v8-m.main+dp/hard\libg_nano.a(libc_a-memset.o)
                              C:/Program Files (x86)/GCC/Arm GNU Toolchain arm-none-eabi/13.2 Rel1/bin/../lib/gcc/arm-none-eabi/13.2.1/thumb/v8-m.main+dp/hard/crt0.o (memset)
C:/Program Files (x86)/GCC/Arm GNU Toolchain arm-none-eabi/13.2 Rel1/bin/../lib/gcc/arm-none-eabi/13.2.1/thumb/v8-m.main+dp/hard\libg_nano.a(libc_a-localeconv.o)
[...]
Memory Configuration

Name             Origin             Length             Attributes
RAM              0x22000000         0x001d4000         xrw
FLASH            0x02000000         0x00100000         xr
DATA_FLASH       0x27000000         0x00000000         xr
SDRAM            0x68000000         0x08000000         xrw
OSPI0_CS0        0x80000000         0x10000000         xrw
OSPI0_CS1        0x90000000         0x10000000         xr
OSPI1_CS0        0x70000000         0x08000000         xrw
OSPI1_CS1        0x78000000         0x08000000         xr
OPTION_SETTING_OFS0 0x02c9f040         0x00000004         r
OPTION_SETTING_OFS2 0x02c9f044         0x00000004         r
OPTION_SETTING_SAS 0x02c9f074         0x00000004         r
OPTION_SETTING_OFS1 0x12c9f4c0         0x00000004         r
OPTION_SETTING_OFS1_SEC 0x02c9f0c0         0x00000004         r
OPTION_SETTING_OFS1_SEL 0x02c9f120         0x00000004         r
OPTION_SETTING_OFS3 0x12c9f4c4         0x00000004         r
OPTION_SETTING_OFS3_SEC 0x02c9f0c4         0x00000004         r
OPTION_SETTING_OFS3_SEL 0x02c9f124         0x00000004         r
OPTION_SETTING_BPS 0x12c9f600         0x00000080         r
OPTION_SETTING_BPS_SEC 0x02c9f200         0x00000080         r
OPTION_SETTING_OTP_FSBLCTRL0 0x02e07600         0x00000004         r
OPTION_SETTING_OTP_FSBLCTRL1 0x02e07604         0x00000004         r
OPTION_SETTING_OTP_FSBLCTRL2 0x02e07608         0x00000004         r
OPTION_SETTING_OTP_SAMR 0x02e07614         0x00000004         r
OPTION_SETTING_OTP_SACC00 0x02e07620         0x00000004         r
OPTION_SETTING_OTP_SACC10 0x02e07630         0x00000004         r
OPTION_SETTING_OTP_SACC01 0x02e07640         0x00000004         r
OPTION_SETTING_OTP_SACC11 0x02e07650         0x00000004         r
OPTION_SETTING_OTP_SACC02 0x02e07660         0x00000004         r
OPTION_SETTING_OTP_SACC12 0x02e07670         0x00000004         r
OPTION_SETTING_OTP_SACC03 0x02e07680         0x00000004         r
OPTION_SETTING_OTP_SACC13 0x02e07690         0x00000004         r
OPTION_SETTING_OTP_PBPS_SEC 0x02e17700         0x00000080         r
OPTION_SETTING_OTP_PBPS 0x12e17780         0x00000080         r
OPTION_SETTING_OTP_ZHUK 0x02e17920         0x00000004         r
ITCM             0x00000000         0x00020000         xrw
DTCM             0x20000000         0x00020000         xrw
*default*        0x00000000         0xffffffff

Linker script and memory map

LOAD C:/Program Files (x86)/GCC/Arm GNU Toolchain arm-none-eabi/13.2 Rel1/bin/../lib/gcc/arm-none-eabi/13.2.1/thumb/v8-m.main+dp/hard/crtfastmath.o
LOAD C:/Program Files (x86)/GCC/Arm GNU Toolchain arm-none-eabi/13.2 Rel1/bin/../lib/gcc/arm-none-eabi/13.2.1/thumb/v8-m.main+dp/hard/crti.o
LOAD C:/Program Files (x86)/GCC/Arm GNU Toolchain arm-none-eabi/13.2 Rel1/bin/../lib/gcc/arm-none-eabi/13.2.1/thumb/v8-m.main+dp/hard/crtbegin.o
LOAD C:/Program Files (x86)/GCC/Arm GNU Toolchain arm-none-eabi/13.2 Rel1/bin/../lib/gcc/arm-none-eabi/13.2.1/thumb/v8-m.main+dp/hard/crt0.o
START GROUP
LOAD ./src/coremark/core_list_join.o
LOAD ./src/coremark/core_main.o
LOAD ./src/coremark/core_matrix.o
LOAD ./src/coremark/core_portme.o
LOAD ./src/coremark/core_state.o
LOAD ./src/coremark/core_util.o
LOAD ./src/hal_entry.o
LOAD ./ra_gen/common_data.o
LOAD ./ra_gen/hal_data.o
LOAD ./ra_gen/main.o
LOAD ./ra_gen/pin_data.o
LOAD ./ra_gen/vector_data.o
LOAD ./ra/fsp/src/r_sci_b_uart/r_sci_b_uart.o
LOAD ./ra/fsp/src/r_ioport/r_ioport.o
LOAD ./ra/fsp/src/bsp/mcu/ra8t2/bsp_linker.o
LOAD ./ra/fsp/src/bsp/mcu/all/bsp_clocks.o
LOAD ./ra/fsp/src/bsp/mcu/all/bsp_common.o
LOAD ./ra/fsp/src/bsp/mcu/all/bsp_delay.o
LOAD ./ra/fsp/src/bsp/mcu/all/bsp_group_irq.o
LOAD ./ra/fsp/src/bsp/mcu/all/bsp_guard.o
LOAD ./ra/fsp/src/bsp/mcu/all/bsp_io.o
LOAD ./ra/fsp/src/bsp/mcu/all/bsp_ipc.o
LOAD ./ra/fsp/src/bsp/mcu/all/bsp_irq.o
LOAD ./ra/fsp/src/bsp/mcu/all/bsp_macl.o
LOAD ./ra/fsp/src/bsp/mcu/all/bsp_register_protection.o
LOAD ./ra/fsp/src/bsp/mcu/all/bsp_sbrk.o
LOAD ./ra/fsp/src/bsp/mcu/all/bsp_sdram.o
LOAD ./ra/fsp/src/bsp/mcu/all/bsp_security.o
LOAD ./ra/fsp/src/bsp/cmsis/Device/RENESAS/Source/startup.o
LOAD ./ra/fsp/src/bsp/cmsis/Device/RENESAS/Source/system.o
LOAD ./ra/board/ra8t2_mck/board_init.o
LOAD ./ra/board/ra8t2_mck/board_leds.o
END GROUP
START GROUP
LOAD C:/Program Files (x86)/GCC/Arm GNU Toolchain arm-none-eabi/13.2 Rel1/bin/../lib/gcc/arm-none-eabi/13.2.1/thumb/v8-m.main+dp/hard\libgcc.a
LOAD C:/Program Files (x86)/GCC/Arm GNU Toolchain arm-none-eabi/13.2 Rel1/bin/../lib/gcc/arm-none-eabi/13.2.1/thumb/v8-m.main+dp/hard\libg_nano.a
LOAD C:/Program Files (x86)/GCC/Arm GNU Toolchain arm-none-eabi/13.2 Rel1/bin/../lib/gcc/arm-none-eabi/13.2.1/thumb/v8-m.main+dp/hard\libc_nano.a
END GROUP
START GROUP
LOAD C:/Program Files (x86)/GCC/Arm GNU Toolchain arm-none-eabi/13.2 Rel1/bin/../lib/gcc/arm-none-eabi/13.2.1/thumb/v8-m.main+dp/hard\libgcc.a
LOAD C:/Program Files (x86)/GCC/Arm GNU Toolchain arm-none-eabi/13.2 Rel1/bin/../lib/gcc/arm-none-eabi/13.2.1/thumb/v8-m.main+dp/hard\libc_nano.a
LOAD C:/Program Files (x86)/GCC/Arm GNU Toolchain arm-none-eabi/13.2 Rel1/bin/../lib/gcc/arm-none-eabi/13.2.1/thumb/v8-m.main+dp/hard\libnosys.a
END GROUP
START GROUP
LOAD C:/Program Files (x86)/GCC/Arm GNU Toolchain arm-none-eabi/13.2 Rel1/bin/../lib/gcc/arm-none-eabi/13.2.1/thumb/v8-m.main+dp/hard\libgcc.a
LOAD C:/Program Files (x86)/GCC/Arm GNU Toolchain arm-none-eabi/13.2 Rel1/bin/../lib/gcc/arm-none-eabi/13.2.1/thumb/v8-m.main+dp/hard\libc_nano.a
LOAD C:/Program Files (x86)/GCC/Arm GNU Toolchain arm-none-eabi/13.2 Rel1/bin/../lib/gcc/arm-none-eabi/13.2.1/thumb/v8-m.main+dp/hard\libnosys.a
END GROUP
LOAD C:/Program Files (x86)/GCC/Arm GNU Toolchain arm-none-eabi/13.2 Rel1/bin/../lib/gcc/arm-none-eabi/13.2.1/thumb/v8-m.main+dp/hard/crtend.o
LOAD C:/Program Files (x86)/GCC/Arm GNU Toolchain arm-none-eabi/13.2 Rel1/bin/../lib/gcc/arm-none-eabi/13.2.1/thumb/v8-m.main+dp/hard/crtn.o
                0x22000000                        RAM_START = 0x22000000
                0x001d4000                        RAM_LENGTH = 0x1d4000
                0x02000000                        FLASH_START = 0x2000000
                0x00100000                        FLASH_LENGTH = 0x100000
                0x27000000                        DATA_FLASH_START = 0x27000000
                0x00000000                        DATA_FLASH_LENGTH = 0x0
                0x68000000                        SDRAM_START = 0x68000000
                0x08000000                        SDRAM_LENGTH = 0x8000000
                0x80000000                        OSPI0_CS0_START = 0x80000000
                0x10000000                        OSPI0_CS0_LENGTH = 0x10000000
                0x90000000                        OSPI0_CS1_START = 0x90000000
                0x10000000                        OSPI0_CS1_LENGTH = 0x10000000
                0x70000000                        OSPI1_CS0_START = 0x70000000
                0x08000000                        OSPI1_CS0_LENGTH = 0x8000000
                0x78000000                        OSPI1_CS1_START = 0x78000000
                0x08000000                        OSPI1_CS1_LENGTH = 0x8000000
                0x02c9f040                        OPTION_SETTING_OFS0_START = 0x2c9f040
                0x00000004                        OPTION_SETTING_OFS0_LENGTH = 0x4
                0x02c9f044                        OPTION_SETTING_OFS2_START = 0x2c9f044
                0x00000004                        OPTION_SETTING_OFS2_LENGTH = 0x4
                0x02c9f074                        OPTION_SETTING_SAS_START = 0x2c9f074
                0x00000004                        OPTION_SETTING_SAS_LENGTH = 0x4
                0x12c9f4c0                        OPTION_SETTING_OFS1_START = 0x12c9f4c0
                0x00000004                        OPTION_SETTING_OFS1_LENGTH = 0x4
                0x02c9f0c0                        OPTION_SETTING_OFS1_SEC_START = 0x2c9f0c0
                0x00000004                        OPTION_SETTING_OFS1_SEC_LENGTH = 0x4
                0x02c9f120                        OPTION_SETTING_OFS1_SEL_START = 0x2c9f120
                0x00000004                        OPTION_SETTING_OFS1_SEL_LENGTH = 0x4
                0x12c9f4c4                        OPTION_SETTING_OFS3_START = 0x12c9f4c4
                0x00000004                        OPTION_SETTING_OFS3_LENGTH = 0x4
                0x02c9f0c4                        OPTION_SETTING_OFS3_SEC_START = 0x2c9f0c4
                0x00000004                        OPTION_SETTING_OFS3_SEC_LENGTH = 0x4
                0x02c9f124                        OPTION_SETTING_OFS3_SEL_START = 0x2c9f124
                0x00000004                        OPTION_SETTING_OFS3_SEL_LENGTH = 0x4
                0x12c9f600                        OPTION_SETTING_BPS_START = 0x12c9f600
                0x00000080                        OPTION_SETTING_BPS_LENGTH = 0x80
                0x02c9f200                        OPTION_SETTING_BPS_SEC_START = 0x2c9f200
                0x00000080                        OPTION_SETTING_BPS_SEC_LENGTH = 0x80
                0x02e07600                        OPTION_SETTING_OTP_FSBLCTRL0_START = 0x2e07600
                0x00000004                        OPTION_SETTING_OTP_FSBLCTRL0_LENGTH = 0x4
                0x02e07604                        OPTION_SETTING_OTP_FSBLCTRL1_START = 0x2e07604
                0x00000004                        OPTION_SETTING_OTP_FSBLCTRL1_LENGTH = 0x4
                0x02e07608                        OPTION_SETTING_OTP_FSBLCTRL2_START = 0x2e07608
                0x00000004                        OPTION_SETTING_OTP_FSBLCTRL2_LENGTH = 0x4
                0x02e07614                        OPTION_SETTING_OTP_SAMR_START = 0x2e07614
                0x00000004                        OPTION_SETTING_OTP_SAMR_LENGTH = 0x4
                0x02e07620                        OPTION_SETTING_OTP_SACC00_START = 0x2e07620
                0x00000004                        OPTION_SETTING_OTP_SACC00_LENGTH = 0x4
                0x02e07630                        OPTION_SETTING_OTP_SACC10_START = 0x2e07630
                0x00000004                        OPTION_SETTING_OTP_SACC10_LENGTH = 0x4
                0x02e07640                        OPTION_SETTING_OTP_SACC01_START = 0x2e07640
                0x00000004                        OPTION_SETTING_OTP_SACC01_LENGTH = 0x4
                0x02e07650                        OPTION_SETTING_OTP_SACC11_START = 0x2e07650
                0x00000004                        OPTION_SETTING_OTP_SACC11_LENGTH = 0x4
                0x02e07660                        OPTION_SETTING_OTP_SACC02_START = 0x2e07660
                0x00000004                        OPTION_SETTING_OTP_SACC02_LENGTH = 0x4
                0x02e07670                        OPTION_SETTING_OTP_SACC12_START = 0x2e07670
                0x00000004                        OPTION_SETTING_OTP_SACC12_LENGTH = 0x4
                0x02e07680                        OPTION_SETTING_OTP_SACC03_START = 0x2e07680
                0x00000004                        OPTION_SETTING_OTP_SACC03_LENGTH = 0x4
                0x02e07690                        OPTION_SETTING_OTP_SACC13_START = 0x2e07690
                0x00000004                        OPTION_SETTING_OTP_SACC13_LENGTH = 0x4
                0x02e17700                        OPTION_SETTING_OTP_PBPS_SEC_START = 0x2e17700
                0x00000080                        OPTION_SETTING_OTP_PBPS_SEC_LENGTH = 0x80
                0x12e17780                        OPTION_SETTING_OTP_PBPS_START = 0x12e17780
                0x00000080                        OPTION_SETTING_OTP_PBPS_LENGTH = 0x80
                0x02e17920                        OPTION_SETTING_OTP_ZHUK_START = 0x2e17920
                0x00000004                        OPTION_SETTING_OTP_ZHUK_LENGTH = 0x4
                0x00000000                        ITCM_START = 0x0
                0x00020000                        ITCM_LENGTH = 0x20000
                0x20000000                        DTCM_START = 0x20000000
                0x00020000                        DTCM_LENGTH = 0x20000
START GROUP
LOAD C:/Program Files (x86)/GCC/Arm GNU Toolchain arm-none-eabi/13.2 Rel1/bin/../lib/gcc/arm-none-eabi/13.2.1/thumb/v8-m.main+dp/hard\libgcc.a
LOAD C:/Program Files (x86)/GCC/Arm GNU Toolchain arm-none-eabi/13.2 Rel1/bin/../lib/gcc/arm-none-eabi/13.2.1/thumb/v8-m.main+dp/hard\libc.a
LOAD C:/Program Files (x86)/GCC/Arm GNU Toolchain arm-none-eabi/13.2 Rel1/bin/../lib/gcc/arm-none-eabi/13.2.1/thumb/v8-m.main+dp/hard\libm.a
END GROUP

.ospi0_cs1.startof
                0x90000000        0x0
                0x90000000                        __ddsc_OSPI0_CS1_START = .

.sdram.startof  0x68000000        0x0
                0x68000000                        __ddsc_SDRAM_START = .

__sdram_from_ospi0_cs1$$
                0x68000000        0x0 load address 0x90000000
                0x68000000                        __sdram_from_ospi0_cs1$$Base = .
                0x90000000                        __sdram_from_ospi0_cs1$$Load = LOADADDR (__sdram_from_ospi0_cs1$$)
 *(.sdram_from_ospi0_cs1)
 *(.sdram_code_from_ospi0_cs1)
                0x68000000                        __sdram_from_ospi0_cs1$$Limit = .

.ospi0_cs0.startof
                0x80000000        0x0
                0x80000000                        __ddsc_OSPI0_CS0_START = .

__ospi0_cs0_from_ospi0_cs1$$
                0x80000000        0x0 load address 0x90000000
                0x80000000                        __ospi0_cs0_from_ospi0_cs1$$Base = .
                0x90000000                        __ospi0_cs0_from_ospi0_cs1$$Load = LOADADDR (__ospi0_cs0_from_ospi0_cs1$$)
 *(.ospi0_cs0_from_ospi0_cs1)
 *(.ospi0_cs0_code_from_ospi0_cs1)
                0x80000000                        __ospi0_cs0_from_ospi0_cs1$$Limit = .

.ospi1_cs0.startof
                0x70000000        0x0
                0x70000000                        __ddsc_OSPI1_CS0_START = .

__ospi1_cs0_from_ospi0_cs1$$
                0x70000000        0x0 load address 0x90000000
                0x70000000                        __ospi1_cs0_from_ospi0_cs1$$Base = .
                0x90000000                        __ospi1_cs0_from_ospi0_cs1$$Load = LOADADDR (__ospi1_cs0_from_ospi0_cs1$$)
 *(.ospi1_cs0_from_ospi0_cs1)
 *(.ospi1_cs0_code_from_ospi0_cs1)
                0x70000000                        __ospi1_cs0_from_ospi0_cs1$$Limit = .

.itcm.startof   0x00000000        0x0
                0x00000000                        __ddsc_ITCM_START = .

__itcm_from_ospi0_cs1$$
                0x00000000        0x0 load address 0x90000000
                0x00000000                        __itcm_from_ospi0_cs1$$Base = .
                0x90000000                        __itcm_from_ospi0_cs1$$Load = LOADADDR (__itcm_from_ospi0_cs1$$)
 *(.itcm_from_ospi0_cs1)
 *(.itcm_code_from_ospi0_cs1)
                0x00000000                        __itcm_from_ospi0_cs1$$Limit = .

.dtcm.startof   0x20000000        0x0
                0x20000000                        __ddsc_DTCM_START = .

__dtcm_from_ospi0_cs1$$
                0x20000000        0x0 load address 0x90000000
                0x20000000                        __dtcm_from_ospi0_cs1$$Base = .
                0x90000000                        __dtcm_from_ospi0_cs1$$Load = LOADADDR (__dtcm_from_ospi0_cs1$$)
 *(.dtcm_from_ospi0_cs1)
 *(.dtcm_code_from_ospi0_cs1)
                0x20000000                        __dtcm_from_ospi0_cs1$$Limit = .

.ram.startof    0x22000000        0x0
                0x22000000                        __ddsc_RAM_START = .

__ram_dtc_vector$$
                0x22000000        0x0
                0x22000000                        __ram_dtc_vector$$Base = .
 *(.fsp_dtc_vector_table)
                0x22000000                        __ram_dtc_vector$$Limit = .

__ram_from_ospi0_cs1$$
                0x22000000        0x0 load address 0x90000000
                0x22000000                        __ram_from_ospi0_cs1$$Base = .
                0x90000000                        __ram_from_ospi0_cs1$$Load = LOADADDR (__ram_from_ospi0_cs1$$)
 *(.ram_from_ospi0_cs1)
 *(.ram_code_from_ospi0_cs1)
                0x22000000                        __ram_from_ospi0_cs1$$Limit = .

__ospi0_cs1_readonly$$
                0x90000000        0x0
                0x90000000                        __ospi0_cs1_readonly$$Base = .
 *(.ospi0_cs1)
 *(.ospi0_cs1_code)
                0x90000000                        __ospi0_cs1_readonly$$Limit = .

__ospi0_cs1_noinit$$
                0x90000000        0x0
                0x90000000                        __ospi0_cs1_noinit$$Base = .
 *(.ospi0_cs1_noinit)
                0x90000000                        __ospi0_cs1_noinit$$Limit = .

.ospi0_cs1.endof
                0x90000000        0x0
                0x90000000                        __ddsc_OSPI0_CS1_END = .

.ospi1_cs1.startof
                0x78000000        0x0
                0x78000000                        __ddsc_OSPI1_CS1_START = .

__sdram_from_ospi1_cs1$$
                0x68000000        0x0 load address 0x78000000
                0x68000000                        __sdram_from_ospi1_cs1$$Base = .
                0x78000000                        __sdram_from_ospi1_cs1$$Load = LOADADDR (__sdram_from_ospi1_cs1$$)
 *(.sdram_from_ospi1_cs1)
 *(.sdram_code_from_ospi1_cs1)
                0x68000000                        __sdram_from_ospi1_cs1$$Limit = .

__ospi0_cs0_from_ospi1_cs1$$
                0x80000000        0x0 load address 0x78000000
                0x80000000                        __ospi0_cs0_from_ospi1_cs1$$Base = .
                0x78000000                        __ospi0_cs0_from_ospi1_cs1$$Load = LOADADDR (__ospi0_cs0_from_ospi1_cs1$$)
 *(.ospi0_cs0_from_ospi1_cs1)
 *(.ospi0_cs0_code_from_ospi1_cs1)
                0x80000000                        __ospi0_cs0_from_ospi1_cs1$$Limit = .

__ospi1_cs0_from_ospi1_cs1$$
                0x70000000        0x0 load address 0x78000000
                0x70000000                        __ospi1_cs0_from_ospi1_cs1$$Base = .
                0x78000000                        __ospi1_cs0_from_ospi1_cs1$$Load = LOADADDR (__ospi1_cs0_from_ospi1_cs1$$)
 *(.ospi1_cs0_from_ospi1_cs1)
 *(.ospi1_cs0_code_from_ospi1_cs1)
                0x70000000                        __ospi1_cs0_from_ospi1_cs1$$Limit = .

__itcm_from_ospi1_cs1$$
                0x00000000        0x0 load address 0x78000000
                0x00000000                        __itcm_from_ospi1_cs1$$Base = .
                0x78000000                        __itcm_from_ospi1_cs1$$Load = LOADADDR (__itcm_from_ospi1_cs1$$)
 *(.itcm_from_ospi1_cs1)
 *(.itcm_code_from_ospi1_cs1)
                0x00000000                        __itcm_from_ospi1_cs1$$Limit = .

__dtcm_from_ospi1_cs1$$
                0x20000000        0x0 load address 0x78000000
                0x20000000                        __dtcm_from_ospi1_cs1$$Base = .
                0x78000000                        __dtcm_from_ospi1_cs1$$Load = LOADADDR (__dtcm_from_ospi1_cs1$$)
 *(.dtcm_from_ospi1_cs1)
 *(.dtcm_code_from_ospi1_cs1)
                0x20000000                        __dtcm_from_ospi1_cs1$$Limit = .

__ram_from_ospi1_cs1$$
                0x22000000        0x0 load address 0x78000000
                0x22000000                        __ram_from_ospi1_cs1$$Base = .
                0x78000000                        __ram_from_ospi1_cs1$$Load = LOADADDR (__ram_from_ospi1_cs1$$)
 *(.ram_from_ospi1_cs1)
 *(.ram_code_from_ospi1_cs1)
                0x22000000                        __ram_from_ospi1_cs1$$Limit = .

__ospi1_cs1_readonly$$
                0x78000000        0x0
                0x78000000                        __ospi1_cs1_readonly$$Base = .
 *(.ospi1_cs1)
 *(.ospi1_cs1_code)
                0x78000000                        __ospi1_cs1_readonly$$Limit = .

__ospi1_cs1_noinit$$
                0x78000000        0x0
                0x78000000                        __ospi1_cs1_noinit$$Base = .
 *(.ospi1_cs1_noinit)
                0x78000000                        __ospi1_cs1_noinit$$Limit = .

.ospi1_cs1.endof
                0x78000000        0x0
                0x78000000                        __ddsc_OSPI1_CS1_END = .

.data_flash.startof
                0x27000000        0x0
                0x27000000                        __ddsc_DATA_FLASH_START = .

__sdram_from_data_flash$$
                0x68000000        0x0 load address 0x27000000
                0x68000000                        __sdram_from_data_flash$$Base = .
                0x27000000                        __sdram_from_data_flash$$Load = LOADADDR (__sdram_from_data_flash$$)
 *(.sdram_from_data_flash)
 *(.sdram_code_from_data_flash)
                0x68000000                        __sdram_from_data_flash$$Limit = .

__ospi0_cs0_from_data_flash$$
                0x80000000        0x0 load address 0x27000000
                0x80000000                        __ospi0_cs0_from_data_flash$$Base = .
                0x27000000                        __ospi0_cs0_from_data_flash$$Load = LOADADDR (__ospi0_cs0_from_data_flash$$)
 *(.ospi0_cs0_from_data_flash)
 *(.ospi0_cs0_code_from_data_flash)
                0x80000000                        __ospi0_cs0_from_data_flash$$Limit = .

__ospi1_cs0_from_data_flash$$
                0x70000000        0x0 load address 0x27000000
                0x70000000                        __ospi1_cs0_from_data_flash$$Base = .
                0x27000000                        __ospi1_cs0_from_data_flash$$Load = LOADADDR (__ospi1_cs0_from_data_flash$$)
 *(.ospi1_cs0_from_data_flash)
 *(.ospi1_cs0_code_from_data_flash)
                0x70000000                        __ospi1_cs0_from_data_flash$$Limit = .

__itcm_from_data_flash$$
                0x00000000        0x0 load address 0x27000000
                0x00000000                        __itcm_from_data_flash$$Base = .
                0x27000000                        __itcm_from_data_flash$$Load = LOADADDR (__itcm_from_data_flash$$)
 *(.itcm_from_data_flash)
 *(.itcm_code_from_data_flash)
                0x00000000                        __itcm_from_data_flash$$Limit = .

__dtcm_from_data_flash$$
                0x20000000        0x0 load address 0x27000000
                0x20000000                        __dtcm_from_data_flash$$Base = .
                0x27000000                        __dtcm_from_data_flash$$Load = LOADADDR (__dtcm_from_data_flash$$)
 *(.dtcm_from_data_flash)
 *(.dtcm_code_from_data_flash)
                0x20000000                        __dtcm_from_data_flash$$Limit = .

__ram_from_data_flash$$
                0x22000000        0x0 load address 0x27000000
                0x22000000                        __ram_from_data_flash$$Base = .
                0x27000000                        __ram_from_data_flash$$Load = LOADADDR (__ram_from_data_flash$$)
 *(.ram_from_data_flash)
 *(.ram_code_from_data_flash)
                0x22000000                        __ram_from_data_flash$$Limit = .

__data_flash_readonly$$
                0x27000000        0x0
                0x27000000                        __data_flash_readonly$$Base = .
 *(.data_flash)
 *(.data_flash_code)
                0x27000000                        __data_flash_readonly$$Limit = .

__data_flash_noinit$$
                0x27000000        0x0
                0x27000000                        __data_flash_noinit$$Base = .
 *(.data_flash_noinit)
                0x27000000                        __data_flash_noinit$$Limit = .

.data_flash.endof
                0x27000000        0x0
                0x27000000                        __ddsc_DATA_FLASH_END = .

.flash.startof  0x02000000        0x0
                0x02000000                        __ddsc_FLASH_START = .

__flash_vectors$$
                0x02000000       0x50
                0x02000000                        __flash_vectors$$Base = .
                0x02000000                        _VECTORS = .
 *(.fixed_vectors)
 .fixed_vectors
                0x02000000       0x40 ./ra/fsp/src/bsp/cmsis/Device/RENESAS/Source/startup.o
                0x02000000                __Vectors
 *(.application_vectors)
 .application_vectors
                0x02000040       0x10 ./ra_gen/vector_data.o
                0x02000040                g_vector_table
                0x02000050                        __flash_vectors$$Limit = .

__flash_noinit$$
                0x02000050        0x0
                0x02000050                        __flash_noinit$$Base = .
 *(.flash_noinit)
                0x02000050                        __flash_noinit$$Limit = .

__sdram_from_flash$$
                0x68000000        0x0 load address 0x02000050
                0x68000000                        __sdram_from_flash$$Base = .
                0x02000050                        __sdram_from_flash$$Load = LOADADDR (__sdram_from_flash$$)
 *(.sdram_from_flash)
 *(.sdram_code_from_flash)
                0x68000000                        __sdram_from_flash$$Limit = .

__sdram_noinit_nocache$$
                0x68000000        0x0 load address 0x02000060
                0x68000000                        __sdram_noinit_nocache$$Base = .
 *(.sdram_noinit_nocache)
                0x68000000                        __sdram_noinit_nocache$$Limit = .

__sdram_zero_nocache$$
                0x68000000        0x0 load address 0x02000050
                0x68000000                        __sdram_zero_nocache$$Base = .
 *(.sdram_nocache)
                0x68000000                        . = ALIGN (0x20)
                0x68000000                        __sdram_zero_nocache$$Limit = .

__sdram_noinit$$
                0x68000000        0x0 load address 0x02000050
                0x68000000                        __sdram_noinit$$Base = .
 *(.sdram_noinit)
                0x68000000                        __sdram_noinit$$Limit = .

__sdram_zero$$  0x68000000        0x0 load address 0x02000050
                0x68000000                        __sdram_zero$$Base = .
 *(.sdram)
                0x68000000                        __sdram_zero$$Limit = .

.sdram.endof    0x68000000        0x0
                0x68000000                        __ddsc_SDRAM_END = .

__ospi0_cs0_from_flash$$
                0x80000000        0x0 load address 0x02000050
                0x80000000                        __ospi0_cs0_from_flash$$Base = .
                0x02000050                        __ospi0_cs0_from_flash$$Load = LOADADDR (__ospi0_cs0_from_flash$$)
 *(.ospi0_cs0_from_flash)
 *(.ospi0_cs0_code_from_flash)
                0x80000000                        __ospi0_cs0_from_flash$$Limit = .

__ospi0_cs0_noinit_nocache$$
                0x80000000        0x0 load address 0x02000060
                0x80000000                        __ospi0_cs0_noinit_nocache$$Base = .
 *(.ospi0_cs0_noinit_nocache)
                0x80000000                        __ospi0_cs0_noinit_nocache$$Limit = .

__ospi0_cs0_zero_nocache$$
                0x80000000        0x0 load address 0x02000050
                0x80000000                        __ospi0_cs0_zero_nocache$$Base = .
 *(.ospi0_cs0_nocache)
                0x80000000                        . = ALIGN (0x20)
                0x80000000                        __ospi0_cs0_zero_nocache$$Limit = .

__ospi0_cs0_noinit$$
                0x80000000        0x0 load address 0x02000050
                0x80000000                        __ospi0_cs0_noinit$$Base = .
 *(.ospi0_cs0_noinit)
                0x80000000                        __ospi0_cs0_noinit$$Limit = .

__ospi0_cs0_zero$$
                0x80000000        0x0 load address 0x02000050
                0x80000000                        __ospi0_cs0_zero$$Base = .
 *(.ospi0_cs0)
                0x80000000                        __ospi0_cs0_zero$$Limit = .

.ospi0_cs0.endof
                0x80000000        0x0
                0x80000000                        __ddsc_OSPI0_CS0_END = .

__ospi1_cs0_from_flash$$
                0x70000000        0x0 load address 0x02000050
                0x70000000                        __ospi1_cs0_from_flash$$Base = .
                0x02000050                        __ospi1_cs0_from_flash$$Load = LOADADDR (__ospi1_cs0_from_flash$$)
 *(.ospi1_cs0_from_flash)
 *(.ospi1_cs0_code_from_flash)
                0x70000000                        __ospi1_cs0_from_flash$$Limit = .

__ospi1_cs0_noinit_nocache$$
                0x70000000        0x0 load address 0x02000060
                0x70000000                        __ospi1_cs0_noinit_nocache$$Base = .
 *(.ospi1_cs0_noinit_nocache)
                0x70000000                        __ospi1_cs0_noinit_nocache$$Limit = .

__ospi1_cs0_zero_nocache$$
                0x70000000        0x0 load address 0x02000050
                0x70000000                        __ospi1_cs0_zero_nocache$$Base = .
 *(.ospi1_cs0_nocache)
                0x70000000                        . = ALIGN (0x20)
                0x70000000                        __ospi1_cs0_zero_nocache$$Limit = .

__ospi1_cs0_noinit$$
                0x70000000        0x0 load address 0x02000050
                0x70000000                        __ospi1_cs0_noinit$$Base = .
 *(.ospi1_cs0_noinit)
                0x70000000                        __ospi1_cs0_noinit$$Limit = .

__ospi1_cs0_zero$$
                0x70000000        0x0 load address 0x02000050
                0x70000000                        __ospi1_cs0_zero$$Base = .
 *(.ospi1_cs0)
                0x70000000                        __ospi1_cs0_zero$$Limit = .

.ospi1_cs0.endof
                0x70000000        0x0
                0x70000000                        __ddsc_OSPI1_CS0_END = .

__itcm_from_flash$$
                0x00000000     0x1d08 load address 0x02000050
                0x00000000                        __itcm_from_flash$$Base = .
                0x02000050                        __itcm_from_flash$$Load = LOADADDR (__itcm_from_flash$$)
 *(.itcm_from_flash)
 */coremark/*.o(.text*)
 .text.cmp_complex
                0x00000000      0x128 ./src/coremark/core_list_join.o
                0x00000000                cmp_complex
 .text.core_bench_list
                0x00000128      0x32c ./src/coremark/core_list_join.o
                0x00000128                core_bench_list
 .text.core_list_init
                0x00000454      0x1dc ./src/coremark/core_list_join.o
                0x00000454                core_list_init
 .text.coremain
                0x00000630      0x678 ./src/coremark/core_main.o
                0x00000630                coremain
 .text.matrix_test
                0x00000ca8      0x5a4 ./src/coremark/core_matrix.o
                0x00000ca8                matrix_test
 .text.core_bench_matrix
                0x0000124c       0x20 ./src/coremark/core_matrix.o
                0x0000124c                core_bench_matrix
 .text.core_init_matrix
                0x0000126c       0xe8 ./src/coremark/core_matrix.o
                0x0000126c                core_init_matrix
 .text.start_time
                0x00001354       0x4c ./src/coremark/core_portme.o
                0x00001354                start_time
 .text.stop_time
                0x000013a0       0x14 ./src/coremark/core_portme.o
                0x000013a0                stop_time
 .text.get_time
                0x000013b4        0xc ./src/coremark/core_portme.o
                0x000013b4                get_time
 .text.time_in_secs
                0x000013c0       0x20 ./src/coremark/core_portme.o
                0x000013c0                time_in_secs
 .text.portable_init
                0x000013e0        0x8 ./src/coremark/core_portme.o
                0x000013e0                portable_init
 .text.portable_fini
                0x000013e8        0x8 ./src/coremark/core_portme.o
                0x000013e8                portable_fini
 .text.SysTick_Handler
                0x000013f0       0x10 ./src/coremark/core_portme.o
                0x000013f0                SysTick_Handler
 .text.core_init_state
                0x00001400      0x130 ./src/coremark/core_state.o
                0x00001400                core_init_state
 .text.core_state_transition
                0x00001530      0x1b0 ./src/coremark/core_state.o
                0x00001530                core_state_transition
 .text.core_bench_state
                0x000016e0      0x148 ./src/coremark/core_state.o
                0x000016e0                core_bench_state
 .text.get_seed_32
                0x00001828       0x48 ./src/coremark/core_util.o
                0x00001828                get_seed_32
 .text.crcu16   0x00001870      0x118 ./src/coremark/core_util.o
                0x00001870                crcu16
 .text.crcu32   0x00001988      0x240 ./src/coremark/core_util.o
                0x00001988                crcu32
 .text.crc16    0x00001bc8      0x11c ./src/coremark/core_util.o
                0x00001bc8                crc16
 .text.check_data_types
                0x00001ce4        0x4 ./src/coremark/core_util.o
                0x00001ce4                check_data_types
 .text.check_data_types.__stub
                0x00001ce8       0x20 linker stubs
 *(.itcm_code_from_flash)
                0x00001d08                        __itcm_from_flash$$Limit = .

__itcm_noinit$$
                0x00001d08        0x0 load address 0x02001d58
                0x00001d08                        __itcm_noinit$$Base = .
 *(.itcm_noinit)
                0x00001d08                        __itcm_noinit$$Limit = .

__itcm_zero$$   0x00001d08        0x0 load address 0x02001d58
                0x00001d08                        __itcm_zero$$Base = .
 *(.itcm)
                0x00001d08                        __itcm_zero$$Limit = .

.itcm.endof     0x00002000        0x0
                0x00002000                        __ddsc_ITCM_END = .

__dtcm_from_flash$$
                0x20000000      0x7f0 load address 0x02001d58
                0x20000000                        __dtcm_from_flash$$Base = .
                0x02001d58                        __dtcm_from_flash$$Load = LOADADDR (__dtcm_from_flash$$)
 *(.dtcm_from_flash)
 */coremark/*.o(.data*)
 .data.default_num_contexts
                0x20000000        0x4 ./src/coremark/core_portme.o
                0x20000000                default_num_contexts
 .data.seed4_volatile
                0x20000004        0x4 ./src/coremark/core_portme.o
                0x20000004                seed4_volatile
 .data.seed3_volatile
                0x20000008        0x4 ./src/coremark/core_portme.o
                0x20000008                seed3_volatile
 */coremark/*.o(.bss*)
 *fill*         0x2000000c        0x4 
 .bss.stack_memblock
                0x20000010      0x7d0 ./src/coremark/core_main.o
                0x20000010                stack_memblock
 .bss.seed5_volatile
                0x200007e0        0x4 ./src/coremark/core_portme.o
                0x200007e0                seed5_volatile
 .bss.seed2_volatile
                0x200007e4        0x4 ./src/coremark/core_portme.o
                0x200007e4                seed2_volatile
 .bss.seed1_volatile
                0x200007e8        0x4 ./src/coremark/core_portme.o
                0x200007e8                seed1_volatile
 .bss.Tick      0x200007ec        0x4 ./src/coremark/core_portme.o
                0x200007ec                Tick
 *(.dtcm_code_from_flash)
                0x200007f0                        __dtcm_from_flash$$Limit = .

__dtcm_noinit$$
                0x200007f0        0x0 load address 0x02002548
                0x200007f0                        __dtcm_noinit$$Base = .
 *(.dtcm_noinit)
                0x200007f0                        __dtcm_noinit$$Limit = .

__dtcm_zero$$   0x200007f0        0x0 load address 0x02002548
                0x200007f0                        __dtcm_zero$$Base = .
 *(.dtcm)
                0x200007f0                        __dtcm_zero$$Limit = .

.dtcm.endof     0x20002000        0x0
                0x20002000                        __ddsc_DTCM_END = .

__ram_from_flash$$
                0x22000000      0x1cc load address 0x02002548
                0x22000000                        __ram_from_flash$$Base = .
                0x02002548                        __ram_from_flash$$Load = LOADADDR (__ram_from_flash$$)
 *(.ram_from_flash)
 *(.ram_code_from_flash)
 *(.data*)
 .data.g_uart9_baud_setting
                0x22000000        0x4 ./ra_gen/hal_data.o
                0x22000000                g_uart9_baud_setting
 .data.__sglue  0x22000004        0xc C:/Program Files (x86)/GCC/Arm GNU Toolchain arm-none-eabi/13.2 Rel1/bin/../lib/gcc/arm-none-eabi/13.2.1/thumb/v8-m.main+dp/hard\libg_nano.a(libc_a-findfp.o)
                0x22000004                __sglue
 .data._impure_ptr
                0x22000010        0x4 C:/Program Files (x86)/GCC/Arm GNU Toolchain arm-none-eabi/13.2 Rel1/bin/../lib/gcc/arm-none-eabi/13.2.1/thumb/v8-m.main+dp/hard\libg_nano.a(libc_a-impure.o)
                0x22000010                _impure_ptr
 .data._impure_data
                0x22000014       0x4c C:/Program Files (x86)/GCC/Arm GNU Toolchain arm-none-eabi/13.2 Rel1/bin/../lib/gcc/arm-none-eabi/13.2.1/thumb/v8-m.main+dp/hard\libg_nano.a(libc_a-impure.o)
                0x22000014                _impure_data
 .data.__global_locale
                0x22000060      0x16c C:/Program Files (x86)/GCC/Arm GNU Toolchain arm-none-eabi/13.2 Rel1/bin/../lib/gcc/arm-none-eabi/13.2.1/thumb/v8-m.main+dp/hard\libg_nano.a(libc_a-locale.o)
                0x22000060                __global_locale
 *(vtable)
                0x220001cc                        __ram_from_flash$$Limit = .

__ram_noinit_nocache$$
                0x220001e0        0x0 load address 0x02002720
                0x220001e0                        __ram_noinit_nocache$$Base = .
 *(.ram_noinit_nocache)
                0x220001e0                        __ram_noinit_nocache$$Limit = .

__ram_zero_nocache$$
                0x220001cc       0x14 load address 0x02002714
                0x220001cc                        __ram_zero_nocache$$Base = .
 *(.ram_nocache)
                0x220001e0                        . = ALIGN (0x20)
 *fill*         0x220001cc       0x14 
                0x220001e0                        __ram_zero_nocache$$Limit = .

__ram_noinit$$  0x220001e0     0x802c load address 0x02002714
                0x220001e0                        __ram_noinit$$Base = .
 *(.bss.g_heap)
 .bss.g_heap    0x220001e0     0x4000 ./ra/fsp/src/bsp/cmsis/Device/RENESAS/Source/startup.o
                0x220001e0                g_heap
 *(.bss.g_main_stack)
 .bss.g_main_stack
                0x220041e0     0x4000 ./ra/fsp/src/bsp/cmsis/Device/RENESAS/Source/startup.o
                0x220041e0                g_main_stack
 *(.ram_noinit)
 .ram_noinit    0x220081e0       0x2c ./ra/fsp/src/bsp/mcu/all/bsp_clocks.o
 *(.noinit)
                0x2200820c                        __ram_noinit$$Limit = .

__ram_zero$$    0x22008210      0x220 load address 0x02002714
                0x22008210                        __ram_zero$$Base = .
 *(.ram)
 *(.bss*)
 .bss.completed.1
                0x22008210        0x1 C:/Program Files (x86)/GCC/Arm GNU Toolchain arm-none-eabi/13.2 Rel1/bin/../lib/gcc/arm-none-eabi/13.2.1/thumb/v8-m.main+dp/hard/crtbegin.o
 *fill*         0x22008211        0x3 
 .bss.object.0  0x22008214       0x18 C:/Program Files (x86)/GCC/Arm GNU Toolchain arm-none-eabi/13.2 Rel1/bin/../lib/gcc/arm-none-eabi/13.2.1/thumb/v8-m.main+dp/hard/crtbegin.o
 .bss.g_ioport_ctrl
                0x2200822c        0x8 ./ra_gen/common_data.o
                0x2200822c                g_ioport_ctrl
 .bss.g_uart9_ctrl
                0x22008234       0x30 ./ra_gen/hal_data.o
                0x22008234                g_uart9_ctrl
 *fill*         0x22008264        0x4 
 .bss.g_bsp_group_irq_sources
                0x22008268       0x54 ./ra/fsp/src/bsp/mcu/all/bsp_group_irq.o
                0x22008268                g_bsp_group_irq_sources
 .bss.g_protect_pfswe_counter
                0x220082bc        0x4 ./ra/fsp/src/bsp/mcu/all/bsp_io.o
                0x220082bc                g_protect_pfswe_counter
 .bss.gp_renesas_isr_context
                0x220082c0       0x10 ./ra/fsp/src/bsp/mcu/all/bsp_irq.o
                0x220082c0                gp_renesas_isr_context
 .bss.g_protect_counters
                0x220082d0        0xa ./ra/fsp/src/bsp/mcu/all/bsp_register_protection.o
                0x220082d0                g_protect_counters
 *fill*         0x220082da        0x2 
 .bss.current_block_offset.0
                0x220082dc        0x4 ./ra/fsp/src/bsp/mcu/all/bsp_sbrk.o
 .bss.SystemCoreClock
                0x220082e0        0x4 ./ra/fsp/src/bsp/cmsis/Device/RENESAS/Source/system.o
                0x220082e0                SystemCoreClock
 .bss.__sf      0x220082e4      0x138 C:/Program Files (x86)/GCC/Arm GNU Toolchain arm-none-eabi/13.2 Rel1/bin/../lib/gcc/arm-none-eabi/13.2.1/thumb/v8-m.main+dp/hard\libg_nano.a(libc_a-findfp.o)
                0x220082e4                __sf
 .bss.__stdio_exit_handler
                0x2200841c        0x4 C:/Program Files (x86)/GCC/Arm GNU Toolchain arm-none-eabi/13.2 Rel1/bin/../lib/gcc/arm-none-eabi/13.2.1/thumb/v8-m.main+dp/hard\libg_nano.a(libc_a-findfp.o)
                0x2200841c                __stdio_exit_handler
 .bss.errno     0x22008420        0x4 C:/Program Files (x86)/GCC/Arm GNU Toolchain arm-none-eabi/13.2 Rel1/bin/../lib/gcc/arm-none-eabi/13.2.1/thumb/v8-m.main+dp/hard\libg_nano.a(libc_a-reent.o)
                0x22008420                errno
 .bss.__lock___malloc_recursive_mutex
                0x22008424        0x1 C:/Program Files (x86)/GCC/Arm GNU Toolchain arm-none-eabi/13.2 Rel1/bin/../lib/gcc/arm-none-eabi/13.2.1/thumb/v8-m.main+dp/hard\libg_nano.a(libc_a-lock.o)
                0x22008424                __lock___malloc_recursive_mutex
 .bss.__lock___sfp_recursive_mutex
                0x22008425        0x1 C:/Program Files (x86)/GCC/Arm GNU Toolchain arm-none-eabi/13.2 Rel1/bin/../lib/gcc/arm-none-eabi/13.2.1/thumb/v8-m.main+dp/hard\libg_nano.a(libc_a-lock.o)
                0x22008425                __lock___sfp_recursive_mutex
 *fill*         0x22008426        0x2 
 .bss.__malloc_sbrk_start
                0x22008428        0x4 C:/Program Files (x86)/GCC/Arm GNU Toolchain arm-none-eabi/13.2 Rel1/bin/../lib/gcc/arm-none-eabi/13.2.1/thumb/v8-m.main+dp/hard\libg_nano.a(libc_a-mallocr.o)
                0x22008428                __malloc_sbrk_start
 .bss.__malloc_free_list
                0x2200842c        0x4 C:/Program Files (x86)/GCC/Arm GNU Toolchain arm-none-eabi/13.2 Rel1/bin/../lib/gcc/arm-none-eabi/13.2.1/thumb/v8-m.main+dp/hard\libg_nano.a(libc_a-mallocr.o)
                0x2200842c                __malloc_free_list
                0x22008430                        __ram_zero$$Limit = .

__ram_thread_stack$$
                0x22008430        0x0 load address 0x02002718
                0x22008430                        __ram_thread_stack$$Base = .
 *(.stack?*)
                0x22008430                        __ram_thread_stack$$Limit = .

.ram.endof      0x2200a000        0x0
                0x2200a000                        __ddsc_RAM_END = .

.ram.flat_nsc   0x2200a000        0x0
                0x2200a000                        __sau_ddsc_RAM_NSC = .

__flash_readonly$$
                0x02002718     0x5144
                0x02002718                        __flash_readonly$$Base = .
 *(.flash)
 *(.flash_code)
 *(.text*)
 .text.startup.__arm_set_fast_math
                0x02002718       0x10 C:/Program Files (x86)/GCC/Arm GNU Toolchain arm-none-eabi/13.2 Rel1/bin/../lib/gcc/arm-none-eabi/13.2.1/thumb/v8-m.main+dp/hard/crtfastmath.o
 .text.deregister_tm_clones
                0x02002728       0x1c C:/Program Files (x86)/GCC/Arm GNU Toolchain arm-none-eabi/13.2 Rel1/bin/../lib/gcc/arm-none-eabi/13.2.1/thumb/v8-m.main+dp/hard/crtbegin.o
 .text.register_tm_clones
                0x02002744       0x28 C:/Program Files (x86)/GCC/Arm GNU Toolchain arm-none-eabi/13.2 Rel1/bin/../lib/gcc/arm-none-eabi/13.2.1/thumb/v8-m.main+dp/hard/crtbegin.o
 .text.__do_global_dtors_aux
                0x0200276c       0x28 C:/Program Files (x86)/GCC/Arm GNU Toolchain arm-none-eabi/13.2 Rel1/bin/../lib/gcc/arm-none-eabi/13.2.1/thumb/v8-m.main+dp/hard/crtbegin.o
 .text.frame_dummy
                0x02002794       0x24 C:/Program Files (x86)/GCC/Arm GNU Toolchain arm-none-eabi/13.2 Rel1/bin/../lib/gcc/arm-none-eabi/13.2.1/thumb/v8-m.main+dp/hard/crtbegin.o
 .text._write   0x020027b8       0x34 ./src/hal_entry.o
                0x020027b8                _write
 .text.check_mpu_configuration
                0x020027ec       0x78 ./src/hal_entry.o
                0x020027ec                check_mpu_configuration
 .text.hal_entry
                0x02002864       0xb8 ./src/hal_entry.o
                0x02002864                hal_entry
 .text.R_BSP_WarmStart
                0x0200291c       0x18 ./src/hal_entry.o
                0x0200291c                R_BSP_WarmStart
 .text.startup.main
                0x02002934        0xc ./ra_gen/main.o
                0x02002934                main
 .text.R_SCI_B_UART_Open
                0x02002940      0x3dc ./ra/fsp/src/r_sci_b_uart/r_sci_b_uart.o
                0x02002940                R_SCI_B_UART_Open
 .text.sci_b_uart_txi_isr
                0x02002d1c       0xd0 ./ra/fsp/src/r_sci_b_uart/r_sci_b_uart.o
                0x02002d1c                sci_b_uart_txi_isr
 .text.sci_b_uart_rxi_isr
                0x02002dec       0xe8 ./ra/fsp/src/r_sci_b_uart/r_sci_b_uart.o
                0x02002dec                sci_b_uart_rxi_isr
 .text.sci_b_uart_tei_isr
                0x02002ed4       0x7c ./ra/fsp/src/r_sci_b_uart/r_sci_b_uart.o
                0x02002ed4                sci_b_uart_tei_isr
 .text.sci_b_uart_eri_isr
                0x02002f50       0xbc ./ra/fsp/src/r_sci_b_uart/r_sci_b_uart.o
                0x02002f50                sci_b_uart_eri_isr
 .text.bsp_vbatt_init
                0x0200300c      0x278 ./ra/fsp/src/r_ioport/r_ioport.o
 .text.r_ioport_pins_config
                0x02003284       0xb4 ./ra/fsp/src/r_ioport/r_ioport.o
 .text.R_IOPORT_Open
                0x02003338       0x14 ./ra/fsp/src/r_ioport/r_ioport.o
                0x02003338                R_IOPORT_Open
 .text.SystemCoreClockUpdate
                0x0200334c       0x88 ./ra/fsp/src/bsp/mcu/all/bsp_clocks.o
                0x0200334c                SystemCoreClockUpdate
 *fill*         0x020033d4        0x4 
 .text.bsp_clock_init
                0x020033d8      0x4f0 ./ra/fsp/src/bsp/mcu/all/bsp_clocks.o
                0x020033d8                bsp_clock_init
 .text.R_BSP_Init_RTC
                0x020038c8       0x28 ./ra/fsp/src/bsp/mcu/all/bsp_clocks.o
                0x020038c8                R_BSP_Init_RTC
 .text.__assert_func
                0x020038f0        0x4 ./ra/fsp/src/bsp/mcu/all/bsp_common.o
                0x020038f0                __assert_func
 *fill*         0x020038f4        0x4 
 .text.bsp_prv_software_delay_loop
                0x020038f8        0xc ./ra/fsp/src/bsp/mcu/all/bsp_delay.o
                0x020038f8                bsp_prv_software_delay_loop
 .text.R_BSP_SoftwareDelay
                0x02003904       0x88 ./ra/fsp/src/bsp/mcu/all/bsp_delay.o
                0x02003904                R_BSP_SoftwareDelay
 .text.NMI_Handler
                0x0200398c       0x44 ./ra/fsp/src/bsp/mcu/all/bsp_group_irq.o
                0x0200398c                NMI_Handler
 .text.bsp_irq_cfg
                0x020039d0       0x34 ./ra/fsp/src/bsp/mcu/all/bsp_irq.o
                0x020039d0                bsp_irq_cfg
 .text.R_BSP_RegisterProtectEnable
                0x02003a04       0x60 ./ra/fsp/src/bsp/mcu/all/bsp_register_protection.o
                0x02003a04                R_BSP_RegisterProtectEnable
 .text.R_BSP_RegisterProtectDisable
                0x02003a64       0x54 ./ra/fsp/src/bsp/mcu/all/bsp_register_protection.o
                0x02003a64                R_BSP_RegisterProtectDisable
 .text._sbrk    0x02003ab8       0x38 ./ra/fsp/src/bsp/mcu/all/bsp_sbrk.o
                0x02003ab8                _sbrk
 .text.Default_Handler
                0x02003af0        0x4 ./ra/fsp/src/bsp/cmsis/Device/RENESAS/Source/startup.o
                0x02003af0                DebugMon_Handler
                0x02003af0                HardFault_Handler
                0x02003af0                PendSV_Handler
                0x02003af0                UsageFault_Handler
                0x02003af0                SecureFault_Handler
                0x02003af0                Default_Handler
                0x02003af0                MemManage_Handler
                0x02003af0                SVC_Handler
                0x02003af0                BusFault_Handler
 .text.Reset_Handler
                0x02003af4        0xc ./ra/fsp/src/bsp/cmsis/Device/RENESAS/Source/startup.o
                0x02003af4                Reset_Handler
 .text.SystemRuntimeInit
                0x02003b00       0x64 ./ra/fsp/src/bsp/cmsis/Device/RENESAS/Source/system.o
 *fill*         0x02003b64        0x4 
 .text.SystemInit
                0x02003b68      0x2ac ./ra/fsp/src/bsp/cmsis/Device/RENESAS/Source/system.o
                0x02003b68                SystemInit
 .text.bsp_init
                0x02003e14        0x4 ./ra/board/ra8t2_mck/board_init.o
                0x02003e14                bsp_init
 .text.__cvt    0x02003e18       0xa8 C:/Program Files (x86)/GCC/Arm GNU Toolchain arm-none-eabi/13.2 Rel1/bin/../lib/gcc/arm-none-eabi/13.2.1/thumb/v8-m.main+dp/hard\libg_nano.a(libc_a-nano-vfprintf_float.o)
                0x02003e18                __cvt
 .text.__exponent
                0x02003ec0       0x72 C:/Program Files (x86)/GCC/Arm GNU Toolchain arm-none-eabi/13.2 Rel1/bin/../lib/gcc/arm-none-eabi/13.2.1/thumb/v8-m.main+dp/hard\libg_nano.a(libc_a-nano-vfprintf_float.o)
                0x02003ec0                __exponent
 *fill*         0x02003f32        0x6 
 .text._printf_float
                0x02003f38      0x434 C:/Program Files (x86)/GCC/Arm GNU Toolchain arm-none-eabi/13.2 Rel1/bin/../lib/gcc/arm-none-eabi/13.2.1/thumb/v8-m.main+dp/hard\libg_nano.a(libc_a-nano-vfprintf_float.o)
                0x02003f38                _printf_float
 .text._printf_common
                0x0200436c       0xe4 C:/Program Files (x86)/GCC/Arm GNU Toolchain arm-none-eabi/13.2 Rel1/bin/../lib/gcc/arm-none-eabi/13.2.1/thumb/v8-m.main+dp/hard\libg_nano.a(libc_a-nano-vfprintf_i.o)
                0x0200436c                _printf_common
 .text._printf_i
                0x02004450      0x23c C:/Program Files (x86)/GCC/Arm GNU Toolchain arm-none-eabi/13.2 Rel1/bin/../lib/gcc/arm-none-eabi/13.2.1/thumb/v8-m.main+dp/hard\libg_nano.a(libc_a-nano-vfprintf_i.o)
                0x02004450                _printf_i
 .text.std      0x0200468c       0x6c C:/Program Files (x86)/GCC/Arm GNU Toolchain arm-none-eabi/13.2 Rel1/bin/../lib/gcc/arm-none-eabi/13.2.1/thumb/v8-m.main+dp/hard\libg_nano.a(libc_a-findfp.o)
 .text.stdio_exit_handler
                0x020046f8       0x18 C:/Program Files (x86)/GCC/Arm GNU Toolchain arm-none-eabi/13.2 Rel1/bin/../lib/gcc/arm-none-eabi/13.2.1/thumb/v8-m.main+dp/hard\libg_nano.a(libc_a-findfp.o)
 .text.cleanup_stdio
                0x02004710       0x40 C:/Program Files (x86)/GCC/Arm GNU Toolchain arm-none-eabi/13.2 Rel1/bin/../lib/gcc/arm-none-eabi/13.2.1/thumb/v8-m.main+dp/hard\libg_nano.a(libc_a-findfp.o)
 .text.global_stdio_init.part.0
                0x02004750       0x3c C:/Program Files (x86)/GCC/Arm GNU Toolchain arm-none-eabi/13.2 Rel1/bin/../lib/gcc/arm-none-eabi/13.2.1/thumb/v8-m.main+dp/hard\libg_nano.a(libc_a-findfp.o)
 .text.__sfp_lock_acquire
                0x0200478c        0xc C:/Program Files (x86)/GCC/Arm GNU Toolchain arm-none-eabi/13.2 Rel1/bin/../lib/gcc/arm-none-eabi/13.2.1/thumb/v8-m.main+dp/hard\libg_nano.a(libc_a-findfp.o)
                0x0200478c                __sfp_lock_acquire
 .text.__sfp_lock_release
                0x02004798        0xc C:/Program Files (x86)/GCC/Arm GNU Toolchain arm-none-eabi/13.2 Rel1/bin/../lib/gcc/arm-none-eabi/13.2.1/thumb/v8-m.main+dp/hard\libg_nano.a(libc_a-findfp.o)
                0x02004798                __sfp_lock_release
 .text.__sinit  0x020047a4       0x30 C:/Program Files (x86)/GCC/Arm GNU Toolchain arm-none-eabi/13.2 Rel1/bin/../lib/gcc/arm-none-eabi/13.2.1/thumb/v8-m.main+dp/hard\libg_nano.a(libc_a-findfp.o)
                0x020047a4                __sinit
 .text._fwalk_sglue
                0x020047d4       0x3c C:/Program Files (x86)/GCC/Arm GNU Toolchain arm-none-eabi/13.2 Rel1/bin/../lib/gcc/arm-none-eabi/13.2.1/thumb/v8-m.main+dp/hard\libg_nano.a(libc_a-fwalk.o)
                0x020047d4                _fwalk_sglue
 .text.printf   0x02004810       0x24 C:/Program Files (x86)/GCC/Arm GNU Toolchain arm-none-eabi/13.2 Rel1/bin/../lib/gcc/arm-none-eabi/13.2.1/thumb/v8-m.main+dp/hard\libg_nano.a(libc_a-printf.o)
                0x02004810                iprintf
                0x02004810                printf
 .text.putchar  0x02004834       0x10 C:/Program Files (x86)/GCC/Arm GNU Toolchain arm-none-eabi/13.2 Rel1/bin/../lib/gcc/arm-none-eabi/13.2.1/thumb/v8-m.main+dp/hard\libg_nano.a(libc_a-putchar.o)
                0x02004834                putchar
 .text._puts_r  0x02004844       0xaa C:/Program Files (x86)/GCC/Arm GNU Toolchain arm-none-eabi/13.2 Rel1/bin/../lib/gcc/arm-none-eabi/13.2.1/thumb/v8-m.main+dp/hard\libg_nano.a(libc_a-puts.o)
                0x02004844                _puts_r
 *fill*         0x020048ee        0x2 
 .text.puts     0x020048f0       0x10 C:/Program Files (x86)/GCC/Arm GNU Toolchain arm-none-eabi/13.2 Rel1/bin/../lib/gcc/arm-none-eabi/13.2.1/thumb/v8-m.main+dp/hard\libg_nano.a(libc_a-puts.o)
                0x020048f0                puts
 .text.__sread  0x02004900       0x22 C:/Program Files (x86)/GCC/Arm GNU Toolchain arm-none-eabi/13.2 Rel1/bin/../lib/gcc/arm-none-eabi/13.2.1/thumb/v8-m.main+dp/hard\libg_nano.a(libc_a-stdio.o)
                0x02004900                __sread
 .text.__swrite
                0x02004922       0x38 C:/Program Files (x86)/GCC/Arm GNU Toolchain arm-none-eabi/13.2 Rel1/bin/../lib/gcc/arm-none-eabi/13.2.1/thumb/v8-m.main+dp/hard\libg_nano.a(libc_a-stdio.o)
                0x02004922                __swrite
 .text.__sseek  0x0200495a       0x24 C:/Program Files (x86)/GCC/Arm GNU Toolchain arm-none-eabi/13.2 Rel1/bin/../lib/gcc/arm-none-eabi/13.2.1/thumb/v8-m.main+dp/hard\libg_nano.a(libc_a-stdio.o)
                0x0200495a                __sseek
 .text.__sclose
                0x0200497e        0x8 C:/Program Files (x86)/GCC/Arm GNU Toolchain arm-none-eabi/13.2 Rel1/bin/../lib/gcc/arm-none-eabi/13.2.1/thumb/v8-m.main+dp/hard\libg_nano.a(libc_a-stdio.o)
                0x0200497e                __sclose
 .text.__swbuf_r
                0x02004986       0x7c C:/Program Files (x86)/GCC/Arm GNU Toolchain arm-none-eabi/13.2 Rel1/bin/../lib/gcc/arm-none-eabi/13.2.1/thumb/v8-m.main+dp/hard\libg_nano.a(libc_a-wbuf.o)
                0x02004986                __swbuf_r
 *fill*         0x02004a02        0x2 
 .text.__swsetup_r
                0x02004a04       0xac C:/Program Files (x86)/GCC/Arm GNU Toolchain arm-none-eabi/13.2 Rel1/bin/../lib/gcc/arm-none-eabi/13.2.1/thumb/v8-m.main+dp/hard\libg_nano.a(libc_a-wsetup.o)
                0x02004a04                __swsetup_r
 .text.memset   0x02004ab0       0x10 C:/Program Files (x86)/GCC/Arm GNU Toolchain arm-none-eabi/13.2 Rel1/bin/../lib/gcc/arm-none-eabi/13.2.1/thumb/v8-m.main+dp/hard\libg_nano.a(libc_a-memset.o)
                0x02004ab0                memset
 .text._localeconv_r
                0x02004ac0        0x8 C:/Program Files (x86)/GCC/Arm GNU Toolchain arm-none-eabi/13.2 Rel1/bin/../lib/gcc/arm-none-eabi/13.2.1/thumb/v8-m.main+dp/hard\libg_nano.a(libc_a-localeconv.o)
                0x02004ac0                _localeconv_r
 .text._close_r
                0x02004ac8       0x20 C:/Program Files (x86)/GCC/Arm GNU Toolchain arm-none-eabi/13.2 Rel1/bin/../lib/gcc/arm-none-eabi/13.2.1/thumb/v8-m.main+dp/hard\libg_nano.a(libc_a-closer.o)
                0x02004ac8                _close_r
 .text._lseek_r
                0x02004ae8       0x24 C:/Program Files (x86)/GCC/Arm GNU Toolchain arm-none-eabi/13.2 Rel1/bin/../lib/gcc/arm-none-eabi/13.2.1/thumb/v8-m.main+dp/hard\libg_nano.a(libc_a-lseekr.o)
                0x02004ae8                _lseek_r
 .text._read_r  0x02004b0c       0x24 C:/Program Files (x86)/GCC/Arm GNU Toolchain arm-none-eabi/13.2 Rel1/bin/../lib/gcc/arm-none-eabi/13.2.1/thumb/v8-m.main+dp/hard\libg_nano.a(libc_a-readr.o)
                0x02004b0c                _read_r
 .text._write_r
                0x02004b30       0x24 C:/Program Files (x86)/GCC/Arm GNU Toolchain arm-none-eabi/13.2 Rel1/bin/../lib/gcc/arm-none-eabi/13.2.1/thumb/v8-m.main+dp/hard\libg_nano.a(libc_a-writer.o)
                0x02004b30                _write_r
 .text.__errno  0x02004b54        0xc C:/Program Files (x86)/GCC/Arm GNU Toolchain arm-none-eabi/13.2 Rel1/bin/../lib/gcc/arm-none-eabi/13.2.1/thumb/v8-m.main+dp/hard\libg_nano.a(libc_a-errno.o)
                0x02004b54                __errno
 .text.__retarget_lock_init_recursive
                0x02004b60        0x2 C:/Program Files (x86)/GCC/Arm GNU Toolchain arm-none-eabi/13.2 Rel1/bin/../lib/gcc/arm-none-eabi/13.2.1/thumb/v8-m.main+dp/hard\libg_nano.a(libc_a-lock.o)
                0x02004b60                __retarget_lock_init_recursive
 .text.__retarget_lock_acquire_recursive
                0x02004b62        0x2 C:/Program Files (x86)/GCC/Arm GNU Toolchain arm-none-eabi/13.2 Rel1/bin/../lib/gcc/arm-none-eabi/13.2.1/thumb/v8-m.main+dp/hard\libg_nano.a(libc_a-lock.o)
                0x02004b62                __retarget_lock_acquire_recursive
 .text.__retarget_lock_release_recursive
                0x02004b64        0x2 C:/Program Files (x86)/GCC/Arm GNU Toolchain arm-none-eabi/13.2 Rel1/bin/../lib/gcc/arm-none-eabi/13.2.1/thumb/v8-m.main+dp/hard\libg_nano.a(libc_a-lock.o)
                0x02004b64                __retarget_lock_release_recursive
 .text.memchr   0x02004b66       0x1c C:/Program Files (x86)/GCC/Arm GNU Toolchain arm-none-eabi/13.2 Rel1/bin/../lib/gcc/arm-none-eabi/13.2.1/thumb/v8-m.main+dp/hard\libg_nano.a(libc_a-memchr-stub.o)
                0x02004b66                memchr
 .text.memcpy   0x02004b82       0x1a C:/Program Files (x86)/GCC/Arm GNU Toolchain arm-none-eabi/13.2 Rel1/bin/../lib/gcc/arm-none-eabi/13.2.1/thumb/v8-m.main+dp/hard\libg_nano.a(libc_a-memcpy-stub.o)
                0x02004b82                memcpy
 .text          0x02004b9c       0x10 C:/Program Files (x86)/GCC/Arm GNU Toolchain arm-none-eabi/13.2 Rel1/bin/../lib/gcc/arm-none-eabi/13.2.1/thumb/v8-m.main+dp/hard\libg_nano.a(libc_a-strlen.o)
                0x02004b9c                strlen
 .text.quorem   0x02004bac      0x11a C:/Program Files (x86)/GCC/Arm GNU Toolchain arm-none-eabi/13.2 Rel1/bin/../lib/gcc/arm-none-eabi/13.2.1/thumb/v8-m.main+dp/hard\libg_nano.a(libc_a-dtoa.o)
 *fill*         0x02004cc6        0x2 
 .text._dtoa_r  0x02004cc8      0xa9c C:/Program Files (x86)/GCC/Arm GNU Toolchain arm-none-eabi/13.2 Rel1/bin/../lib/gcc/arm-none-eabi/13.2.1/thumb/v8-m.main+dp/hard\libg_nano.a(libc_a-dtoa.o)
                0x02004cc8                _dtoa_r
 .text._free_r  0x02005764       0x94 C:/Program Files (x86)/GCC/Arm GNU Toolchain arm-none-eabi/13.2 Rel1/bin/../lib/gcc/arm-none-eabi/13.2.1/thumb/v8-m.main+dp/hard\libg_nano.a(libc_a-freer.o)
                0x02005764                _free_r
 .text.malloc   0x020057f8       0x10 C:/Program Files (x86)/GCC/Arm GNU Toolchain arm-none-eabi/13.2 Rel1/bin/../lib/gcc/arm-none-eabi/13.2.1/thumb/v8-m.main+dp/hard\libg_nano.a(libc_a-malloc.o)
                0x020057f8                malloc
 .text.sbrk_aligned
                0x02005808       0x44 C:/Program Files (x86)/GCC/Arm GNU Toolchain arm-none-eabi/13.2 Rel1/bin/../lib/gcc/arm-none-eabi/13.2.1/thumb/v8-m.main+dp/hard\libg_nano.a(libc_a-mallocr.o)
 .text._malloc_r
                0x0200584c      0x100 C:/Program Files (x86)/GCC/Arm GNU Toolchain arm-none-eabi/13.2 Rel1/bin/../lib/gcc/arm-none-eabi/13.2.1/thumb/v8-m.main+dp/hard\libg_nano.a(libc_a-mallocr.o)
                0x0200584c                _malloc_r
 .text.__malloc_lock
                0x0200594c        0xc C:/Program Files (x86)/GCC/Arm GNU Toolchain arm-none-eabi/13.2 Rel1/bin/../lib/gcc/arm-none-eabi/13.2.1/thumb/v8-m.main+dp/hard\libg_nano.a(libc_a-mlock.o)
                0x0200594c                __malloc_lock
 .text.__malloc_unlock
                0x02005958        0xc C:/Program Files (x86)/GCC/Arm GNU Toolchain arm-none-eabi/13.2 Rel1/bin/../lib/gcc/arm-none-eabi/13.2.1/thumb/v8-m.main+dp/hard\libg_nano.a(libc_a-mlock.o)
                0x02005958                __malloc_unlock
 .text._Balloc  0x02005964       0x80 C:/Program Files (x86)/GCC/Arm GNU Toolchain arm-none-eabi/13.2 Rel1/bin/../lib/gcc/arm-none-eabi/13.2.1/thumb/v8-m.main+dp/hard\libg_nano.a(libc_a-mprec.o)
                0x02005964                _Balloc
 .text._Bfree   0x020059e4       0x44 C:/Program Files (x86)/GCC/Arm GNU Toolchain arm-none-eabi/13.2 Rel1/bin/../lib/gcc/arm-none-eabi/13.2.1/thumb/v8-m.main+dp/hard\libg_nano.a(libc_a-mprec.o)
                0x020059e4                _Bfree
 .text.__multadd
                0x02005a28       0x90 C:/Program Files (x86)/GCC/Arm GNU Toolchain arm-none-eabi/13.2 Rel1/bin/../lib/gcc/arm-none-eabi/13.2.1/thumb/v8-m.main+dp/hard\libg_nano.a(libc_a-mprec.o)
                0x02005a28                __multadd
 .text.__hi0bits
                0x02005ab8       0x3e C:/Program Files (x86)/GCC/Arm GNU Toolchain arm-none-eabi/13.2 Rel1/bin/../lib/gcc/arm-none-eabi/13.2.1/thumb/v8-m.main+dp/hard\libg_nano.a(libc_a-mprec.o)
                0x02005ab8                __hi0bits
 .text.__lo0bits
                0x02005af6       0x5a C:/Program Files (x86)/GCC/Arm GNU Toolchain arm-none-eabi/13.2 Rel1/bin/../lib/gcc/arm-none-eabi/13.2.1/thumb/v8-m.main+dp/hard\libg_nano.a(libc_a-mprec.o)
                0x02005af6                __lo0bits
 .text.__i2b    0x02005b50       0x2c C:/Program Files (x86)/GCC/Arm GNU Toolchain arm-none-eabi/13.2 Rel1/bin/../lib/gcc/arm-none-eabi/13.2.1/thumb/v8-m.main+dp/hard\libg_nano.a(libc_a-mprec.o)
                0x02005b50                __i2b
 .text.__multiply
                0x02005b7c      0x148 C:/Program Files (x86)/GCC/Arm GNU Toolchain arm-none-eabi/13.2 Rel1/bin/../lib/gcc/arm-none-eabi/13.2.1/thumb/v8-m.main+dp/hard\libg_nano.a(libc_a-mprec.o)
                0x02005b7c                __multiply
 .text.__pow5mult
                0x02005cc4       0xb4 C:/Program Files (x86)/GCC/Arm GNU Toolchain arm-none-eabi/13.2 Rel1/bin/../lib/gcc/arm-none-eabi/13.2.1/thumb/v8-m.main+dp/hard\libg_nano.a(libc_a-mprec.o)
                0x02005cc4                __pow5mult
 .text.__lshift
                0x02005d78       0xd8 C:/Program Files (x86)/GCC/Arm GNU Toolchain arm-none-eabi/13.2 Rel1/bin/../lib/gcc/arm-none-eabi/13.2.1/thumb/v8-m.main+dp/hard\libg_nano.a(libc_a-mprec.o)
                0x02005d78                __lshift
 .text.__mcmp   0x02005e50       0x36 C:/Program Files (x86)/GCC/Arm GNU Toolchain arm-none-eabi/13.2 Rel1/bin/../lib/gcc/arm-none-eabi/13.2.1/thumb/v8-m.main+dp/hard\libg_nano.a(libc_a-mprec.o)
                0x02005e50                __mcmp
 *fill*         0x02005e86        0x2 
 .text.__mdiff  0x02005e88      0x130 C:/Program Files (x86)/GCC/Arm GNU Toolchain arm-none-eabi/13.2 Rel1/bin/../lib/gcc/arm-none-eabi/13.2.1/thumb/v8-m.main+dp/hard\libg_nano.a(libc_a-mprec.o)
                0x02005e88                __mdiff
 .text.__d2b    0x02005fb8       0xb0 C:/Program Files (x86)/GCC/Arm GNU Toolchain arm-none-eabi/13.2 Rel1/bin/../lib/gcc/arm-none-eabi/13.2.1/thumb/v8-m.main+dp/hard\libg_nano.a(libc_a-mprec.o)
                0x02005fb8                __d2b
 .text.__sfputc_r
                0x02006068       0x2e C:/Program Files (x86)/GCC/Arm GNU Toolchain arm-none-eabi/13.2 Rel1/bin/../lib/gcc/arm-none-eabi/13.2.1/thumb/v8-m.main+dp/hard\libg_nano.a(libc_a-nano-vfprintf.o)
 .text.__sfputs_r
                0x02006096       0x24 C:/Program Files (x86)/GCC/Arm GNU Toolchain arm-none-eabi/13.2 Rel1/bin/../lib/gcc/arm-none-eabi/13.2.1/thumb/v8-m.main+dp/hard\libg_nano.a(libc_a-nano-vfprintf.o)
                0x02006096                __sfputs_r
 *fill*         0x020060ba        0x2 
 .text._vfprintf_r
                0x020060bc      0x230 C:/Program Files (x86)/GCC/Arm GNU Toolchain arm-none-eabi/13.2 Rel1/bin/../lib/gcc/arm-none-eabi/13.2.1/thumb/v8-m.main+dp/hard\libg_nano.a(libc_a-nano-vfprintf.o)
                0x020060bc                _vfprintf_r
                0x020060bc                _vfiprintf_r
 .text.__sflush_r
                0x020062ec      0x108 C:/Program Files (x86)/GCC/Arm GNU Toolchain arm-none-eabi/13.2 Rel1/bin/../lib/gcc/arm-none-eabi/13.2.1/thumb/v8-m.main+dp/hard\libg_nano.a(libc_a-fflush.o)
                0x020062ec                __sflush_r
 .text._fflush_r
                0x020063f4       0x50 C:/Program Files (x86)/GCC/Arm GNU Toolchain arm-none-eabi/13.2 Rel1/bin/../lib/gcc/arm-none-eabi/13.2.1/thumb/v8-m.main+dp/hard\libg_nano.a(libc_a-fflush.o)
                0x020063f4                _fflush_r
 .text.__swhatbuf_r
                0x02006444       0x4a C:/Program Files (x86)/GCC/Arm GNU Toolchain arm-none-eabi/13.2 Rel1/bin/../lib/gcc/arm-none-eabi/13.2.1/thumb/v8-m.main+dp/hard\libg_nano.a(libc_a-makebuf.o)
                0x02006444                __swhatbuf_r
 .text.__smakebuf_r
                0x0200648e       0x78 C:/Program Files (x86)/GCC/Arm GNU Toolchain arm-none-eabi/13.2 Rel1/bin/../lib/gcc/arm-none-eabi/13.2.1/thumb/v8-m.main+dp/hard\libg_nano.a(libc_a-makebuf.o)
                0x0200648e                __smakebuf_r
 .text._putc_r  0x02006506       0x68 C:/Program Files (x86)/GCC/Arm GNU Toolchain arm-none-eabi/13.2 Rel1/bin/../lib/gcc/arm-none-eabi/13.2.1/thumb/v8-m.main+dp/hard\libg_nano.a(libc_a-putc.o)
                0x02006506                _putc_r
 *fill*         0x0200656e        0x2 
 .text._fstat_r
                0x02006570       0x24 C:/Program Files (x86)/GCC/Arm GNU Toolchain arm-none-eabi/13.2 Rel1/bin/../lib/gcc/arm-none-eabi/13.2.1/thumb/v8-m.main+dp/hard\libg_nano.a(libc_a-fstatr.o)
                0x02006570                _fstat_r
 .text._isatty_r
                0x02006594       0x20 C:/Program Files (x86)/GCC/Arm GNU Toolchain arm-none-eabi/13.2 Rel1/bin/../lib/gcc/arm-none-eabi/13.2.1/thumb/v8-m.main+dp/hard\libg_nano.a(libc_a-isattyr.o)
                0x02006594                _isatty_r
 .text._sbrk_r  0x020065b4       0x20 C:/Program Files (x86)/GCC/Arm GNU Toolchain arm-none-eabi/13.2 Rel1/bin/../lib/gcc/arm-none-eabi/13.2.1/thumb/v8-m.main+dp/hard\libg_nano.a(libc_a-sbrkr.o)
                0x020065b4                _sbrk_r
 .text._calloc_r
                0x020065d4       0x28 C:/Program Files (x86)/GCC/Arm GNU Toolchain arm-none-eabi/13.2 Rel1/bin/../lib/gcc/arm-none-eabi/13.2.1/thumb/v8-m.main+dp/hard\libg_nano.a(libc_a-callocr.o)
                0x020065d4                _calloc_r
 .text.__ascii_mbtowc
                0x020065fc       0x24 C:/Program Files (x86)/GCC/Arm GNU Toolchain arm-none-eabi/13.2 Rel1/bin/../lib/gcc/arm-none-eabi/13.2.1/thumb/v8-m.main+dp/hard\libg_nano.a(libc_a-mbtowc_r.o)
                0x020065fc                __ascii_mbtowc
 .text.__ascii_wctomb
                0x02006620       0x1a C:/Program Files (x86)/GCC/Arm GNU Toolchain arm-none-eabi/13.2 Rel1/bin/../lib/gcc/arm-none-eabi/13.2.1/thumb/v8-m.main+dp/hard\libg_nano.a(libc_a-wctomb_r.o)
                0x02006620                __ascii_wctomb
 *fill*         0x0200663a        0x2 
 .text._close   0x0200663c       0x10 C:/Program Files (x86)/GCC/Arm GNU Toolchain arm-none-eabi/13.2 Rel1/bin/../lib/gcc/arm-none-eabi/13.2.1/thumb/v8-m.main+dp/hard\libnosys.a(close.o)
                0x0200663c                _close
 .text._fstat   0x0200664c       0x10 C:/Program Files (x86)/GCC/Arm GNU Toolchain arm-none-eabi/13.2 Rel1/bin/../lib/gcc/arm-none-eabi/13.2.1/thumb/v8-m.main+dp/hard\libnosys.a(fstat.o)
                0x0200664c                _fstat
 .text._isatty  0x0200665c       0x10 C:/Program Files (x86)/GCC/Arm GNU Toolchain arm-none-eabi/13.2 Rel1/bin/../lib/gcc/arm-none-eabi/13.2.1/thumb/v8-m.main+dp/hard\libnosys.a(isatty.o)
                0x0200665c                _isatty
 .text._lseek   0x0200666c       0x10 C:/Program Files (x86)/GCC/Arm GNU Toolchain arm-none-eabi/13.2 Rel1/bin/../lib/gcc/arm-none-eabi/13.2.1/thumb/v8-m.main+dp/hard\libnosys.a(lseek.o)
                0x0200666c                _lseek
 .text._read    0x0200667c       0x10 C:/Program Files (x86)/GCC/Arm GNU Toolchain arm-none-eabi/13.2 Rel1/bin/../lib/gcc/arm-none-eabi/13.2.1/thumb/v8-m.main+dp/hard\libnosys.a(read.o)
                0x0200667c                _read
 *fill*         0x0200668c        0x4 
 .text._read.__stub
                0x02006690        0x8 linker stubs
 *(.rodata*)
 .rodata.coremain.str1.4
                0x02006698      0x5f5 ./src/coremark/core_main.o
                                0x42c (size before relaxing)
 .rodata.str1.4
                0x02006c8d       0xad ./src/coremark/core_state.o
 *fill*         0x02006c8d        0x3 
 .rodata.errpat
                0x02006c90       0x10 ./src/coremark/core_state.o
 .rodata.scipat
                0x02006ca0       0x10 ./src/coremark/core_state.o
 .rodata.floatpat
                0x02006cb0       0x10 ./src/coremark/core_state.o
 .rodata.intpat
                0x02006cc0       0x10 ./src/coremark/core_state.o
 .rodata.check_mpu_configuration.str1.4
                0x02006cd0       0x59 ./src/hal_entry.o
 .rodata.hal_entry.str1.4
                0x02006cd0       0xb9 ./src/hal_entry.o
 .rodata.__FUNCTION__.0
                0x02006cd0        0xa ./src/hal_entry.o
 *fill*         0x02006cda        0x2 
 .rodata.g_uart9_cfg
                0x02006cdc       0x20 ./ra_gen/hal_data.o
                0x02006cdc                g_uart9_cfg
 .rodata.g_uart9_cfg_extend
                0x02006cfc       0x14 ./ra_gen/hal_data.o
                0x02006cfc                g_uart9_cfg_extend
 .rodata.g_bsp_pin_cfg
                0x02006d10        0xc ./ra_gen/pin_data.o
                0x02006d10                g_bsp_pin_cfg
 .rodata.g_bsp_pin_cfg_data
                0x02006d1c      0x570 ./ra_gen/pin_data.o
                0x02006d1c                g_bsp_pin_cfg_data
 .rodata.g_interrupt_event_link_select
                0x0200728c        0x8 ./ra_gen/vector_data.o
                0x0200728c                g_interrupt_event_link_select
 .rodata.g_init_info
                0x02007294       0x18 ./ra/fsp/src/bsp/mcu/ra8t2/bsp_linker.o
                0x02007294                g_init_info
 .rodata.nocache_list
                0x020072ac       0x20 ./ra/fsp/src/bsp/mcu/ra8t2/bsp_linker.o
 .rodata.copy_list
                0x020072cc      0x180 ./ra/fsp/src/bsp/mcu/ra8t2/bsp_linker.o
 .rodata.zero_list
                0x0200744c       0x78 ./ra/fsp/src/bsp/mcu/ra8t2/bsp_linker.o
 .rodata.g_prcr_masks
                0x020074c4        0xa ./ra/fsp/src/bsp/mcu/all/bsp_register_protection.o
 .rodata._printf_float.str1.1
                0x020074ce      0x137 C:/Program Files (x86)/GCC/Arm GNU Toolchain arm-none-eabi/13.2 Rel1/bin/../lib/gcc/arm-none-eabi/13.2.1/thumb/v8-m.main+dp/hard\libg_nano.a(libc_a-nano-vfprintf_float.o)
                                 0x12 (size before relaxing)
 .rodata._printf_i.str1.1
                0x02007605       0x22 C:/Program Files (x86)/GCC/Arm GNU Toolchain arm-none-eabi/13.2 Rel1/bin/../lib/gcc/arm-none-eabi/13.2.1/thumb/v8-m.main+dp/hard\libg_nano.a(libc_a-nano-vfprintf_i.o)
 .rodata._dtoa_r.str1.1
                0x02007605       0x90 C:/Program Files (x86)/GCC/Arm GNU Toolchain arm-none-eabi/13.2 Rel1/bin/../lib/gcc/arm-none-eabi/13.2.1/thumb/v8-m.main+dp/hard\libg_nano.a(libc_a-dtoa.o)
 .rodata._Balloc.str1.1
                0x02007605       0x71 C:/Program Files (x86)/GCC/Arm GNU Toolchain arm-none-eabi/13.2 Rel1/bin/../lib/gcc/arm-none-eabi/13.2.1/thumb/v8-m.main+dp/hard\libg_nano.a(libc_a-mprec.o)
 .rodata.__multadd.str1.1
                0x02007605       0x11 C:/Program Files (x86)/GCC/Arm GNU Toolchain arm-none-eabi/13.2 Rel1/bin/../lib/gcc/arm-none-eabi/13.2.1/thumb/v8-m.main+dp/hard\libg_nano.a(libc_a-mprec.o)
 *fill*         0x02007605        0x3 
 .rodata.p05.0  0x02007608        0xc C:/Program Files (x86)/GCC/Arm GNU Toolchain arm-none-eabi/13.2 Rel1/bin/../lib/gcc/arm-none-eabi/13.2.1/thumb/v8-m.main+dp/hard\libg_nano.a(libc_a-mprec.o)
 *fill*         0x02007614        0x4 
 .rodata.__mprec_bigtens
                0x02007618       0x28 C:/Program Files (x86)/GCC/Arm GNU Toolchain arm-none-eabi/13.2 Rel1/bin/../lib/gcc/arm-none-eabi/13.2.1/thumb/v8-m.main+dp/hard\libg_nano.a(libc_a-mprec.o)
                0x02007618                __mprec_bigtens
 .rodata.__mprec_tens
                0x02007640       0xc8 C:/Program Files (x86)/GCC/Arm GNU Toolchain arm-none-eabi/13.2 Rel1/bin/../lib/gcc/arm-none-eabi/13.2.1/thumb/v8-m.main+dp/hard\libg_nano.a(libc_a-mprec.o)
                0x02007640                __mprec_tens
 .rodata._vfprintf_r.str1.1
                0x02007708       0x11 C:/Program Files (x86)/GCC/Arm GNU Toolchain arm-none-eabi/13.2 Rel1/bin/../lib/gcc/arm-none-eabi/13.2.1/thumb/v8-m.main+dp/hard\libg_nano.a(libc_a-nano-vfprintf.o)
 .rodata._setlocale_r.str1.1
                0x02007708        0x9 C:/Program Files (x86)/GCC/Arm GNU Toolchain arm-none-eabi/13.2 Rel1/bin/../lib/gcc/arm-none-eabi/13.2.1/thumb/v8-m.main+dp/hard\libg_nano.a(libc_a-locale.o)
 .rodata.str1.1
                0x02007708        0x2 C:/Program Files (x86)/GCC/Arm GNU Toolchain arm-none-eabi/13.2 Rel1/bin/../lib/gcc/arm-none-eabi/13.2.1/thumb/v8-m.main+dp/hard\libg_nano.a(libc_a-locale.o)
 .rodata._ctype_
                0x02007708      0x101 C:/Program Files (x86)/GCC/Arm GNU Toolchain arm-none-eabi/13.2 Rel1/bin/../lib/gcc/arm-none-eabi/13.2.1/thumb/v8-m.main+dp/hard\libg_nano.a(libc_a-ctype_.o)
                0x02007708                _ctype_
 *(.mcuboot_sce9_key)
 *(.version)
 *fill*         0x02007809        0x3 
 .version       0x0200780c       0x50 ./ra/fsp/src/bsp/mcu/all/bsp_common.o
                0x0200785c                        __flash_readonly$$Limit = .

.glue_7         0x0200785c        0x0
 .glue_7        0x0200785c        0x0 linker stubs

.glue_7t        0x0200785c        0x0
 .glue_7t       0x0200785c        0x0 linker stubs

.vfp11_veneer   0x0200785c        0x0
 .vfp11_veneer  0x0200785c        0x0 linker stubs

.v4_bx          0x0200785c        0x0
 .v4_bx         0x0200785c        0x0 linker stubs

.iplt           0x0200785c        0x0
 .iplt          0x0200785c        0x0 C:/Program Files (x86)/GCC/Arm GNU Toolchain arm-none-eabi/13.2 Rel1/bin/../lib/gcc/arm-none-eabi/13.2.1/thumb/v8-m.main+dp/hard/crtfastmath.o

.init           0x0200785c        0x4
 .init          0x0200785c        0x4 C:/Program Files (x86)/GCC/Arm GNU Toolchain arm-none-eabi/13.2 Rel1/bin/../lib/gcc/arm-none-eabi/13.2.1/thumb/v8-m.main+dp/hard/crti.o
                0x0200785c                _init

.fini           0x02007860        0x4
 .fini          0x02007860        0x4 C:/Program Files (x86)/GCC/Arm GNU Toolchain arm-none-eabi/13.2 Rel1/bin/../lib/gcc/arm-none-eabi/13.2.1/thumb/v8-m.main+dp/hard/crti.o
                0x02007860                _fini

__flash_ctor$$
 *crtbegin.o(.ctors)
 *crtbegin?.o(.ctors)
 EXCLUDE_FILE(*crtend.o *crtend?.o) *(.ctors)
 *(SORT_BY_NAME(.ctors.*))
 *(.ctors)
 *crtbegin.o(.dtors)
 *crtbegin?.o(.dtors)
 EXCLUDE_FILE(*crtend.o *crtend?.o) *(.dtors)
 *(SORT_BY_NAME(.dtors.*))
 *(.dtors)

__flash_preinit_array$$
                0x02007864        0x0
                0x02007864                        __preinit_array_start = .
 *(.preinit_array)
                0x02007864                        __preinit_array_end = .

__flash_.got$$
 *(.got.plt)
 *(.got)

__flash_init_array$$
                0x02007864        0x8
                0x02007864                        __init_array_start = .
 *(SORT_BY_NAME(.init_array.*))
 *(.init_array)
 .init_array    0x02007864        0x4 C:/Program Files (x86)/GCC/Arm GNU Toolchain arm-none-eabi/13.2 Rel1/bin/../lib/gcc/arm-none-eabi/13.2.1/thumb/v8-m.main+dp/hard/crtfastmath.o
 .init_array    0x02007868        0x4 C:/Program Files (x86)/GCC/Arm GNU Toolchain arm-none-eabi/13.2 Rel1/bin/../lib/gcc/arm-none-eabi/13.2.1/thumb/v8-m.main+dp/hard/crtbegin.o
                0x0200786c                        __init_array_end = .

__flash_fini_array$$
                0x0200786c        0x4
                0x0200786c                        __fini_array_start = .
 *(SORT_BY_NAME(.fini_array.*))
 *(.fini_array)
 .fini_array    0x0200786c        0x4 C:/Program Files (x86)/GCC/Arm GNU Toolchain arm-none-eabi/13.2 Rel1/bin/../lib/gcc/arm-none-eabi/13.2.1/thumb/v8-m.main+dp/hard/crtbegin.o
                0x02007870                        __fini_array_end = .

.igot.plt       0x02007870        0x0
 .igot.plt      0x02007870        0x0 C:/Program Files (x86)/GCC/Arm GNU Toolchain arm-none-eabi/13.2 Rel1/bin/../lib/gcc/arm-none-eabi/13.2.1/thumb/v8-m.main+dp/hard/crtfastmath.o

.tm_clone_table
                0x22008430        0x0 load address 0x02007870
 .tm_clone_table
                0x22008430        0x0 C:/Program Files (x86)/GCC/Arm GNU Toolchain arm-none-eabi/13.2 Rel1/bin/../lib/gcc/arm-none-eabi/13.2.1/thumb/v8-m.main+dp/hard/crtbegin.o
 .tm_clone_table
                0x22008430        0x0 C:/Program Files (x86)/GCC/Arm GNU Toolchain arm-none-eabi/13.2 Rel1/bin/../lib/gcc/arm-none-eabi/13.2.1/thumb/v8-m.main+dp/hard/crtend.o

__flash_arm.extab$$
 *(.ARM.extab*)
 *(.gnu.linkonce.armextab.*)

__flash_arm.exidx$$
                0x02007870        0x8
                0x02007870                        __exidx_start = .
 *(.ARM.exidx*)
 .ARM.exidx     0x02007870        0x8 C:/Program Files (x86)/GCC/Arm GNU Toolchain arm-none-eabi/13.2 Rel1/bin/../lib/gcc/arm-none-eabi/13.2.1/thumb/v8-m.main+dp/hard\libg_nano.a(libc_a-strlen.o)
 *(.gnu.linkonce.armexidx.*)
                0x02007878                        __exidx_end = .

.flash.endof    0x02008000        0x0
                0x02008000                        __ddsc_FLASH_END = .

.flash.flat_nsc
                0x02008000        0x0
                0x02008000                        __sau_ddsc_FLASH_NSC = .

.option_setting_ofs0.startof
                0x02c9f040        0x0
                0x02c9f040                        __ddsc_OPTION_SETTING_OFS0_START = .

__option_setting_ofs0_reg$$
                0x02c9f040        0x4
                0x02c9f040                        __option_setting_ofs0_reg$$Base = .
 *(.option_setting_ofs0)
 .option_setting_ofs0
                0x02c9f040        0x4 ./ra/fsp/src/bsp/mcu/ra8t2/bsp_linker.o
                0x02c9f044                        __option_setting_ofs0_reg$$Limit = .

.option_setting_ofs0.endof
                0x02c9f044        0x0
                0x02c9f044                        __ddsc_OPTION_SETTING_OFS0_END = .

.option_setting_ofs2.startof
                0x02c9f044        0x0
                0x02c9f044                        __ddsc_OPTION_SETTING_OFS2_START = .

__option_setting_ofs2_reg$$
                0x02c9f044        0x4
                0x02c9f044                        __option_setting_ofs2_reg$$Base = .
 *(.option_setting_ofs2)
 .option_setting_ofs2
                0x02c9f044        0x4 ./ra/fsp/src/bsp/mcu/ra8t2/bsp_linker.o
                0x02c9f048                        __option_setting_ofs2_reg$$Limit = .

.option_setting_ofs2.endof
                0x02c9f048        0x0
                0x02c9f048                        __ddsc_OPTION_SETTING_OFS2_END = .

.option_setting_sas.startof
                0x02c9f074        0x0
                0x02c9f074                        __ddsc_OPTION_SETTING_SAS_START = .

__option_setting_sas_reg$$
                0x02c9f074        0x0
                0x02c9f074                        __option_setting_sas_reg$$Base = .
 *(.option_setting_sas)
                0x02c9f074                        __option_setting_sas_reg$$Limit = .

.option_setting_sas.endof
                0x02c9f074        0x0
                0x02c9f074                        __ddsc_OPTION_SETTING_SAS_END = .

.option_setting_ofs1.startof
                0x12c9f4c0        0x0
                0x12c9f4c0                        __ddsc_OPTION_SETTING_OFS1_START = .

__option_setting_ofs1_reg$$
                0x12c9f4c0        0x0
                0x12c9f4c0                        __option_setting_ofs1_reg$$Base = .
 *(.option_setting_ofs1)
                0x12c9f4c0                        __option_setting_ofs1_reg$$Limit = .

.option_setting_ofs1.endof
                0x12c9f4c0        0x0
                0x12c9f4c0                        __ddsc_OPTION_SETTING_OFS1_END = .

.option_setting_ofs1_sec.startof
                0x02c9f0c0        0x0
                0x02c9f0c0                        __ddsc_OPTION_SETTING_OFS1_SEC_START = .

__option_setting_ofs1_sec_reg$$
                0x02c9f0c0        0x4
                0x02c9f0c0                        __option_setting_ofs1_sec_reg$$Base = .
 *(.option_setting_ofs1_sec)
 .option_setting_ofs1_sec
                0x02c9f0c0        0x4 ./ra/fsp/src/bsp/mcu/ra8t2/bsp_linker.o
                0x02c9f0c4                        __option_setting_ofs1_sec_reg$$Limit = .

.option_setting_ofs1_sec.endof
                0x02c9f0c4        0x0
                0x02c9f0c4                        __ddsc_OPTION_SETTING_OFS1_SEC_END = .

.option_setting_ofs1_sel.startof
                0x02c9f120        0x0
                0x02c9f120                        __ddsc_OPTION_SETTING_OFS1_SEL_START = .

__option_setting_ofs1_sel_reg$$
                0x02c9f120        0x4
                0x02c9f120                        __option_setting_ofs1_sel_reg$$Base = .
 *(.option_setting_ofs1_sel)
 .option_setting_ofs1_sel
                0x02c9f120        0x4 ./ra/fsp/src/bsp/mcu/ra8t2/bsp_linker.o
                0x02c9f124                        __option_setting_ofs1_sel_reg$$Limit = .

.option_setting_ofs1_sel.endof
                0x02c9f124        0x0
                0x02c9f124                        __ddsc_OPTION_SETTING_OFS1_SEL_END = .

.option_setting_ofs3.startof
                0x12c9f4c4        0x0
                0x12c9f4c4                        __ddsc_OPTION_SETTING_OFS3_START = .

__option_setting_ofs3_reg$$
                0x12c9f4c4        0x0
                0x12c9f4c4                        __option_setting_ofs3_reg$$Base = .
 *(.option_setting_ofs3)
                0x12c9f4c4                        __option_setting_ofs3_reg$$Limit = .

.option_setting_ofs3.endof
                0x12c9f4c4        0x0
                0x12c9f4c4                        __ddsc_OPTION_SETTING_OFS3_END = .

.option_setting_ofs3_sec.startof
                0x02c9f0c4        0x0
                0x02c9f0c4                        __ddsc_OPTION_SETTING_OFS3_SEC_START = .

__option_setting_ofs3_sec_reg$$
                0x02c9f0c4        0x4
                0x02c9f0c4                        __option_setting_ofs3_sec_reg$$Base = .
 *(.option_setting_ofs3_sec)
 .option_setting_ofs3_sec
                0x02c9f0c4        0x4 ./ra/fsp/src/bsp/mcu/ra8t2/bsp_linker.o
                0x02c9f0c8                        __option_setting_ofs3_sec_reg$$Limit = .

.option_setting_ofs3_sec.endof
                0x02c9f0c8        0x0
                0x02c9f0c8                        __ddsc_OPTION_SETTING_OFS3_SEC_END = .

.option_setting_ofs3_sel.startof
                0x02c9f124        0x0
                0x02c9f124                        __ddsc_OPTION_SETTING_OFS3_SEL_START = .

__option_setting_ofs3_sel_reg$$
                0x02c9f124        0x4
                0x02c9f124                        __option_setting_ofs3_sel_reg$$Base = .
 *(.option_setting_ofs3_sel)
 .option_setting_ofs3_sel
                0x02c9f124        0x4 ./ra/fsp/src/bsp/mcu/ra8t2/bsp_linker.o
                0x02c9f128                        __option_setting_ofs3_sel_reg$$Limit = .

.eh_frame       0x02c9f128        0x0
 .eh_frame      0x02c9f128        0x0 C:/Program Files (x86)/GCC/Arm GNU Toolchain arm-none-eabi/13.2 Rel1/bin/../lib/gcc/arm-none-eabi/13.2.1/thumb/v8-m.main+dp/hard/crtbegin.o

.rel.dyn        0x02c9f128        0x0
 .rel.iplt      0x02c9f128        0x0 C:/Program Files (x86)/GCC/Arm GNU Toolchain arm-none-eabi/13.2 Rel1/bin/../lib/gcc/arm-none-eabi/13.2.1/thumb/v8-m.main+dp/hard/crtfastmath.o

.option_setting_ofs3_sel.endof
                0x02c9f128        0x0
                0x02c9f128                        __ddsc_OPTION_SETTING_OFS3_SEL_END = .

.option_setting_bps.startof
                0x12c9f600        0x0
                0x12c9f600                        __ddsc_OPTION_SETTING_BPS_START = .

__option_setting_bps_reg$$
                0x12c9f600        0x0
                0x12c9f600                        __option_setting_bps_reg$$Base = .
 *(.option_setting_bps)
                0x12c9f600                        __option_setting_bps_reg$$Limit = .

.option_setting_bps.endof
                0x12c9f600        0x0
                0x12c9f600                        __ddsc_OPTION_SETTING_BPS_END = .

.option_setting_bps_sec.startof
                0x02c9f200        0x0
                0x02c9f200                        __ddsc_OPTION_SETTING_BPS_SEC_START = .

__option_setting_bps_sec_reg$$
                0x02c9f200        0x0
                0x02c9f200                        __option_setting_bps_sec_reg$$Base = .
 *(.option_setting_bps_sec)
                0x02c9f200                        __option_setting_bps_sec_reg$$Limit = .

.option_setting_bps_sec.endof
                0x02c9f200        0x0
                0x02c9f200                        __ddsc_OPTION_SETTING_BPS_SEC_END = .

.option_setting_otp_fsblctrl0.startof
                0x02e07600        0x0
                0x02e07600                        __ddsc_OPTION_SETTING_OTP_FSBLCTRL0_START = .

__option_setting_otp_fsblctrl0_reg$$
                0x02e07600        0x0
                0x02e07600                        __option_setting_otp_fsblctrl0_reg$$Base = .
 *(.option_setting_otp_fsblctrl0)
                0x02e07600                        __option_setting_otp_fsblctrl0_reg$$Limit = .

.option_setting_otp_fsblctrl0.endof
                0x02e07600        0x0
                0x02e07600                        __ddsc_OPTION_SETTING_OTP_FSBLCTRL0_END = .

.option_setting_otp_fsblctrl1.startof
                0x02e07604        0x0
                0x02e07604                        __ddsc_OPTION_SETTING_OTP_FSBLCTRL1_START = .

__option_setting_otp_fsblctrl1_reg$$
                0x02e07604        0x0
                0x02e07604                        __option_setting_otp_fsblctrl1_reg$$Base = .
 *(.option_setting_otp_fsblctrl1)
                0x02e07604                        __option_setting_otp_fsblctrl1_reg$$Limit = .

.option_setting_otp_fsblctrl1.endof
                0x02e07604        0x0
                0x02e07604                        __ddsc_OPTION_SETTING_OTP_FSBLCTRL1_END = .

.option_setting_otp_fsblctrl2.startof
                0x02e07608        0x0
                0x02e07608                        __ddsc_OPTION_SETTING_OTP_FSBLCTRL2_START = .

__option_setting_otp_fsblctrl2_reg$$
                0x02e07608        0x0
                0x02e07608                        __option_setting_otp_fsblctrl2_reg$$Base = .
 *(.option_setting_otp_fsblctrl2)
                0x02e07608                        __option_setting_otp_fsblctrl2_reg$$Limit = .

.option_setting_otp_fsblctrl2.endof
                0x02e07608        0x0
                0x02e07608                        __ddsc_OPTION_SETTING_OTP_FSBLCTRL2_END = .

.option_setting_otp_samr.startof
                0x02e07614        0x0
                0x02e07614                        __ddsc_OPTION_SETTING_OTP_SAMR_START = .

__option_setting_otp_samr_reg$$
                0x02e07614        0x0
                0x02e07614                        __option_setting_otp_samr_reg$$Base = .
 *(.option_setting_otp_samr)
                0x02e07614                        __option_setting_otp_samr_reg$$Limit = .

.option_setting_otp_samr.endof
                0x02e07614        0x0
                0x02e07614                        __ddsc_OPTION_SETTING_OTP_SAMR_END = .

.option_setting_otp_sacc00.startof
                0x02e07620        0x0
                0x02e07620                        __ddsc_OPTION_SETTING_OTP_SACC00_START = .

__option_setting_otp_sacc00_reg$$
                0x02e07620        0x0
                0x02e07620                        __option_setting_otp_sacc00_reg$$Base = .
 *(.option_setting_otp_sacc00)
                0x02e07620                        __option_setting_otp_sacc00_reg$$Limit = .

.option_setting_otp_sacc00.endof
                0x02e07620        0x0
                0x02e07620                        __ddsc_OPTION_SETTING_OTP_SACC00_END = .

.option_setting_otp_sacc10.startof
                0x02e07630        0x0
                0x02e07630                        __ddsc_OPTION_SETTING_OTP_SACC10_START = .

__option_setting_otp_sacc10_reg$$
                0x02e07630        0x0
                0x02e07630                        __option_setting_otp_sacc10_reg$$Base = .
 *(.option_setting_otp_sacc10)
                0x02e07630                        __option_setting_otp_sacc10_reg$$Limit = .

.option_setting_otp_sacc10.endof
                0x02e07630        0x0
                0x02e07630                        __ddsc_OPTION_SETTING_OTP_SACC10_END = .

.option_setting_otp_sacc01.startof
                0x02e07640        0x0
                0x02e07640                        __ddsc_OPTION_SETTING_OTP_SACC01_START = .

__option_setting_otp_sacc01_reg$$
                0x02e07640        0x0
                0x02e07640                        __option_setting_otp_sacc01_reg$$Base = .
 *(.option_setting_otp_sacc01)
                0x02e07640                        __option_setting_otp_sacc01_reg$$Limit = .

.option_setting_otp_sacc01.endof
                0x02e07640        0x0
                0x02e07640                        __ddsc_OPTION_SETTING_OTP_SACC01_END = .

.option_setting_otp_sacc11.startof
                0x02e07650        0x0
                0x02e07650                        __ddsc_OPTION_SETTING_OTP_SACC11_START = .

__option_setting_otp_sacc11_reg$$
                0x02e07650        0x0
                0x02e07650                        __option_setting_otp_sacc11_reg$$Base = .
 *(.option_setting_otp_sacc11)
                0x02e07650                        __option_setting_otp_sacc11_reg$$Limit = .

.option_setting_otp_sacc11.endof
                0x02e07650        0x0
                0x02e07650                        __ddsc_OPTION_SETTING_OTP_SACC11_END = .

.option_setting_otp_sacc02.startof
                0x02e07660        0x0
                0x02e07660                        __ddsc_OPTION_SETTING_OTP_SACC02_START = .

__option_setting_otp_sacc02_reg$$
                0x02e07660        0x0
                0x02e07660                        __option_setting_otp_sacc02_reg$$Base = .
 *(.option_setting_otp_sacc02)
                0x02e07660                        __option_setting_otp_sacc02_reg$$Limit = .

.option_setting_otp_sacc02.endof
                0x02e07660        0x0
                0x02e07660                        __ddsc_OPTION_SETTING_OTP_SACC02_END = .

.option_setting_otp_sacc12.startof
                0x02e07670        0x0
                0x02e07670                        __ddsc_OPTION_SETTING_OTP_SACC12_START = .

__option_setting_otp_sacc12_reg$$
                0x02e07670        0x0
                0x02e07670                        __option_setting_otp_sacc12_reg$$Base = .
 *(.option_setting_otp_sacc12)
                0x02e07670                        __option_setting_otp_sacc12_reg$$Limit = .

.option_setting_otp_sacc12.endof
                0x02e07670        0x0
                0x02e07670                        __ddsc_OPTION_SETTING_OTP_SACC12_END = .

.option_setting_otp_sacc03.startof
                0x02e07680        0x0
                0x02e07680                        __ddsc_OPTION_SETTING_OTP_SACC03_START = .

__option_setting_otp_sacc03_reg$$
                0x02e07680        0x0
                0x02e07680                        __option_setting_otp_sacc03_reg$$Base = .
 *(.option_setting_otp_sacc03)
                0x02e07680                        __option_setting_otp_sacc03_reg$$Limit = .

.option_setting_otp_sacc03.endof
                0x02e07680        0x0
                0x02e07680                        __ddsc_OPTION_SETTING_OTP_SACC03_END = .

.option_setting_otp_sacc13.startof
                0x02e07690        0x0
                0x02e07690                        __ddsc_OPTION_SETTING_OTP_SACC13_START = .

__option_setting_otp_sacc13_reg$$
                0x02e07690        0x0
                0x02e07690                        __option_setting_otp_sacc13_reg$$Base = .
 *(.option_setting_otp_sacc13)
                0x02e07690                        __option_setting_otp_sacc13_reg$$Limit = .

.option_setting_otp_sacc13.endof
                0x02e07690        0x0
                0x02e07690                        __ddsc_OPTION_SETTING_OTP_SACC13_END = .

.option_setting_otp_pbps_sec.startof
                0x02e17700        0x0
                0x02e17700                        __ddsc_OPTION_SETTING_OTP_PBPS_SEC_START = .

__option_setting_otp_pbps_sec_reg$$
                0x02e17700        0x0
                0x02e17700                        __option_setting_otp_pbps_sec_reg$$Base = .
 *(.option_setting_otp_pbps_sec)
                0x02e17700                        __option_setting_otp_pbps_sec_reg$$Limit = .

.option_setting_otp_pbps_sec.endof
                0x02e17700        0x0
                0x02e17700                        __ddsc_OPTION_SETTING_OTP_PBPS_SEC_END = .

.option_setting_otp_pbps.startof
                0x12e17780        0x0
                0x12e17780                        __ddsc_OPTION_SETTING_OTP_PBPS_START = .

__option_setting_otp_pbps_reg$$
                0x12e17780        0x0
                0x12e17780                        __option_setting_otp_pbps_reg$$Base = .
 *(.option_setting_otp_pbps)
                0x12e17780                        __option_setting_otp_pbps_reg$$Limit = .

.option_setting_otp_pbps.endof
                0x12e17780        0x0
                0x12e17780                        __ddsc_OPTION_SETTING_OTP_PBPS_END = .

.option_setting_otp_zhuk.startof
                0x02e17920        0x0